<html>
<body>
<pre>
<h1>µVision Build Log</h1>
<h2>Tool Versions:</h2>
IDE-Version: µVision V5.23.0.0
Copyright (C) 2017 ARM Ltd and ARM Germany GmbH. All rights reserved.
License Information: testing testing, testing, LIC=UB430-BIDC5-ZCJJY-IS0S3-QK6DD-ANBKX
 
Tool Versions:
Toolchain:       MDK-ARM Professional  Version: 5.23
Toolchain Path:  C:\Keil_v5\ARM\ARMCC\Bin
C Compiler:      Armcc.exe V5.06 update 4 (build 422)
Assembler:       Armasm.exe V5.06 update 4 (build 422)
Linker/Locator:  ArmLink.exe V5.06 update 4 (build 422)
Library Manager: ArmAr.exe V5.06 update 4 (build 422)
Hex Converter:   FromElf.exe V5.06 update 4 (build 422)
CPU DLL:         SARMCM3.DLL V5.23
Dialog DLL:      DCM.DLL V1.15.0.0
Target DLL:      STLink\ST-LINKIII-KEIL_SWO.dll V2.0.18.0
Dialog DLL:      TCM.DLL V1.27.0.0
 
<h2>Project:</h2>
\\Mac\Home\Desktop\jrbluepillexperimenting\freehandcmsisrtosbluepill.uvprojx
Project File Date:  10/07/2019

<h2>Output:</h2>
*** Using Compiler 'V5.06 update 4 (build 422)', folder: 'C:\Keil_v5\ARM\ARMCC\Bin'
Build target 'Target 1'
creating preprocessor file for main.c...
creating preprocessor file for Thread_LED.c...
creating preprocessor file for Radio.c...
creating preprocessor file for USBD_User_CDC_ACM_0.c...
compiling USBD_User_CDC_ACM_0.c...
USBD_User_CDC_ACM_0.c(124): warning:  #167-D: argument of type "char *" is incompatible with parameter of type "uint8_t *"
        USBD_CDC_ACM_ReadData( 0, datain, len );
USBD_User_CDC_ACM_0.c: 1 warning, 0 errors
creating preprocessor file for RTX_Conf_CM.c...
creating preprocessor file for SPI_STM32F10x.c...
creating preprocessor file for USBD_STM32F10x.c...
creating preprocessor file for retarget_io.c...
creating preprocessor file for misc.c...
creating preprocessor file for stm32f10x_dbgmcu.c...
creating preprocessor file for DMA_STM32F10x.c...
creating preprocessor file for GPIO_STM32F10x.c...
creating preprocessor file for system_stm32f10x.c...
creating preprocessor file for USBD_Config_0.c...
linking...
Program Size: Code=32264 RO-data=1372 RW-data=312 ZI-data=14224  
FromELF: creating hex file...
".\Objects\freehandcmsisrtosbluepill.axf" - 0 Error(s), 1 Warning(s).

<h2>Software Packages used:</h2>

Package Vendor: ARM
                http://www.keil.com/pack/ARM.CMSIS.5.6.0.pack
                ::CMSIS:RTOS:1.0.0 (API)
                CMSIS (Cortex Microcontroller Software Interface Standard)
   * Component: RTOS Version: 1.0.0
   * Component: SPI Version: 2.2.0
   * Component: USB Device Version: 2.2.0
   * Component: CORE Version: 5.3.0
   * Component: Keil RTX Version: 4.82.0

Package Vendor: Keil
                http://www.keil.com/pack/Keil.ARM_Compiler.1.6.1.pack
                Keil.ARM Compiler::Compiler:I/O:STDERR:ITM:1.2.0
                Keil ARM Compiler extensions for ARM Compiler 5 and ARM Compiler 6
   * Component: STDERR Variant: ITM Version: 1.2.0
   * Component: STDIN Variant: ITM Version: 1.2.0
   * Component: STDOUT Variant: ITM Version: 1.2.0

Package Vendor: Keil
                http://www.keil.com/pack/Keil.MDK-Middleware.7.9.0.pack
                Keil.MDK-Pro::USB:CORE:Release:6.13.6
                Middleware for Keil MDK-Professional and MDK-Plus
   * Component: CORE Variant: Release Version: 6.13.6
   * Component: CDC Version: 6.13.6
   * Component: Device Version: 6.13.6

Package Vendor: Keil
                http://www.keil.com/pack/Keil.STM32F1xx_DFP.2.3.0.pack
                Keil::Device:GPIO:1.3
                STMicroelectronics STM32F1 Series Device Support, Drivers and Examples
   * Component: GPIO Version: 1.3
   * Component: SPI Version: 2.2
   * Component: USB Device Version: 2.1
   * Component: DMA Version: 1.2
   * Component: Framework Version: 3.5.1
   * Component: Startup Version: 1.0.0
   * Component: DBGMCU Version: 3.5.0

<h2>Collection of Component include folders:</h2>
  .\RTE\Device\STM32F103C8
  .\RTE\_Target_1
  C:\Keil_v5\ARM\PACK\ARM\CMSIS\5.6.0\CMSIS\Core\Include
  C:\Keil_v5\ARM\PACK\ARM\CMSIS\5.6.0\CMSIS\Driver\Include
  C:\Keil_v5\ARM\PACK\ARM\CMSIS\5.6.0\CMSIS\RTOS\RTX\INC
  C:\Keil_v5\ARM\PACK\Keil\MDK-Middleware\7.9.0\USB\Include
  C:\Keil_v5\ARM\PACK\Keil\STM32F1xx_DFP\2.3.0\Device\Include
  C:\Keil_v5\ARM\PACK\Keil\STM32F1xx_DFP\2.3.0\Device\StdPeriph_Driver\inc
  C:\Keil_v5\ARM\PACK\Keil\STM32F1xx_DFP\2.3.0\RTE_Driver

<h2>Collection of Component Files used:</h2>

   * Component: ::CMSIS:RTOS:1.0.0 (API)

   * Component: ::CMSIS Driver:SPI:2.2.0 (API)
      Include file:  CMSIS\Driver\Include\Driver_SPI.h

   * Component: ::CMSIS Driver:USB Device:2.2.0 (API)
      Include file:  CMSIS\Driver\Include\Driver_USBD.h

   * Component: ARM::CMSIS:CORE:5.3.0

   * Component: ARM::CMSIS:RTOS:Keil RTX:4.82.0
      Source file:   CMSIS\RTOS\RTX\UserCodeTemplates\Thread.c
      Source file:   CMSIS\RTOS\RTX\SRC\ARM\SVC_Table.s
      Source file:   CMSIS\RTOS\RTX\UserCodeTemplates\main.c
      Source file:   CMSIS\RTOS\RTX\UserCodeTemplates\Timer.c
      Source file:   CMSIS\RTOS\RTX\Templates\RTX_Conf_CM.c
      Include file:  CMSIS\RTOS\RTX\UserCodeTemplates\osObjects.h
      Include file:  CMSIS\RTOS\RTX\INC\cmsis_os.h
      Source file:   CMSIS\RTOS\RTX\UserCodeTemplates\MailQueue.c
      Source file:   CMSIS\RTOS\RTX\UserCodeTemplates\MsgQueue.c
      Source file:   CMSIS\RTOS\RTX\UserCodeTemplates\Semaphore.c
      Source file:   CMSIS\RTOS\RTX\UserCodeTemplates\Mutex.c
      Source file:   CMSIS\RTOS\RTX\UserCodeTemplates\MemPool.c
      Library file:  CMSIS\RTOS\RTX\LIB\ARM\RTX_CM3.lib

   * Component: Keil.ARM Compiler::Compiler:I/O:STDERR:ITM:1.2.0
      Source file:   Source\retarget_io.c

   * Component: Keil.ARM Compiler::Compiler:I/O:STDIN:ITM:1.2.0
      Source file:   Source\retarget_io.c

   * Component: Keil.ARM Compiler::Compiler:I/O:STDOUT:ITM:1.2.0
      Source file:   Source\retarget_io.c

   * Component: Keil.MDK-Pro::USB:CORE:Release:6.13.6
      Library file:  USB\Lib\ARM\USB_CM3_L.lib
      Include file:  USB\Include\rl_usb.h

   * Component: Keil.MDK-Pro::USB:Device:CDC:6.13.6
      Source file:   USB\Template\USBD_User_CDC_ACM.c
      Source file:   USB\Template\USBD_User_CDC_ACM_RNDIS_VETH.c
      Source file:   USB\Template\USBD_User_CDC_NCM.c
      Source file:   USB\Template\USBD_User_CDC_ACM_UART.c
      Source file:   USB\Template\USBD_User_CDC_NCM_ETH.c
      Source file:   USB\Config\USBD_Config_CDC.h
      Source file:   USB\Template\USBD_User_CDC_ACM_RNDIS_ETH.c

   * Component: Keil.MDK-Pro::USB:Device:6.13.6
      Source file:   USB\Template\USBD_User_Device.c
      Source file:   USB\Template\USBD_User_Device_SerNum.c
      Source file:   USB\Config\USBD_Config.c

   * Component: Keil::Device:GPIO:1.3
      Source file:   RTE_Driver\GPIO_STM32F10x.c
      Include file:  RTE_Driver\GPIO_STM32F10x.h

   * Component: Keil::CMSIS Driver:SPI:2.2
      Source file:   RTE_Driver\SPI_STM32F10x.c

   * Component: Keil::CMSIS Driver:USB Device:2.1
      Source file:   RTE_Driver\USBD_STM32F10x.c

   * Component: Keil::Device:DMA:1.2
      Include file:  RTE_Driver\DMA_STM32F10x.h
      Source file:   RTE_Driver\DMA_STM32F10x.c

   * Component: Keil::Device:StdPeriph Drivers:Framework:3.5.1
      Source file:   Device\StdPeriph_Driver\templates\stm32f10x_it.c
      Source file:   Device\StdPeriph_Driver\templates\stm32f10x_conf.h
      Include file:  Device\StdPeriph_Driver\templates\stm32f10x_it.h
      Source file:   Device\StdPeriph_Driver\src\misc.c
      Include file:  Device\StdPeriph_Driver\inc\misc.h

   * Component: Keil::Device:Startup:1.0.0
      Source file:   Device\Source\ARM\startup_stm32f10x_md.s
      Include file:  RTE_Driver\Config\RTE_Device.h
      Source file:   Device\Source\system_stm32f10x.c
      Source file:   Device\Source\ARM\STM32F1xx_OPT.s

   * Component: Keil::Device:StdPeriph Drivers:DBGMCU:3.5.0
      Source file:   Device\StdPeriph_Driver\src\stm32f10x_dbgmcu.c
      Include file:  Device\StdPeriph_Driver\inc\stm32f10x_dbgmcu.h
Build Time Elapsed:  00:00:05
</pre>
</body>
</html>
