Component: ARM Compiler 5.06 update 4 (build 422) Tool: armlink [4d35d2]

==============================================================================

Section Cross References

    main.o(i.main) refers to rt_cmsis.o(i.osKernelInitialize) for osKernelInitialize
    main.o(i.main) refers to thread_led.o(i.Init_Thread_LED) for Init_Thread_LED
    main.o(i.main) refers to rt_cmsis.o(i.osKernelStart) for osKernelStart
    main.o(i.main) refers to gpio_stm32f10x.o(i.GPIO_PortClock) for GPIO_PortClock
    main.o(i.main) refers to gpio_stm32f10x.o(i.GPIO_PinConfigure) for GPIO_PinConfigure
    main.o(i.main) refers to usbd_lib_core.o(i.USBD_Initialize) for USBD_Initialize
    main.o(i.main) refers to usbd_lib_core.o(i.USBD_Connect) for USBD_Connect
    main.o(i.main) refers to rt_cmsis.o(i.osSignalSet) for osSignalSet
    main.o(i.main) refers to rt_cmsis.o(i.osDelay) for osDelay
    main.o(i.main) refers to thread_led.o(.data) for tid_Thread_LED
    main.o(i.main) refers to main.o(.data) for delay_val
    thread_led.o(i.Init_Thread_LED) refers to rt_cmsis.o(i.osThreadCreate) for osThreadCreate
    thread_led.o(i.Init_Thread_LED) refers to thread_led.o(.constdata) for os_thread_def_Thread_LED
    thread_led.o(i.Init_Thread_LED) refers to thread_led.o(.data) for tid_Thread_LED
    thread_led.o(i.Thread_LED) refers to rt_cmsis.o(i.osSignalWait) for osSignalWait
    thread_led.o(i.Thread_LED) refers to usbd_lib_cdc.o(i.USBD_CDC_ACM_WriteData) for USBD_CDC_ACM_WriteData
    thread_led.o(.constdata) refers to thread_led.o(i.Thread_LED) for Thread_LED
    usbd_user_cdc_acm_0.o(i.USBD_CDC0_ACM_DataReceived) refers to _printf_percent.o(.ARM.Collect$$_printf_percent$$00000000) for _printf_percent
    usbd_user_cdc_acm_0.o(i.USBD_CDC0_ACM_DataReceived) refers to _printf_d.o(.ARM.Collect$$_printf_percent$$00000009) for _printf_d
    usbd_user_cdc_acm_0.o(i.USBD_CDC0_ACM_DataReceived) refers to _printf_s.o(.ARM.Collect$$_printf_percent$$00000014) for _printf_s
    usbd_user_cdc_acm_0.o(i.USBD_CDC0_ACM_DataReceived) refers to _printf_dec.o(.text) for _printf_int_dec
    usbd_user_cdc_acm_0.o(i.USBD_CDC0_ACM_DataReceived) refers to _printf_str.o(.text) for _printf_str
    usbd_user_cdc_acm_0.o(i.USBD_CDC0_ACM_DataReceived) refers to usbd_lib_cdc.o(i.USBD_CDC_ACM_ReadData) for USBD_CDC_ACM_ReadData
    usbd_user_cdc_acm_0.o(i.USBD_CDC0_ACM_DataReceived) refers to noretval__2printf.o(.text) for __2printf
    usbd_user_cdc_acm_0.o(i.USBD_CDC0_ACM_DataSent) refers to noretval__2printf.o(.text) for __2printf
    usbd_user_cdc_acm_0.o(i.USBD_CDC0_ACM_GetEncapsulatedResponse) refers to noretval__2printf.o(.text) for __2printf
    usbd_user_cdc_acm_0.o(i.USBD_CDC0_ACM_GetLineCoding) refers to noretval__2printf.o(.text) for __2printf
    usbd_user_cdc_acm_0.o(i.USBD_CDC0_ACM_GetLineCoding) refers to usbd_user_cdc_acm_0.o(.data) for cdc_acm_line_coding
    usbd_user_cdc_acm_0.o(i.USBD_CDC0_ACM_Initialize) refers to noretval__2printf.o(.text) for __2printf
    usbd_user_cdc_acm_0.o(i.USBD_CDC0_ACM_Reset) refers to noretval__2printf.o(.text) for __2printf
    usbd_user_cdc_acm_0.o(i.USBD_CDC0_ACM_SendEncapsulatedCommand) refers to noretval__2printf.o(.text) for __2printf
    usbd_user_cdc_acm_0.o(i.USBD_CDC0_ACM_SetControlLineState) refers to noretval__2printf.o(.text) for __2printf
    usbd_user_cdc_acm_0.o(i.USBD_CDC0_ACM_SetLineCoding) refers to _printf_percent.o(.ARM.Collect$$_printf_percent$$00000000) for _printf_percent
    usbd_user_cdc_acm_0.o(i.USBD_CDC0_ACM_SetLineCoding) refers to _printf_d.o(.ARM.Collect$$_printf_percent$$00000009) for _printf_d
    usbd_user_cdc_acm_0.o(i.USBD_CDC0_ACM_SetLineCoding) refers to _printf_dec.o(.text) for _printf_int_dec
    usbd_user_cdc_acm_0.o(i.USBD_CDC0_ACM_SetLineCoding) refers to noretval__2printf.o(.text) for __2printf
    usbd_user_cdc_acm_0.o(i.USBD_CDC0_ACM_SetLineCoding) refers to usbd_user_cdc_acm_0.o(.data) for cdc_acm_line_coding
    usbd_user_cdc_acm_0.o(i.USBD_CDC0_ACM_Uninitialize) refers to noretval__2printf.o(.text) for __2printf
    rh_rf95.o(i.Radio_enableTCXO) refers to rhspidriver.o(i.spiRead) for spiRead
    rh_rf95.o(i.Radio_enableTCXO) refers to rhspidriver.o(i.spiWrite) for spiWrite
    rh_rf95.o(i.Radio_frequencyError) refers to rhspidriver.o(i.spiRead) for spiRead
    rh_rf95.o(i.Radio_frequencyError) refers to rt_memcpy_w.o(.text) for __aeabi_memcpy4
    rh_rf95.o(i.Radio_frequencyError) refers to fflt_clz.o(x$fpl$fflt) for __aeabi_i2f
    rh_rf95.o(i.Radio_frequencyError) refers to fmul.o(x$fpl$fmul) for __aeabi_fmul
    rh_rf95.o(i.Radio_frequencyError) refers to f2d.o(x$fpl$f2d) for __aeabi_f2d
    rh_rf95.o(i.Radio_frequencyError) refers to dmul.o(x$fpl$dmul) for __aeabi_dmul
    rh_rf95.o(i.Radio_frequencyError) refers to dfix.o(x$fpl$dfix) for __aeabi_d2iz
    rh_rf95.o(i.Radio_frequencyError) refers to rh_rf95.o(.constdata) for .constdata
[...]
    USBD_DriverPowerControl                  0x08004069   Thumb Code   100  usbd_lib_drv.o(i.USBD_DriverPowerControl)
    USBD_DriverReadSetupPacket               0x080040d5   Thumb Code   100  usbd_lib_drv.o(i.USBD_DriverReadSetupPacket)
    USBD_Endpoint0_ClearFeatureStall_MSC     0x08004641   Thumb Code     2  usbd_config_0.o(i.USBD_Endpoint0_ClearFeatureStall_MSC)
    USBD_Endpoint0_Out_ADC_ReqToEP           0x08004643   Thumb Code     6  usbd_config_0.o(i.USBD_Endpoint0_Out_ADC_ReqToEP)
    USBD_Endpoint0_Out_ADC_ReqToIF           0x08004649   Thumb Code     6  usbd_config_0.o(i.USBD_Endpoint0_Out_ADC_ReqToIF)
    USBD_Endpoint0_Out_CDC_ReqToIF           0x08004651   Thumb Code   242  usbd_lib_core_cdc.o(i.USBD_Endpoint0_Out_CDC_ReqToIF)
    USBD_Endpoint0_Out_HID_ReqToIF           0x08004755   Thumb Code     6  usbd_config_0.o(i.USBD_Endpoint0_Out_HID_ReqToIF)
    USBD_Endpoint0_ReqGetDescriptor_HID      0x0800475b   Thumb Code     6  usbd_config_0.o(i.USBD_Endpoint0_ReqGetDescriptor_HID)
    USBD_Endpoint0_ReqGetExtProp_CC          0x08004761   Thumb Code     6  usbd_config_0.o(i.USBD_Endpoint0_ReqGetExtProp_CC)
    USBD_Endpoint0_Setup_ADC_ReqToEP         0x08004767   Thumb Code     6  usbd_config_0.o(i.USBD_Endpoint0_Setup_ADC_ReqToEP)
    USBD_Endpoint0_Setup_ADC_ReqToIF         0x0800476d   Thumb Code     6  usbd_config_0.o(i.USBD_Endpoint0_Setup_ADC_ReqToIF)
    USBD_Endpoint0_Setup_CDC_ReqToIF         0x08004775   Thumb Code   802  usbd_lib_core_cdc.o(i.USBD_Endpoint0_Setup_CDC_ReqToIF)
    USBD_Endpoint0_Setup_HID_ReqToIF         0x08004aa9   Thumb Code     6  usbd_config_0.o(i.USBD_Endpoint0_Setup_HID_ReqToIF)
    USBD_Endpoint0_Setup_MSC_ReqToIF         0x08004aaf   Thumb Code     6  usbd_config_0.o(i.USBD_Endpoint0_Setup_MSC_ReqToIF)
    USBD_EndpointStart                       0x08004d49   Thumb Code    94  usbd_config_0.o(i.USBD_EndpointStart)
    USBD_EndpointStop                        0x08004dad   Thumb Code    94  usbd_config_0.o(i.USBD_EndpointStop)
    USBD_Initialize                          0x08005035   Thumb Code   382  usbd_lib_core.o(i.USBD_Initialize)
    USBD_Reset                               0x08005bd5   Thumb Code    46  usbd_config_0.o(i.USBD_Reset)
    USBD_SemaphoreAcquire                    0x08005c31   Thumb Code    38  usbd_config_0.o(i.USBD_SemaphoreAcquire)
    USBD_SemaphoreCreate                     0x08005c59   Thumb Code    88  usbd_config_0.o(i.USBD_SemaphoreCreate)
    USBD_SemaphoreDelete                     0x08005cb9   Thumb Code    22  usbd_config_0.o(i.USBD_SemaphoreDelete)
    USBD_SemaphoreRelease                    0x08005ccf   Thumb Code    22  usbd_config_0.o(i.USBD_SemaphoreRelease)
    USBD_SetConfiguration                    0x08005ce5   Thumb Code     2  usbd_config_0.o(i.USBD_SetConfiguration)
    USBD_SignalDeviceEvent                   0x08005ce9   Thumb Code    10  usbd_lib_drv.o(i.USBD_SignalDeviceEvent)
    USBD_SignalEndpointEvent                 0x08005cf9   Thumb Code    60  usbd_lib_drv.o(i.USBD_SignalEndpointEvent)
    USBD_StatusInStage                       0x08005d41   Thumb Code    10  usbd_lib_core.o(i.USBD_StatusInStage)
    USBD_StatusInStageDone                   0x08005d4b   Thumb Code    16  usbd_lib_core.o(i.USBD_StatusInStageDone)
    USBD_StatusOutStage                      0x08005d5b   Thumb Code    10  usbd_lib_core.o(i.USBD_StatusOutStage)
    USBD_StatusOutStageDone                  0x08005d65   Thumb Code    42  usbd_lib_core.o(i.USBD_StatusOutStageDone)
    USBD_ThreadCreate                        0x08005d95   Thumb Code   108  usbd_config_0.o(i.USBD_ThreadCreate)
    USBD_ThreadFlagsSet                      0x08005e0d   Thumb Code    24  usbd_config_0.o(i.USBD_ThreadFlagsSet)
    USBD_ThreadFlagsWait                     0x08005e25   Thumb Code    42  usbd_config_0.o(i.USBD_ThreadFlagsWait)
    USBD_ThreadTerminate                     0x08005e4f   Thumb Code    22  usbd_config_0.o(i.USBD_ThreadTerminate)
    USB_LP_CAN1_RX0_IRQHandler               0x08005e71   Thumb Code   444  usbd_stm32f10x.o(i.USB_LP_CAN1_RX0_IRQHandler)
    __user_perthread_libspace                0x08006055   Thumb Code    32  rtx_conf_cm.o(i.__user_perthread_libspace)
    _init_box                                0x08006081   Thumb Code    70  rt_membox.o(i._init_box)
    _mutex_acquire                           0x080060c9   Thumb Code    22  rtx_conf_cm.o(i._mutex_acquire)
    _mutex_initialize                        0x080060e9   Thumb Code    34  rtx_conf_cm.o(i._mutex_initialize)
    _mutex_release                           0x08006115   Thumb Code    18  rtx_conf_cm.o(i._mutex_release)
    _sys_close                               0x08006131   Thumb Code    38  retarget_io.o(i._sys_close)
    _sys_flen                                0x08006157   Thumb Code    36  retarget_io.o(i._sys_flen)
    _sys_istty                               0x0800617b   Thumb Code    36  retarget_io.o(i._sys_istty)
    _sys_open                                0x080061a1   Thumb Code    80  retarget_io.o(i._sys_open)
    _sys_seek                                0x08006209   Thumb Code    44  retarget_io.o(i._sys_seek)
    _sys_write                               0x08006235   Thumb Code    88  retarget_io.o(i._sys_write)
    dbg_init                                 0x0800628d   Thumb Code    34  hal_cm.o(i.dbg_init)
    dbg_task_notify                          0x080062bd   Thumb Code    32  hal_cm.o(i.dbg_task_notify)
    dbg_task_switch                          0x080062dd   Thumb Code    16  hal_cm.o(i.dbg_task_switch)
    _fputc$unlocked                          0x080062ed   Thumb Code    26  fputc.o(i.fputc)
    isrMessageGet                            0x08006307   Thumb Code    42  rt_cmsis.o(i.isrMessageGet)
    isrMessagePut                            0x08006331   Thumb Code    44  rt_cmsis.o(i.isrMessagePut)
    isrSemaphoreRelease                      0x0800635d   Thumb Code    40  rt_cmsis.o(i.isrSemaphoreRelease)
    isrSignalSet                             0x08006385   Thumb Code    36  rt_cmsis.o(i.isrSignalSet)
    isr_evt_set                              0x080063a9   Thumb Code    34  rt_event.o(i.isr_evt_set)
    isr_mbx_receive                          0x080063d1   Thumb Code    86  rt_mailbox.o(i.isr_mbx_receive)
    isr_mbx_send                             0x08006427   Thumb Code    14  rt_mailbox.o(i.isr_mbx_send)
    isr_sem_send                             0x08006435   Thumb Code    16  rt_semaphore.o(i.isr_sem_send)
    main                                     0x08006445   Thumb Code   108  main.o(i.main)
    osDelay                                  0x080064bd   Thumb Code    18  rt_cmsis.o(i.osDelay)
    osKernelInitialize                       0x080064d5   Thumb Code    30  rt_cmsis.o(i.osKernelInitialize)
    osKernelStart                            0x080064f9   Thumb Code    98  rt_cmsis.o(i.osKernelStart)
    osMessageGet                             0x08006565   Thumb Code    18  rt_cmsis.o(i.osMessageGet)
    osSemaphoreCreate                        0x0800657d   Thumb Code    36  rt_cmsis.o(i.osSemaphoreCreate)
    osSemaphoreDelete                        0x080065a9   Thumb Code    18  rt_cmsis.o(i.osSemaphoreDelete)
    osSemaphoreRelease                       0x080065c1   Thumb Code    18  rt_cmsis.o(i.osSemaphoreRelease)
    osSemaphoreWait                          0x080065d9   Thumb Code    20  rt_cmsis.o(i.osSemaphoreWait)
    osSignalSet                              0x080065f1   Thumb Code    18  rt_cmsis.o(i.osSignalSet)
    osSignalWait                             0x08006609   Thumb Code    18  rt_cmsis.o(i.osSignalWait)
    osThreadCreate                           0x08006621   Thumb Code    36  rt_cmsis.o(i.osThreadCreate)
    osThreadExit                             0x0800664d   Thumb Code    14  rt_cmsis.o(i.osThreadExit)
    osThreadTerminate                        0x08006665   Thumb Code    18  rt_cmsis.o(i.osThreadTerminate)
    osTimerCall                              0x0800667d   Thumb Code     8  rt_cmsis.o(i.osTimerCall)
    osTimerThread                            0x08006689   Thumb Code    38  rt_cmsis.o(i.osTimerThread)
    os_error                                 0x080066b5   Thumb Code    34  rtx_conf_cm.o(i.os_error)
    os_idle_demon                            0x080066d7   Thumb Code     4  rtx_conf_cm.o(i.os_idle_demon)
    os_tick_init                             0x080066dd   Thumb Code    32  rt_system.o(i.os_tick_init)
    os_tick_irqack                           0x08006705   Thumb Code     2  rt_system.o(i.os_tick_irqack)
    rt_alloc_box                             0x08006707   Thumb Code    26  rt_membox.o(i.rt_alloc_box)
    rt_alloc_mem                             0x08006721   Thumb Code    62  rt_memory.o(i.rt_alloc_mem)
    rt_block                                 0x08006761   Thumb Code    48  rt_task.o(i.rt_block)
    rt_chk_robin                             0x08006799   Thumb Code    60  rt_robin.o(i.rt_chk_robin)
    rt_dec_dly                               0x080067e1   Thumb Code   102  rt_list.o(i.rt_dec_dly)
    rt_dispatch                              0x08006851   Thumb Code    60  rt_task.o(i.rt_dispatch)
    rt_dly_wait                              0x08006895   Thumb Code     6  rt_time.o(i.rt_dly_wait)
    rt_evt_psh                               0x0800689d   Thumb Code    76  rt_event.o(i.rt_evt_psh)
    rt_evt_set                               0x080068ed   Thumb Code    88  rt_event.o(i.rt_evt_set)
    rt_evt_wait                              0x08006949   Thumb Code    56  rt_event.o(i.rt_evt_wait)
    rt_free_box                              0x08006985   Thumb Code    44  rt_membox.o(i.rt_free_box)
    rt_free_mem                              0x080069b1   Thumb Code    40  rt_memory.o(i.rt_free_mem)
    rt_get_first                             0x080069d9   Thumb Code    40  rt_list.o(i.rt_get_first)
    rt_init_mem                              0x08006a51   Thumb Code    26  rt_memory.o(i.rt_init_mem)
    rt_init_robin                            0x08006a6d   Thumb Code    14  rt_robin.o(i.rt_init_robin)
    rt_init_stack                            0x08006a85   Thumb Code   118  hal_cm.o(i.rt_init_stack)
    rt_mbx_check                             0x08006b05   Thumb Code     8  rt_mailbox.o(i.rt_mbx_check)
    rt_mbx_init                              0x08006b0d   Thumb Code    26  rt_mailbox.o(i.rt_mbx_init)
    rt_mbx_psh                               0x08006b29   Thumb Code   236  rt_mailbox.o(i.rt_mbx_psh)
    rt_mbx_wait                              0x08006c19   Thumb Code   174  rt_mailbox.o(i.rt_mbx_wait)
    rt_mut_init                              0x08006d11   Thumb Code    16  rt_mutex.o(i.rt_mut_init)
    rt_mut_release                           0x08006d21   Thumb Code   208  rt_mutex.o(i.rt_mut_release)
    rt_mut_wait                              0x08006df9   Thumb Code   114  rt_mutex.o(i.rt_mut_wait)
    rt_pop_req                               0x08006e71   Thumb Code   112  rt_system.o(i.rt_pop_req)
    rt_psh_req                               0x08006eed   Thumb Code    22  rt_system.o(i.rt_psh_req)
    rt_psq_enq                               0x08006f0d   Thumb Code    88  rt_list.o(i.rt_psq_enq)
    rt_put_dly                               0x08006f69   Thumb Code    68  rt_list.o(i.rt_put_dly)
    rt_put_prio                              0x08006fb1   Thumb Code    54  rt_list.o(i.rt_put_prio)
    rt_put_rdy_first                         0x08006fe9   Thumb Code    14  rt_list.o(i.rt_put_rdy_first)
    rt_resort_prio                           0x08006ffd   Thumb Code    46  rt_list.o(i.rt_resort_prio)
    rt_ret_val                               0x08007031   Thumb Code     6  hal_cm.o(i.rt_ret_val)
    rt_ret_val2                              0x08007037   Thumb Code     8  hal_cm.o(i.rt_ret_val2)
    rt_rmv_dly                               0x0800703f   Thumb Code    40  rt_list.o(i.rt_rmv_dly)
    rt_rmv_list                              0x08007069   Thumb Code    44  rt_list.o(i.rt_rmv_list)
    rt_sem_delete                            0x08007099   Thumb Code    84  rt_semaphore.o(i.rt_sem_delete)
    rt_sem_init                              0x080070f5   Thumb Code    12  rt_semaphore.o(i.rt_sem_init)
    rt_sem_psh                               0x08007101   Thumb Code    48  rt_semaphore.o(i.rt_sem_psh)
    rt_sem_send                              0x08007135   Thumb Code    42  rt_semaphore.o(i.rt_sem_send)
    rt_sem_wait                              0x08007161   Thumb Code    58  rt_semaphore.o(i.rt_sem_wait)
    rt_stk_check                             0x080071a1   Thumb Code    28  rt_system.o(i.rt_stk_check)
    rt_switch_req                            0x080071c5   Thumb Code    30  rt_task.o(i.rt_switch_req)
    rt_sys_init                              0x080071ed   Thumb Code   138  rt_task.o(i.rt_sys_init)
    rt_sys_start                             0x080072b9   Thumb Code   110  rt_task.o(i.rt_sys_start)
    rt_systick                               0x08007331   Thumb Code    50  rt_system.o(i.rt_systick)
    rt_tsk_create                            0x080073b9   Thumb Code   118  rt_task.o(i.rt_tsk_create)
    rt_tsk_delete                            0x08007441   Thumb Code   352  rt_task.o(i.rt_tsk_delete)
    rt_tsk_prio                              0x080075bd   Thumb Code   108  rt_task.o(i.rt_tsk_prio)
    rt_tsk_self                              0x08007639   Thumb Code    12  rt_task.o(i.rt_tsk_self)
    svcDelay                                 0x08007661   Thumb Code    18  rt_cmsis.o(i.svcDelay)
    svcKernelInitialize                      0x08007675   Thumb Code    80  rt_cmsis.o(i.svcKernelInitialize)
    svcKernelStart                           0x080076e5   Thumb Code    62  rt_cmsis.o(i.svcKernelStart)
    svcMessageCreate                         0x0800772d   Thumb Code    36  rt_cmsis.o(i.svcMessageCreate)
    svcMessageGet                            0x08007751   Thumb Code    58  rt_cmsis.o(i.svcMessageGet)
    svcSemaphoreCreate                       0x0800778b   Thumb Code    36  rt_cmsis.o(i.svcSemaphoreCreate)
    svcSemaphoreDelete                       0x080077af   Thumb Code    26  rt_cmsis.o(i.svcSemaphoreDelete)
    svcSemaphoreRelease                      0x080077c9   Thumb Code    40  rt_cmsis.o(i.svcSemaphoreRelease)
    svcSemaphoreWait                         0x080077f1   Thumb Code    50  rt_cmsis.o(i.svcSemaphoreWait)
    svcSignalSet                             0x08007823   Thumb Code    36  rt_cmsis.o(i.svcSignalSet)
    svcSignalWait                            0x08007849   Thumb Code    80  rt_cmsis.o(i.svcSignalWait)
    svcThreadCreate                          0x0800789d   Thumb Code    96  rt_cmsis.o(i.svcThreadCreate)
    svcThreadGetId                           0x08007909   Thumb Code    22  rt_cmsis.o(i.svcThreadGetId)
    svcThreadTerminate                       0x08007925   Thumb Code    50  rt_cmsis.o(i.svcThreadTerminate)
    svcTimerCall                             0x0800795d   Thumb Code    24  rt_cmsis.o(i.svcTimerCall)
    sysTimerTick                             0x08007975   Thumb Code    84  rt_cmsis.o(i.sysTimerTick)
    os_thread_def_Thread_LED                 0x080079d0   Data          16  thread_led.o(.constdata)
    os_maxtaskrun                            0x080079e0   Data           2  rtx_conf_cm.o(.constdata)
    os_stackinfo                             0x080079e4   Data           4  rtx_conf_cm.o(.constdata)
    os_rrobin                                0x080079e8   Data           4  rtx_conf_cm.o(.constdata)
    os_tickfreq                              0x080079ec   Data           4  rtx_conf_cm.o(.constdata)
    os_tickus_i                              0x080079f0   Data           2  rtx_conf_cm.o(.constdata)
    os_tickus_f                              0x080079f2   Data           2  rtx_conf_cm.o(.constdata)
    os_trv                                   0x080079f4   Data           4  rtx_conf_cm.o(.constdata)
    os_flags                                 0x080079f8   Data           1  rtx_conf_cm.o(.constdata)
    CMSIS_RTOS_API_Version                   0x080079fc   Data           4  rtx_conf_cm.o(.constdata)
    CMSIS_RTOS_RTX_Version                   0x08007a00   Data           4  rtx_conf_cm.o(.constdata)
    os_clockrate                             0x08007a04   Data           4  rtx_conf_cm.o(.constdata)
    os_timernum                              0x08007a08   Data           4  rtx_conf_cm.o(.constdata)
    mp_tcb_size                              0x08007a0c   Data           2  rtx_conf_cm.o(.constdata)
    mp_stk_size                              0x08007a10   Data           4  rtx_conf_cm.o(.constdata)
    os_stack_sz                              0x08007a14   Data           4  rtx_conf_cm.o(.constdata)
    os_fifo_size                             0x08007a18   Data           1  rtx_conf_cm.o(.constdata)
    os_thread_def_osTimerThread              0x08007a1c   Data          16  rtx_conf_cm.o(.constdata)
    os_messageQ_def_osTimerMessageQ          0x08007a2c   Data           8  rtx_conf_cm.o(.constdata)
    mp_tmr_size                              0x08007a34   Data           2  rtx_conf_cm.o(.constdata)
    os_thread_def_main                       0x08007a38   Data          16  rtx_conf_cm.o(.constdata)
    Driver_SPI1                              0x08007aa0   Data          44  spi_stm32f10x.o(.constdata)
    Driver_USBD0                             0x08007af4   Data          72  usbd_stm32f10x.o(.constdata)
    __stdin_name                             0x08007b3c   Data           7  retarget_io.o(.constdata)
    __stdout_name                            0x08007b43   Data           8  retarget_io.o(.constdata)
    __stderr_name                            0x08007b4b   Data           8  retarget_io.o(.constdata)
    usbd0_dev                                0x08007b54   Data          28  usbd_config_0.o(.constdata)
    os_thread_def_USBD0_Core_Thread          0x08007b70   Data          16  usbd_config_0.o(.constdata)
    usbd_dev_num                             0x08007b80   Data           1  usbd_config_0.o(.constdata)
    usbd_dev_ptr                             0x08007b84   Data           4  usbd_config_0.o(.constdata)
    usbd_cdc_num                             0x08007b88   Data           1  usbd_config_0.o(.constdata)
    usbd_cdc                                 0x08007b8c   Data          72  usbd_config_0.o(.constdata)
    usbd_cdc_ptr                             0x08007bd4   Data           4  usbd_config_0.o(.constdata)
    os_thread_def_USBD_CDC0_Int_Thread       0x08007bdc   Data          16  usbd_config_0.o(.constdata)
    os_thread_def_USBD_CDC0_Bulk_Thread      0x08007bec   Data          16  usbd_config_0.o(.constdata)
    os_semaphore_def_usbd0_driver_semaphore  0x08007c04   Data           4  usbd_config_0.o(.constdata)
    os_semaphore_def_usbd0_driver_ep0out_semaphore 0x08007c08   Data           4  usbd_config_0.o(.constdata)
    os_semaphore_def_usbd0_driver_ep0in_semaphore 0x08007c0c   Data           4  usbd_config_0.o(.constdata)
    os_semaphore_def_usbd0_driver_ep1out_semaphore 0x08007c10   Data           4  usbd_config_0.o(.constdata)
    os_semaphore_def_usbd0_driver_ep1in_semaphore 0x08007c14   Data           4  usbd_config_0.o(.constdata)
    os_semaphore_def_usbd0_driver_ep2out_semaphore 0x08007c18   Data           4  usbd_config_0.o(.constdata)
    os_semaphore_def_usbd0_driver_ep2in_semaphore 0x08007c1c   Data           4  usbd_config_0.o(.constdata)
    usbd_ep_max_num                          0x08007c3c   Data           1  usbd_config_0.o(.constdata)
    usbd_cb_device_event_ptr                 0x08007c40   Data           4  usbd_config_0.o(.constdata)
    usbd_cb_endpoint_event_ptr               0x08007c44   Data           4  usbd_config_0.o(.constdata)
    fpUSBD_CDC_ACM_Initialize                0x08007c48   Data           4  usbd_config_0.o(.constdata)
    fpUSBD_CDC_ACM_Uninitialize              0x08007c4c   Data           4  usbd_config_0.o(.constdata)
    fpUSBD_CDC_ACM_Reset                     0x08007c50   Data           4  usbd_config_0.o(.constdata)
    fpUSBD_CDC_ACM_SendEncapsulatedCommand   0x08007c54   Data           4  usbd_config_0.o(.constdata)
    fpUSBD_CDC_ACM_GetEncapsulatedResponse   0x08007c58   Data           4  usbd_config_0.o(.constdata)
    fpUSBD_CDC_ACM_SetLineCoding             0x08007c5c   Data           4  usbd_config_0.o(.constdata)
    fpUSBD_CDC_ACM_GetLineCoding             0x08007c60   Data           4  usbd_config_0.o(.constdata)
    fpUSBD_CDC_ACM_SetControlLineState       0x08007c64   Data           4  usbd_config_0.o(.constdata)
    fpUSBD_CDC_ACM_DataReceived              0x08007c68   Data           4  usbd_config_0.o(.constdata)
    fpUSBD_CDC_ACM_DataSent                  0x08007c6c   Data           4  usbd_config_0.o(.constdata)
    fpUSBD_CDC_NCM_Initialize                0x08007c70   Data           4  usbd_config_0.o(.constdata)
    fpUSBD_CDC_NCM_Uninitialize              0x08007c74   Data           4  usbd_config_0.o(.constdata)
    fpUSBD_CDC_NCM_Reset                     0x08007c78   Data           4  usbd_config_0.o(.constdata)
    fpUSBD_CDC_NCM_Start                     0x08007c7c   Data           4  usbd_config_0.o(.constdata)
    fpUSBD_CDC_NCM_Stop                      0x08007c80   Data           4  usbd_config_0.o(.constdata)
    fpUSBD_CDC_NCM_SetEthernetMulticastFilters 0x08007c84   Data           4  usbd_config_0.o(.constdata)
    fpUSBD_CDC_NCM_SetEthernetPowerManagementPatternFilter 0x08007c88   Data           4  usbd_config_0.o(.constdata)
    fpUSBD_CDC_NCM_GetEthernetPowerManagementPatternFilter 0x08007c8c   Data           4  usbd_config_0.o(.constdata)
    fpUSBD_CDC_NCM_SetEthernetPacketFilter   0x08007c90   Data           4  usbd_config_0.o(.constdata)
    fpUSBD_CDC_NCM_GetEthernetStatistic      0x08007c94   Data           4  usbd_config_0.o(.constdata)
    fpUSBD_CDC_NCM_GetNtbParameters          0x08007c98   Data           4  usbd_config_0.o(.constdata)
    fpUSBD_CDC_NCM_GetNetAddress             0x08007c9c   Data           4  usbd_config_0.o(.constdata)
    fpUSBD_CDC_NCM_SetNetAddress             0x08007ca0   Data           4  usbd_config_0.o(.constdata)
    fpUSBD_CDC_NCM_GetNtbFormat              0x08007ca4   Data           4  usbd_config_0.o(.constdata)
    fpUSBD_CDC_NCM_SetNtbFormat              0x08007ca8   Data           4  usbd_config_0.o(.constdata)
    fpUSBD_CDC_NCM_GetNtbInputSize           0x08007cac   Data           4  usbd_config_0.o(.constdata)
    fpUSBD_CDC_NCM_SetNtbInputSize           0x08007cb0   Data           4  usbd_config_0.o(.constdata)
    fpUSBD_CDC_NCM_GetMaxDatagramSize        0x08007cb4   Data           4  usbd_config_0.o(.constdata)
    fpUSBD_CDC_NCM_SetMaxDatagramSize        0x08007cb8   Data           4  usbd_config_0.o(.constdata)
    fpUSBD_CDC_NCM_GetCrcMode                0x08007cbc   Data           4  usbd_config_0.o(.constdata)
    fpUSBD_CDC_NCM_SetCrcMode                0x08007cc0   Data           4  usbd_config_0.o(.constdata)
    fpUSBD_CDC_NCM_NTB_IN_Sent               0x08007cc4   Data           4  usbd_config_0.o(.constdata)
    fpUSBD_CDC_NCM_NTB_OUT_Received          0x08007cc8   Data           4  usbd_config_0.o(.constdata)
    fpUSBD_Device_Initialize                 0x08007ccc   Data           4  usbd_config_0.o(.constdata)
    fpUSBD_Device_Uninitialize               0x08007cd0   Data           4  usbd_config_0.o(.constdata)
    fpUSBD_Device_VbusChanged                0x08007cd4   Data           4  usbd_config_0.o(.constdata)
    fpUSBD_Device_Reset                      0x08007cd8   Data           4  usbd_config_0.o(.constdata)
    fpUSBD_Device_HighSpeedActivated         0x08007cdc   Data           4  usbd_config_0.o(.constdata)
    fpUSBD_Device_Suspended                  0x08007ce0   Data           4  usbd_config_0.o(.constdata)
    fpUSBD_Device_Resumed                    0x08007ce4   Data           4  usbd_config_0.o(.constdata)
    fpUSBD_Device_ConfigurationChanged       0x08007ce8   Data           4  usbd_config_0.o(.constdata)
    fpUSBD_Device_EnableRemoteWakeup         0x08007cec   Data           4  usbd_config_0.o(.constdata)
    fpUSBD_Device_DisableRemoteWakeup        0x08007cf0   Data           4  usbd_config_0.o(.constdata)
    fpUSBD_Device_Endpoint0_SetupPacketReceived 0x08007cf4   Data           4  usbd_config_0.o(.constdata)
    fpUSBD_Device_Endpoint0_SetupPacketProcessed 0x08007cf8   Data           4  usbd_config_0.o(.constdata)
    fpUSBD_Device_Endpoint0_OutDataReceived  0x08007cfc   Data           4  usbd_config_0.o(.constdata)
    fpUSBD_Device_Endpoint0_InDataSent       0x08007d00   Data           4  usbd_config_0.o(.constdata)
    usbd0_ep0_descriptor                     0x08007d04   Data           7  usbd_config_0.o(.constdata)
    usbd0_device_descriptor                  0x08007d0c   Data          18  usbd_config_0.o(.constdata)
    usbd0_config_descriptor_fs               0x08007d20   Data          68  usbd_config_0.o(.constdata)
    usbd0_device_qualifier_fs                0x08007d64   Data           1  usbd_config_0.o(.constdata)
    usbd0_device_qualifier_hs                0x08007d65   Data           1  usbd_config_0.o(.constdata)
    usbd0_config_descriptor_hs               0x08007d66   Data           1  usbd_config_0.o(.constdata)
    usbd0_other_speed_config_descriptor_fs   0x08007d67   Data           1  usbd_config_0.o(.constdata)
    usbd0_other_speed_config_descriptor_hs   0x08007d68   Data           1  usbd_config_0.o(.constdata)
    usbd0_string_descriptor                  0x08007d6c   Data         135  usbd_config_0.o(.constdata)
    Region$$Table$$Base                      0x08007df4   Number         0  anon$$obj.o(Region$$Table)
    Region$$Table$$Limit                     0x08007e14   Number         0  anon$$obj.o(Region$$Table)
    usb_lib_version                          0x08007e14   Data           4  usb_lib_ver.o(__MW_USB_LIB_VERSION_6.13.6)
    delay_val                                0x20000000   Data           4  main.o(.data)
    tid_Thread_LED                           0x20000004   Data           4  thread_led.o(.data)
    osThreadId_osTimerThread                 0x20000010   Data           4  rtx_conf_cm.o(.data)
    osMessageQId_osTimerMessageQ             0x20000014   Data           4  rtx_conf_cm.o(.data)
    os_tmr                                   0x20000018   Data           4  rtx_conf_cm.o(.data)
    m_tmr                                    0x2000001c   Data           4  rtx_conf_cm.o(.data)
    usbd0_alt_setting                        0x20000044   Data           2  usbd_config_0.o(.data)
    usbd_core_thread_id                      0x20000048   Data           4  usbd_config_0.o(.data)
    usbd_driver_semaphore_id                 0x2000004c   Data           4  usbd_config_0.o(.data)
    usbd_cdc_int_thread_id                   0x20000050   Data           4  usbd_config_0.o(.data)
    usbd_cdc_bulk_thread_id                  0x20000054   Data           4  usbd_config_0.o(.data)
    os_semaphore_cb_usbd0_driver_semaphore   0x20000058   Data           8  usbd_config_0.o(.data)
    os_semaphore_cb_usbd0_driver_ep0out_semaphore 0x20000060   Data           8  usbd_config_0.o(.data)
    os_semaphore_cb_usbd0_driver_ep0in_semaphore 0x20000068   Data           8  usbd_config_0.o(.data)
    os_semaphore_cb_usbd0_driver_ep1out_semaphore 0x20000070   Data           8  usbd_config_0.o(.data)
    os_semaphore_cb_usbd0_driver_ep1in_semaphore 0x20000078   Data           8  usbd_config_0.o(.data)
    os_semaphore_cb_usbd0_driver_ep2out_semaphore 0x20000080   Data           8  usbd_config_0.o(.data)
    os_semaphore_cb_usbd0_driver_ep2in_semaphore 0x20000088   Data           8  usbd_config_0.o(.data)
    usbd_ep_thread_id_ptr                    0x20000090   Data          12  usbd_config_0.o(.data)
    usbd_drv_version                         0x2000009c   Data           4  usbd_config_0.o(.data)
    usbd_capabilities                        0x200000a0   Data           4  usbd_config_0.o(.data)
    usbd0_desc                               0x200000a4   Data          48  usbd_config_0.o(.data)
    usbd_desc_ptr                            0x200000d4   Data           4  usbd_config_0.o(.data)
    os_initialized                           0x200000d8   Data           1  rt_cmsis.o(.data)
    os_running                               0x200000d9   Data           1  rt_cmsis.o(.data)
    os_timer_head                            0x200000dc   Data           4  rt_cmsis.o(.data)
    os_tsk                                   0x200000e0   Data           8  rt_task.o(.data)
    os_tick_irqn                             0x20000114   Data           4  rt_system.o(.data)
    os_time                                  0x20000118   Data           4  rt_time.o(.data)
    os_robin                                 0x2000011c   Data           8  rt_robin.o(.data)
    dbg_msg                                  0x20000124   Data           1  hal_cm.o(.data)
    __aeabi_stdin                            0x20000128   Data           4  stdio_streams.o(.data)
    __aeabi_stdout                           0x2000012c   Data           4  stdio_streams.o(.data)
    __aeabi_stderr                           0x20000130   Data           4  stdio_streams.o(.data)
    _stream_list_lock                        0x20000134   Data           4  streamlock.o(.data)
    mp_tcb                                   0x20000138   Data         480  rtx_conf_cm.o(.bss)
    mp_stk                                   0x20000318   Data        5016  rtx_conf_cm.o(.bss)
    os_stack_mem                             0x200016b0   Data        3304  rtx_conf_cm.o(.bss)
    os_fifo                                  0x20002398   Data         132  rtx_conf_cm.o(.bss)
    os_active_TCB                            0x2000241c   Data          36  rtx_conf_cm.o(.bss)
    os_messageQ_q_osTimerMessageQ            0x20002440   Data          32  rtx_conf_cm.o(.bss)
    usbd0_ep0_buf                            0x200029e0   Data          32  usbd_config_0.o(.bss)
    usbd0_data                               0x20002a00   Data         176  usbd_config_0.o(.bss)
    usbd_driver_ep_semaphore_id              0x20002ab0   Data          24  usbd_config_0.o(.bss)
    usbd_cdc0_send_buf                       0x20002ac8   Data         128  usbd_config_0.o(.bss)
    usbd_cdc0_receive_buf                    0x20002b48   Data         256  usbd_config_0.o(.bss)
    usbd_cdc0_notify_buf                     0x20002c48   Data          10  usbd_config_0.o(.bss)
    usbd_cdc0_send_mps_buf                   0x20002c54   Data         512  usbd_config_0.o(.bss)
    usbd_cdc0_receive_mps_buf                0x20002e60   Data         512  usbd_config_0.o(.bss)
    usbd_cdc_data                            0x20003060   Data         132  usbd_config_0.o(.bss)
    os_idle_TCB                              0x20003108   Data          52  rt_task.o(.bss)
    os_rdy                                   0x2000313c   Data          24  rt_list.o(.bss)
    os_dly                                   0x20003154   Data          24  rt_list.o(.bss)
    __libspace_start                         0x2000316c   Data          96  libspace.o(.bss)
    __stdin                                  0x200031cc   Data          84  stdio_streams.o(.bss)
    __temporary_stack_top$libspace           0x200031cc   Data           0  libspace.o(.bss)
    __stdout                                 0x20003220   Data          84  stdio_streams.o(.bss)
    __stderr                                 0x20003274   Data          84  stdio_streams.o(.bss)



==============================================================================

Memory Map of the image

  Image Entry point : 0x080000ed

  Load Region LR_IROM1 (Base: 0x08000000, Size: 0x00007f50, Max: 0x00010000, ABSOLUTE, COMPRESSED[0x00007e50])

    Execution Region ER_IROM1 (Base: 0x08000000, Size: 0x00007e18, Max: 0x00010000, ABSOLUTE)

    Base Addr    Size         Type   Attr      Idx    E Section Name        Object

    0x08000000   0x000000ec   Data   RO         1257    RESET               startup_stm32f10x_md.o
    0x080000ec   0x00000008   Code   RO         3481  * !!!main             c_w.l(__main.o)
    0x080000f4   0x00000034   Code   RO         3867    !!!scatter          c_w.l(__scatter.o)
    0x08000128   0x0000005a   Code   RO         3865    !!dczerorl2         c_w.l(__dczerorl2.o)
    0x08000182   0x00000002   PAD
    0x08000184   0x0000001c   Code   RO         3869    !!handler_zi        c_w.l(__scatter_zi.o)
    0x080001a0   0x00000000   Code   RO         3464    .ARM.Collect$$_printf_percent$$00000000  c_w.l(_printf_percent.o)
    0x080001a0   0x00000006   Code   RO         3463    .ARM.Collect$$_printf_percent$$00000009  c_w.l(_printf_d.o)
    0x080001a6   0x00000006   Code   RO         3462    .ARM.Collect$$_printf_percent$$00000014  c_w.l(_printf_s.o)
    0x080001ac   0x00000004   Code   RO         3522    .ARM.Collect$$_printf_percent$$00000017  c_w.l(_printf_percent_end.o)
    0x080001b0   0x00000002   Code   RO         3671    .ARM.Collect$$libinit$$00000000  c_w.l(libinit.o)
    0x080001b2   0x00000000   Code   RO         3673    .ARM.Collect$$libinit$$00000002  c_w.l(libinit2.o)
    0x080001b2   0x00000000   Code   RO         3675    .ARM.Collect$$libinit$$00000004  c_w.l(libinit2.o)
    0x080001b2   0x00000008   Code   RO         3676    .ARM.Collect$$libinit$$00000005  c_w.l(libinit2.o)
    0x080001ba   0x00000000   Code   RO         3678    .ARM.Collect$$libinit$$0000000A  c_w.l(libinit2.o)
    0x080001ba   0x00000000   Code   RO         3680    .ARM.Collect$$libinit$$0000000C  c_w.l(libinit2.o)
    0x080001ba   0x00000000   Code   RO         3682    .ARM.Collect$$libinit$$0000000E  c_w.l(libinit2.o)
    0x080001ba   0x00000000   Code   RO         3685    .ARM.Collect$$libinit$$00000011  c_w.l(libinit2.o)
    0x080001ba   0x00000000   Code   RO         3687    .ARM.Collect$$libinit$$00000013  c_w.l(libinit2.o)
    0x080001ba   0x00000000   Code   RO         3689    .ARM.Collect$$libinit$$00000015  c_w.l(libinit2.o)
    0x080001ba   0x00000000   Code   RO         3691    .ARM.Collect$$libinit$$00000017  c_w.l(libinit2.o)
    0x080001ba   0x00000000   Code   RO         3693    .ARM.Collect$$libinit$$00000019  c_w.l(libinit2.o)
    0x080001ba   0x00000000   Code   RO         3695    .ARM.Collect$$libinit$$0000001B  c_w.l(libinit2.o)
    0x080001ba   0x00000000   Code   RO         3697    .ARM.Collect$$libinit$$0000001D  c_w.l(libinit2.o)
    0x080001ba   0x00000000   Code   RO         3699    .ARM.Collect$$libinit$$0000001F  c_w.l(libinit2.o)
    0x080001ba   0x00000000   Code   RO         3701    .ARM.Collect$$libinit$$00000021  c_w.l(libinit2.o)
    0x080001ba   0x00000000   Code   RO         3703    .ARM.Collect$$libinit$$00000023  c_w.l(libinit2.o)
    0x080001ba   0x00000004   Code   RO         3704    .ARM.Collect$$libinit$$00000024  c_w.l(libinit2.o)
    0x080001be   0x00000000   Code   RO         3705    .ARM.Collect$$libinit$$00000025  c_w.l(libinit2.o)
    0x080001be   0x00000000   Code   RO         3709    .ARM.Collect$$libinit$$0000002C  c_w.l(libinit2.o)
    0x080001be   0x00000000   Code   RO         3711    .ARM.Collect$$libinit$$0000002E  c_w.l(libinit2.o)
    0x080001be   0x00000000   Code   RO         3713    .ARM.Collect$$libinit$$00000030  c_w.l(libinit2.o)
    0x080001be   0x00000000   Code   RO         3715    .ARM.Collect$$libinit$$00000032  c_w.l(libinit2.o)
    0x080001be   0x00000002   Code   RO         3716    .ARM.Collect$$libinit$$00000033  c_w.l(libinit2.o)
    0x080001c0   0x00000002   Code   RO         3717    .ARM.Collect$$libshutdown$$00000000  c_w.l(libshutdown.o)
    0x080001c2   0x00000000   Code   RO         3719    .ARM.Collect$$libshutdown$$00000002  c_w.l(libshutdown2.o)
    0x080001c2   0x00000004   Code   RO         3720    .ARM.Collect$$libshutdown$$00000003  c_w.l(libshutdown2.o)
    0x080001c6   0x00000000   Code   RO         3721    .ARM.Collect$$libshutdown$$00000004  c_w.l(libshutdown2.o)
    0x080001c6   0x00000000   Code   RO         3724    .ARM.Collect$$libshutdown$$00000007  c_w.l(libshutdown2.o)
    0x080001c6   0x00000000   Code   RO         3727    .ARM.Collect$$libshutdown$$0000000A  c_w.l(libshutdown2.o)
    0x080001c6   0x00000000   Code   RO         3729    .ARM.Collect$$libshutdown$$0000000C  c_w.l(libshutdown2.o)
    0x080001c6   0x00000000   Code   RO         3732    .ARM.Collect$$libshutdown$$0000000F  c_w.l(libshutdown2.o)
    0x080001c6   0x00000002   Code   RO         3733    .ARM.Collect$$libshutdown$$00000010  c_w.l(libshutdown2.o)
    0x080001c8   0x00000000   Code   RO         3509    .ARM.Collect$$rtentry$$00000000  c_w.l(__rtentry.o)
    0x080001c8   0x00000000   Code   RO         3541    .ARM.Collect$$rtentry$$00000002  c_w.l(__rtentry2.o)
    0x080001c8   0x00000006   Code   RO         3553    .ARM.Collect$$rtentry$$00000004  c_w.l(__rtentry4.o)
    0x080001ce   0x00000000   Code   RO         3543    .ARM.Collect$$rtentry$$00000009  c_w.l(__rtentry2.o)
    0x080001ce   0x00000004   Code   RO         3544    .ARM.Collect$$rtentry$$0000000A  c_w.l(__rtentry2.o)
    0x080001d2   0x00000008   Code   RO         3545    .ARM.Collect$$rtentry$$0000000B  c_w.l(__rtentry2.o)
    0x080001da   0x00000008   Code   RO         3547    .ARM.Collect$$rtentry$$0000000D  c_w.l(__rtentry2.o)
    0x080001e2   0x00000002   Code   RO         3510    .ARM.Collect$$rtexit$$00000000  c_w.l(rtexit.o)
    0x080001e4   0x00000000   Code   RO         3556    .ARM.Collect$$rtexit$$00000002  c_w.l(rtexit2.o)
    0x080001e4   0x00000004   Code   RO         3557    .ARM.Collect$$rtexit$$00000003  c_w.l(rtexit2.o)
    0x080001e8   0x00000006   Code   RO         3558    .ARM.Collect$$rtexit$$00000004  c_w.l(rtexit2.o)
    0x080001ee   0x00000002   PAD
    0x080001f0   0x0000001c   Code   RO          528    .emb_text           rtx_conf_cm.o
    0x0800020c   0x00000130   Code   RO         3363    .emb_text           RTX_CM3.lib(hal_cm3.o)
    0x0800033c   0x00000000   Code   RO         3792    .emb_text           c_w.l(maybetermalloc1.o)
    0x0800033c   0x00000040   Code   RO         1258    .text               startup_stm32f10x_md.o
    0x0800037c   0x00000008   Code   RO         3427    .text               c_w.l(libspace.o)
    0x08000384   0x00000018   Code   RO         3434    .text               c_w.l(noretval__2printf.o)
    0x0800039c   0x00000068   Code   RO         3436    .text               c_w.l(__printf.o)
    0x08000404   0x00000052   Code   RO         3438    .text               c_w.l(_printf_str.o)
    0x08000456   0x00000002   PAD
    0x08000458   0x00000078   Code   RO         3440    .text               c_w.l(_printf_dec.o)
    0x080004d0   0x00000012   Code   RO         3465    .text               c_w.l(exit.o)
    0x080004e2   0x0000008a   Code   RO         3469    .text               c_w.l(rt_memcpy_v6.o)
    0x0800056c   0x00000064   Code   RO         3471    .text               c_w.l(rt_memcpy_w.o)
    0x080005d0   0x00000044   Code   RO         3473    .text               c_w.l(rt_memclr.o)
    0x08000614   0x0000004e   Code   RO         3475    .text               c_w.l(rt_memclr_w.o)
    0x08000662   0x00000002   PAD
    0x08000664   0x00000080   Code   RO         3477    .text               c_w.l(strcmpv7m.o)
    0x080006e4   0x00000006   Code   RO         3479    .text               c_w.l(heapauxi.o)
    0x080006ea   0x000000b2   Code   RO         3516    .text               c_w.l(_printf_intcommon.o)
    0x0800079c   0x0000002c   Code   RO         3518    .text               c_w.l(_printf_char.o)
    0x080007c8   0x00000030   Code   RO         3564    .text               c_w.l(_printf_char_common.o)
    0x080007f8   0x000001c8   Code   RO         3578    .text               c_w.l(initio_locked.o)
    0x080009c0   0x0000000c   Code   RO         3582    .text               c_w.l(sys_exit.o)
    0x080009cc   0x0000004a   Code   RO         3584    .text               c_w.l(sys_stackheap_outer.o)
    0x08000a16   0x00000076   Code   RO         3590    .text               c_w.l(h1_free_mt.o)
    0x08000a8c   0x000001d6   Code   RO         3644    .text               c_w.l(flsbuf.o)
    0x08000c62   0x0000004c   Code   RO         3651    .text               c_w.l(fclose.o)
    0x08000cae   0x00000068   Code   RO         3653    .text               c_w.l(setvbuf_locked.o)
    0x08000d16   0x00000002   PAD
    0x08000d18   0x00000144   Code   RO         3655    .text               c_w.l(fopen_locked.o)
    0x08000e5c   0x0000000e   Code   RO         3661    .text               c_w.l(defsig_rtred_outer.o)
    0x08000e6a   0x00000002   Code   RO         3736    .text               c_w.l(use_no_semi.o)
    0x08000e6c   0x00000000   Code   RO         3738    .text               c_w.l(indicate_semi.o)
    0x08000e6c   0x0000000a   Code   RO         3746    .text               c_w.l(rt_heap_descriptor_twolibspace.o)
    0x08000e76   0x00000004   Code   RO         3748    .text               c_w.l(hguard.o)
    0x08000e7a   0x0000008a   Code   RO         3750    .text               c_w.l(init_alloc.o)
    0x08000f04   0x0000009e   Code   RO         3758    .text               c_w.l(h1_alloc_mt.o)
    0x08000fa2   0x00000002   PAD
    0x08000fa4   0x00000040   Code   RO         3770    .text               c_w.l(_printf_char_file_locked.o)
    0x08000fe4   0x000000f8   Code   RO         3772    .text               c_w.l(fseek.o)
    0x080010dc   0x000000f0   Code   RO         3774    .text               c_w.l(stdio.o)
    0x080011cc   0x0000000a   Code   RO         3780    .text               c_w.l(defsig_exit.o)
    0x080011d6   0x00000002   PAD
    0x080011d8   0x00000034   Code   RO         3784    .text               c_w.l(defsig_rtred_inner.o)
    0x0800120c   0x00000012   Code   RO         3798    .text               c_w.l(h1_init_mt.o)
    0x0800121e   0x0000003e   Code   RO         3800    .text               c_w.l(h1_extend_mt.o)
    0x0800125c   0x00000042   Code   RO         3806    .text               c_w.l(ftell.o)
    0x0800129e   0x00000032   Code   RO         3814    .text               c_w.l(defsig_general.o)
    0x080012d0   0x0000000e   Code   RO         3816    .text               c_w.l(defsig_rtmem_outer.o)
    0x080012de   0x0000000e   Code   RO         3829    .text               c_w.l(sys_wrch.o)
    0x080012ec   0x00000004   Code   RO         3838    .text               c_w.l(rt_errno_addr_twolibspace.o)
    0x080012f0   0x00000050   Code   RO         3844    .text               c_w.l(defsig_rtmem_inner.o)
    0x08001340   0x00000004   Code   RO         3422    SVC_TABLE           RTX_CM3.lib(svc_table.o)
    0x08001344   0x00000002   Code   RO         1078    i.DMA1_Channel1_Event  dma_stm32f10x.o
    0x08001346   0x00000002   PAD
    0x08001348   0x0000001c   Code   RO         1079    i.DMA1_Channel1_IRQHandler  dma_stm32f10x.o
    0x08001364   0x00000002   Code   RO         1080    i.DMA1_Channel2_Event  dma_stm32f10x.o
    0x08001366   0x00000002   PAD
    0x08001368   0x0000001c   Code   RO         1081    i.DMA1_Channel2_IRQHandler  dma_stm32f10x.o
    0x08001384   0x00000002   Code   RO         1082    i.DMA1_Channel3_Event  dma_stm32f10x.o
    0x08001386   0x00000002   PAD
    0x08001388   0x0000001c   Code   RO         1083    i.DMA1_Channel3_IRQHandler  dma_stm32f10x.o
    0x080013a4   0x00000002   Code   RO         1084    i.DMA1_Channel4_Event  dma_stm32f10x.o
    0x080013a6   0x00000002   PAD
    0x080013a8   0x0000001c   Code   RO         1085    i.DMA1_Channel4_IRQHandler  dma_stm32f10x.o
    0x080013c4   0x00000002   Code   RO         1086    i.DMA1_Channel5_Event  dma_stm32f10x.o
    0x080013c6   0x00000002   PAD
    0x080013c8   0x0000001c   Code   RO         1087    i.DMA1_Channel5_IRQHandler  dma_stm32f10x.o
    0x080013e4   0x00000002   Code   RO         1088    i.DMA1_Channel6_Event  dma_stm32f10x.o
    0x080013e6   0x00000002   PAD
    0x080013e8   0x0000001c   Code   RO         1089    i.DMA1_Channel6_IRQHandler  dma_stm32f10x.o
    0x08001404   0x00000002   Code   RO         1090    i.DMA1_Channel7_Event  dma_stm32f10x.o
    0x08001406   0x00000002   PAD
    0x08001408   0x0000001c   Code   RO         1091    i.DMA1_Channel7_IRQHandler  dma_stm32f10x.o
    0x08001424   0x0000009c   Code   RO         1216    i.GPIO_AFConfigure  gpio_stm32f10x.o
    0x080014c0   0x00000098   Code   RO         1217    i.GPIO_GetPortClockState  gpio_stm32f10x.o
    0x08001558   0x00000078   Code   RO         1218    i.GPIO_PinConfigure  gpio_stm32f10x.o
    0x080015d0   0x0000013c   Code   RO         1219    i.GPIO_PortClock    gpio_stm32f10x.o
    0x0800170c   0x00000040   Code   RO          747    i.IN_EP_Status      usbd_stm32f10x.o
    0x0800174c   0x00000030   Code   RO          900    i.ITM_SendChar      retarget_io.o
    0x0800177c   0x00000028   Code   RO          121    i.Init_Thread_LED   thread_led.o
    0x080017a4   0x00000040   Code   RO          748    i.OUT_EP_Status     usbd_stm32f10x.o
    0x080017e4   0x00000018   Code   RO          589    i.SPI1_Control      spi_stm32f10x.o
    0x080017fc   0x00000010   Code   RO          590    i.SPI1_GetDataCount  spi_stm32f10x.o
    0x0800180c   0x00000010   Code   RO          591    i.SPI1_GetStatus    spi_stm32f10x.o
    0x0800181c   0x00000010   Code   RO          592    i.SPI1_IRQHandler   spi_stm32f10x.o
    0x0800182c   0x00000014   Code   RO          593    i.SPI1_Initialize   spi_stm32f10x.o
    0x08001840   0x00000014   Code   RO          594    i.SPI1_PowerControl  spi_stm32f10x.o
    0x08001854   0x00000018   Code   RO          595    i.SPI1_Receive      spi_stm32f10x.o
    0x0800186c   0x00000018   Code   RO          596    i.SPI1_Send         spi_stm32f10x.o
    0x08001884   0x0000001c   Code   RO          597    i.SPI1_Transfer     spi_stm32f10x.o
    0x080018a0   0x00000010   Code   RO          598    i.SPI1_Uninitialize  spi_stm32f10x.o
    0x080018b0   0x0000000c   Code   RO          599    i.SPIX_GetCapabilities  spi_stm32f10x.o
    0x080018bc   0x00000010   Code   RO          600    i.SPIX_GetVersion   spi_stm32f10x.o
    0x080018cc   0x00000430   Code   RO          601    i.SPI_Control       spi_stm32f10x.o
    0x08001cfc   0x00000008   Code   RO          602    i.SPI_GetDataCount  spi_stm32f10x.o
    0x08001d04   0x0000005a   Code   RO          603    i.SPI_GetStatus     spi_stm32f10x.o
    0x08001d5e   0x00000208   Code   RO          604    i.SPI_IRQHandler    spi_stm32f10x.o
    0x08001f66   0x0000009e   Code   RO          605    i.SPI_Initialize    spi_stm32f10x.o
    0x08002004   0x00000060   Code   RO          606    i.SPI_PeripheralReset  spi_stm32f10x.o
    0x08002064   0x00000170   Code   RO          607    i.SPI_PowerControl  spi_stm32f10x.o
    0x080021d4   0x00000094   Code   RO          608    i.SPI_Receive       spi_stm32f10x.o
    0x08002268   0x00000094   Code   RO          609    i.SPI_Send          spi_stm32f10x.o
    0x080022fc   0x00000070   Code   RO          610    i.SPI_Transfer      spi_stm32f10x.o
    0x0800236c   0x0000004e   Code   RO          611    i.SPI_Uninitialize  spi_stm32f10x.o
    0x080023ba   0x00000008   Code   RO         1265    i.SetSysClock       system_stm32f10x.o
    0x080023c2   0x00000002   PAD
    0x080023c4   0x000000e0   Code   RO         1266    i.SetSysClockTo72   system_stm32f10x.o
    0x080024a4   0x00000060   Code   RO         1268    i.SystemInit        system_stm32f10x.o
    0x08002504   0x000000ac   Code   RO          122    i.Thread_LED        thread_led.o
    0x080025b0   0x00000006   Code   RO         2615    i.USBD0_Core_Thread  USB_CM3_L.lib(usbd_lib_core.o)
    0x080025b6   0x0000000e   Code   RO         1311    i.USBD0_SignalDeviceEvent  usbd_config_0.o
    0x080025c4   0x00000012   Code   RO         1312    i.USBD0_SignalEndpointEvent  usbd_config_0.o
    0x080025d6   0x00000002   PAD
    0x080025d8   0x00000040   Code   RO          165    i.USBD_CDC0_ACM_DataReceived  usbd_user_cdc_acm_0.o
    0x08002618   0x00000020   Code   RO          166    i.USBD_CDC0_ACM_DataSent  usbd_user_cdc_acm_0.o
    0x08002638   0x00000034   Code   RO          167    i.USBD_CDC0_ACM_GetEncapsulatedResponse  usbd_user_cdc_acm_0.o
    0x0800266c   0x00000038   Code   RO          168    i.USBD_CDC0_ACM_GetLineCoding  usbd_user_cdc_acm_0.o
    0x080026a4   0x00000018   Code   RO          169    i.USBD_CDC0_ACM_Initialize  usbd_user_cdc_acm_0.o
    0x080026bc   0x00000020   Code   RO          170    i.USBD_CDC0_ACM_Reset  usbd_user_cdc_acm_0.o
    0x080026dc   0x00000038   Code   RO          171    i.USBD_CDC0_ACM_SendEncapsulatedCommand  usbd_user_cdc_acm_0.o
    0x08002714   0x0000002c   Code   RO          172    i.USBD_CDC0_ACM_SetControlLineState  usbd_user_cdc_acm_0.o
    0x08002740   0x000000ac   Code   RO          173    i.USBD_CDC0_ACM_SetLineCoding  usbd_user_cdc_acm_0.o
    0x080027ec   0x00000018   Code   RO          174    i.USBD_CDC0_ACM_Uninitialize  usbd_user_cdc_acm_0.o
    0x08002804   0x00000006   Code   RO         2751    i.USBD_CDC0_Bulk_Thread  USB_CM3_L.lib(usbd_lib_cdc.o)
    0x0800280a   0x00000006   Code   RO         2752    i.USBD_CDC0_Int_Thread  USB_CM3_L.lib(usbd_lib_cdc.o)
    0x08002810   0x00000006   Code   RO         1323    i.USBD_CDC0_NCM_GetCrcMode  usbd_config_0.o
    0x08002816   0x00000006   Code   RO         1324    i.USBD_CDC0_NCM_GetEthernetPowerManagementPatternFilter  usbd_config_0.o
    0x0800281c   0x00000006   Code   RO         1325    i.USBD_CDC0_NCM_GetEthernetStatistic  usbd_config_0.o
    0x08002822   0x00000006   Code   RO         1326    i.USBD_CDC0_NCM_GetMaxDatagramSize  usbd_config_0.o
    0x08002828   0x00000006   Code   RO         1327    i.USBD_CDC0_NCM_GetNetAddress  usbd_config_0.o
    0x0800282e   0x00000006   Code   RO         1328    i.USBD_CDC0_NCM_GetNtbFormat  usbd_config_0.o
    0x08002834   0x00000006   Code   RO         1329    i.USBD_CDC0_NCM_GetNtbInputSize  usbd_config_0.o
    0x0800283a   0x00000006   Code   RO         1330    i.USBD_CDC0_NCM_GetNtbParameters  usbd_config_0.o
    0x08002840   0x00000002   Code   RO         1331    i.USBD_CDC0_NCM_Initialize  usbd_config_0.o
    0x08002842   0x00000002   Code   RO         1332    i.USBD_CDC0_NCM_NTB_IN_Sent  usbd_config_0.o
    0x08002844   0x00000002   Code   RO         1333    i.USBD_CDC0_NCM_NTB_OUT_Received  usbd_config_0.o
    0x08002846   0x00000002   Code   RO         1334    i.USBD_CDC0_NCM_Reset  usbd_config_0.o
    0x08002848   0x00000006   Code   RO         1335    i.USBD_CDC0_NCM_SetCrcMode  usbd_config_0.o
    0x0800284e   0x00000006   Code   RO         1336    i.USBD_CDC0_NCM_SetEthernetMulticastFilters  usbd_config_0.o
    0x08002854   0x00000006   Code   RO         1337    i.USBD_CDC0_NCM_SetEthernetPacketFilter  usbd_config_0.o
    0x0800285a   0x00000006   Code   RO         1338    i.USBD_CDC0_NCM_SetEthernetPowerManagementPatternFilter  usbd_config_0.o
    0x08002860   0x00000006   Code   RO         1339    i.USBD_CDC0_NCM_SetMaxDatagramSize  usbd_config_0.o
    0x08002866   0x00000006   Code   RO         1340    i.USBD_CDC0_NCM_SetNetAddress  usbd_config_0.o
    0x0800286c   0x00000006   Code   RO         1341    i.USBD_CDC0_NCM_SetNtbFormat  usbd_config_0.o
    0x08002872   0x00000006   Code   RO         1342    i.USBD_CDC0_NCM_SetNtbInputSize  usbd_config_0.o
    0x08002878   0x00000002   Code   RO         1343    i.USBD_CDC0_NCM_Start  usbd_config_0.o
    0x0800287a   0x00000002   Code   RO         1344    i.USBD_CDC0_NCM_Stop  usbd_config_0.o
    0x0800287c   0x00000002   Code   RO         1345    i.USBD_CDC0_NCM_Uninitialize  usbd_config_0.o
    0x0800287e   0x00000004   Code   RO         2767    i.USBD_CDC_ACM_CoreClearCommFeature  USB_CM3_L.lib(usbd_lib_cdc.o)
    0x08002882   0x00000004   Code   RO         2768    i.USBD_CDC_ACM_CoreGetCommFeature  USB_CM3_L.lib(usbd_lib_cdc.o)
    0x08002886   0x00000002   PAD
    0x08002888   0x00000030   Code   RO         2769    i.USBD_CDC_ACM_CoreGetEncapsulatedResponse  USB_CM3_L.lib(usbd_lib_cdc.o)
    0x080028b8   0x00000054   Code   RO         2770    i.USBD_CDC_ACM_CoreGetLineCoding  USB_CM3_L.lib(usbd_lib_cdc.o)
    0x0800290c   0x00000004   Code   RO         2771    i.USBD_CDC_ACM_CoreSendBreak  USB_CM3_L.lib(usbd_lib_cdc.o)
    0x08002910   0x0000003c   Code   RO         2772    i.USBD_CDC_ACM_CoreSendEncapsulatedCommand  USB_CM3_L.lib(usbd_lib_cdc.o)
    0x0800294c   0x00000004   Code   RO         2773    i.USBD_CDC_ACM_CoreSetCommFeature  USB_CM3_L.lib(usbd_lib_cdc.o)
    0x08002950   0x00000034   Code   RO         2774    i.USBD_CDC_ACM_CoreSetControlLineState  USB_CM3_L.lib(usbd_lib_cdc.o)
    0x08002984   0x00000050   Code   RO         2775    i.USBD_CDC_ACM_CoreSetLineCoding  USB_CM3_L.lib(usbd_lib_cdc.o)
    0x080029d4   0x00000100   Code   RO         2781    i.USBD_CDC_ACM_ReadData  USB_CM3_L.lib(usbd_lib_cdc.o)
    0x08002ad4   0x000000dc   Code   RO         2782    i.USBD_CDC_ACM_WriteData  USB_CM3_L.lib(usbd_lib_cdc.o)
    0x08002bb0   0x00000034   Code   RO         2783    i.USBD_CDC_Bulk_Thread  USB_CM3_L.lib(usbd_lib_cdc.o)
    0x08002be4   0x00000048   Code   RO         2784    i.USBD_CDC_CheckInstance  USB_CM3_L.lib(usbd_lib_cdc.o)
    0x08002c2c   0x00000098   Code   RO         2785    i.USBD_CDC_EndpointStart  USB_CM3_L.lib(usbd_lib_cdc.o)
    0x08002cc4   0x00000050   Code   RO         2786    i.USBD_CDC_EndpointStop  USB_CM3_L.lib(usbd_lib_cdc.o)
    0x08002d14   0x00000200   Code   RO         2787    i.USBD_CDC_EpBulkIn  USB_CM3_L.lib(usbd_lib_cdc.o)
    0x08002f14   0x000001bc   Code   RO         2788    i.USBD_CDC_EpBulkOut  USB_CM3_L.lib(usbd_lib_cdc.o)
    0x080030d0   0x00000070   Code   RO         2789    i.USBD_CDC_Initialize  USB_CM3_L.lib(usbd_lib_cdc.o)
    0x08003140   0x00000078   Code   RO         2790    i.USBD_CDC_Int_Thread  USB_CM3_L.lib(usbd_lib_cdc.o)
    0x080031b8   0x00000024   Code   RO         2791    i.USBD_CDC_NCM_CoreGetCrcMode  USB_CM3_L.lib(usbd_lib_cdc.o)
    0x080031dc   0x0000002c   Code   RO         2792    i.USBD_CDC_NCM_CoreGetEthernetPowerManagementPatternFilter  USB_CM3_L.lib(usbd_lib_cdc.o)
    0x08003208   0x0000002c   Code   RO         2793    i.USBD_CDC_NCM_CoreGetEthernetStatistic  USB_CM3_L.lib(usbd_lib_cdc.o)
    0x08003234   0x00000024   Code   RO         2794    i.USBD_CDC_NCM_CoreGetMaxDatagramSize  USB_CM3_L.lib(usbd_lib_cdc.o)
    0x08003258   0x00000024   Code   RO         2795    i.USBD_CDC_NCM_CoreGetNetAddress  USB_CM3_L.lib(usbd_lib_cdc.o)
    0x0800327c   0x00000024   Code   RO         2796    i.USBD_CDC_NCM_CoreGetNtbFormat  USB_CM3_L.lib(usbd_lib_cdc.o)
    0x080032a0   0x00000024   Code   RO         2797    i.USBD_CDC_NCM_CoreGetNtbInputSize  USB_CM3_L.lib(usbd_lib_cdc.o)
    0x080032c4   0x00000024   Code   RO         2798    i.USBD_CDC_NCM_CoreGetNtbParameters  USB_CM3_L.lib(usbd_lib_cdc.o)
    0x080032e8   0x00000038   Code   RO         2799    i.USBD_CDC_NCM_CoreSetCrcMode  USB_CM3_L.lib(usbd_lib_cdc.o)
    0x08003320   0x0000002c   Code   RO         2800    i.USBD_CDC_NCM_CoreSetEthernetMulticastFilters  USB_CM3_L.lib(usbd_lib_cdc.o)
    0x0800334c   0x00000024   Code   RO         2801    i.USBD_CDC_NCM_CoreSetEthernetPacketFilter  USB_CM3_L.lib(usbd_lib_cdc.o)
    0x08003370   0x00000030   Code   RO         2802    i.USBD_CDC_NCM_CoreSetEthernetPowerManagementPatternFilter  USB_CM3_L.lib(usbd_lib_cdc.o)
    0x080033a0   0x00000034   Code   RO         2803    i.USBD_CDC_NCM_CoreSetMaxDatagramSize  USB_CM3_L.lib(usbd_lib_cdc.o)
    0x080033d4   0x00000024   Code   RO         2804    i.USBD_CDC_NCM_CoreSetNetAddress  USB_CM3_L.lib(usbd_lib_cdc.o)
    0x080033f8   0x00000038   Code   RO         2805    i.USBD_CDC_NCM_CoreSetNtbFormat  USB_CM3_L.lib(usbd_lib_cdc.o)
    0x08003430   0x00000034   Code   RO         2806    i.USBD_CDC_NCM_CoreSetNtbInputSize  USB_CM3_L.lib(usbd_lib_cdc.o)
    0x08003464   0x000000d4   Code   RO         2822    i.USBD_CDC_Reset    USB_CM3_L.lib(usbd_lib_cdc.o)
    0x08003538   0x00000070   Code   RO         2823    i.USBD_CDC_Uninitialize  USB_CM3_L.lib(usbd_lib_cdc.o)
    0x080035a8   0x00000028   Code   RO         2619    i.USBD_CheckDevice  USB_CM3_L.lib(usbd_lib_core.o)
    0x080035d0   0x00000040   Code   RO         1346    i.USBD_ClassInitialize  usbd_config_0.o
    0x08003610   0x00000040   Code   RO         1347    i.USBD_ClassUninitialize  usbd_config_0.o
    0x08003650   0x00000006   Code   RO         1348    i.USBD_Class_Endpoint0_InDataSent  usbd_config_0.o
    0x08003656   0x00000006   Code   RO         1349    i.USBD_Class_Endpoint0_OutDataReceived  usbd_config_0.o
    0x0800365c   0x00000002   Code   RO         1350    i.USBD_Class_Endpoint0_SetupPacketProcessed  usbd_config_0.o
    0x0800365e   0x00000006   Code   RO         1351    i.USBD_Class_Endpoint0_SetupPacketReceived  usbd_config_0.o
    0x08003664   0x00000018   Code   RO         2621    i.USBD_Connect      USB_CM3_L.lib(usbd_lib_core.o)
    0x0800367c   0x000000d8   Code   RO         2622    i.USBD_Core         USB_CM3_L.lib(usbd_lib_core.o)
    0x08003754   0x00000044   Code   RO         3389    i.USBD_Core_Endpoint0_InDataSent  USB_CM3_L.lib(usbd_lib_core_device.o)
    0x08003798   0x00000044   Code   RO         3390    i.USBD_Core_Endpoint0_OutDataReceived  USB_CM3_L.lib(usbd_lib_core_device.o)
    0x080037dc   0x0000003c   Code   RO         3391    i.USBD_Core_Endpoint0_SetupPacketProcessed  USB_CM3_L.lib(usbd_lib_core_device.o)
    0x08003818   0x00000050   Code   RO         3392    i.USBD_Core_Endpoint0_SetupPacketReceived  USB_CM3_L.lib(usbd_lib_core_device.o)
    0x08003868   0x00000094   Code   RO         2623    i.USBD_Core_Thread  USB_CM3_L.lib(usbd_lib_core.o)
    0x080038fc   0x00000064   Code   RO         2624    i.USBD_DataInStage  USB_CM3_L.lib(usbd_lib_core.o)
    0x08003960   0x0000002c   Code   RO         2625    i.USBD_DataOutStage  USB_CM3_L.lib(usbd_lib_core.o)
    0x0800398c   0x0000000e   Code   RO         1352    i.USBD_Delay        usbd_config_0.o
    0x0800399a   0x00000002   Code   RO         1353    i.USBD_Device0_ConfigurationChanged  usbd_config_0.o
    0x0800399c   0x00000002   Code   RO         1354    i.USBD_Device0_DisableRemoteWakeup  usbd_config_0.o
    0x0800399e   0x00000002   Code   RO         1355    i.USBD_Device0_EnableRemoteWakeup  usbd_config_0.o
    0x080039a0   0x00000006   Code   RO         1356    i.USBD_Device0_Endpoint0_InDataSent  usbd_config_0.o
    0x080039a6   0x00000006   Code   RO         1357    i.USBD_Device0_Endpoint0_OutDataReceived  usbd_config_0.o
    0x080039ac   0x00000002   Code   RO         1358    i.USBD_Device0_Endpoint0_SetupPacketProcessed  usbd_config_0.o
    0x080039ae   0x00000006   Code   RO         1359    i.USBD_Device0_Endpoint0_SetupPacketReceived  usbd_config_0.o
    0x080039b4   0x00000002   Code   RO         1360    i.USBD_Device0_EventReset  usbd_config_0.o
    0x080039b6   0x00000002   Code   RO         1361    i.USBD_Device0_HighSpeedActivated  usbd_config_0.o
    0x080039b8   0x00000002   Code   RO         1362    i.USBD_Device0_Initialize  usbd_config_0.o
    0x080039ba   0x00000008   Code   RO         1363    i.USBD_Device0_Reset  usbd_config_0.o
    0x080039c2   0x00000002   Code   RO         1364    i.USBD_Device0_Resumed  usbd_config_0.o
    0x080039c4   0x00000002   Code   RO         1365    i.USBD_Device0_Suspended  usbd_config_0.o
    0x080039c6   0x00000002   Code   RO         1366    i.USBD_Device0_Uninitialize  usbd_config_0.o
    0x080039c8   0x00000002   Code   RO         1367    i.USBD_Device0_VbusChanged  usbd_config_0.o
    0x080039ca   0x00000002   PAD
    0x080039cc   0x00000030   Code   RO          749    i.USBD_DeviceConnect  usbd_stm32f10x.o
    0x080039fc   0x00000020   Code   RO          750    i.USBD_DeviceDisconnect  usbd_stm32f10x.o
    0x08003a1c   0x00000040   Code   RO          751    i.USBD_DeviceGetState  usbd_stm32f10x.o
    0x08003a5c   0x0000003c   Code   RO          752    i.USBD_DeviceRemoteWakeup  usbd_stm32f10x.o
    0x08003a98   0x00000024   Code   RO          753    i.USBD_DeviceSetAddress  usbd_stm32f10x.o
    0x08003abc   0x00000068   Code   RO         2698    i.USBD_DriverDeviceConnect  USB_CM3_L.lib(usbd_lib_drv.o)
    0x08003b24   0x0000006c   Code   RO         2702    i.USBD_DriverDeviceSetAddress  USB_CM3_L.lib(usbd_lib_drv.o)
    0x08003b90   0x000000d0   Code   RO         2703    i.USBD_DriverEndpointConfigure  USB_CM3_L.lib(usbd_lib_drv.o)
    0x08003c60   0x000000b4   Code   RO         2704    i.USBD_DriverEndpointStall  USB_CM3_L.lib(usbd_lib_drv.o)
    0x08003d14   0x000000e4   Code   RO         2705    i.USBD_DriverEndpointTransfer  USB_CM3_L.lib(usbd_lib_drv.o)
    0x08003df8   0x000000b4   Code   RO         2706    i.USBD_DriverEndpointTransferAbort  USB_CM3_L.lib(usbd_lib_drv.o)
    0x08003eac   0x00000078   Code   RO         2707    i.USBD_DriverEndpointTransferGetResult  USB_CM3_L.lib(usbd_lib_drv.o)
    0x08003f24   0x000000b4   Code   RO         2708    i.USBD_DriverEndpointUnconfigure  USB_CM3_L.lib(usbd_lib_drv.o)
    0x08003fd8   0x00000010   Code   RO         2709    i.USBD_DriverGetCapabilities  USB_CM3_L.lib(usbd_lib_drv.o)
    0x08003fe8   0x00000010   Code   RO         2711    i.USBD_DriverGetVersion  USB_CM3_L.lib(usbd_lib_drv.o)
    0x08003ff8   0x00000070   Code   RO         2712    i.USBD_DriverInitialize  USB_CM3_L.lib(usbd_lib_drv.o)
    0x08004068   0x0000006c   Code   RO         2713    i.USBD_DriverPowerControl  USB_CM3_L.lib(usbd_lib_drv.o)
    0x080040d4   0x0000006c   Code   RO         2714    i.USBD_DriverReadSetupPacket  USB_CM3_L.lib(usbd_lib_drv.o)
    0x08004140   0x000000dc   Code   RO          754    i.USBD_EP_HW_Read   usbd_stm32f10x.o
    0x0800421c   0x000000a4   Code   RO          755    i.USBD_EP_HW_Write  usbd_stm32f10x.o
    0x080042c0   0x00000380   Code   RO         2627    i.USBD_Endpoint0    USB_CM3_L.lib(usbd_lib_core.o)
    0x08004640   0x00000002   Code   RO         1368    i.USBD_Endpoint0_ClearFeatureStall_MSC  usbd_config_0.o
    0x08004642   0x00000006   Code   RO         1369    i.USBD_Endpoint0_Out_ADC_ReqToEP  usbd_config_0.o
    0x08004648   0x00000006   Code   RO         1370    i.USBD_Endpoint0_Out_ADC_ReqToIF  usbd_config_0.o
    0x0800464e   0x00000002   PAD
    0x08004650   0x00000104   Code   RO         3409    i.USBD_Endpoint0_Out_CDC_ReqToIF  USB_CM3_L.lib(usbd_lib_core_cdc.o)
    0x08004754   0x00000006   Code   RO         1371    i.USBD_Endpoint0_Out_HID_ReqToIF  usbd_config_0.o
    0x0800475a   0x00000006   Code   RO         1372    i.USBD_Endpoint0_ReqGetDescriptor_HID  usbd_config_0.o
    0x08004760   0x00000006   Code   RO         1373    i.USBD_Endpoint0_ReqGetExtProp_CC  usbd_config_0.o
    0x08004766   0x00000006   Code   RO         1374    i.USBD_Endpoint0_Setup_ADC_ReqToEP  usbd_config_0.o
    0x0800476c   0x00000006   Code   RO         1375    i.USBD_Endpoint0_Setup_ADC_ReqToIF  usbd_config_0.o
    0x08004772   0x00000002   PAD
    0x08004774   0x00000334   Code   RO         3410    i.USBD_Endpoint0_Setup_CDC_ReqToIF  USB_CM3_L.lib(usbd_lib_core_cdc.o)
    0x08004aa8   0x00000006   Code   RO         1376    i.USBD_Endpoint0_Setup_HID_ReqToIF  usbd_config_0.o
    0x08004aae   0x00000006   Code   RO         1377    i.USBD_Endpoint0_Setup_MSC_ReqToIF  usbd_config_0.o
    0x08004ab4   0x000001c0   Code   RO          756    i.USBD_EndpointConfigure  usbd_stm32f10x.o
    0x08004c74   0x000000d4   Code   RO          757    i.USBD_EndpointStall  usbd_stm32f10x.o
    0x08004d48   0x00000064   Code   RO         1378    i.USBD_EndpointStart  usbd_config_0.o
    0x08004dac   0x00000064   Code   RO         1379    i.USBD_EndpointStop  usbd_config_0.o
    0x08004e10   0x0000007c   Code   RO          758    i.USBD_EndpointTransfer  usbd_stm32f10x.o
    0x08004e8c   0x00000060   Code   RO          759    i.USBD_EndpointTransferAbort  usbd_stm32f10x.o
    0x08004eec   0x00000028   Code   RO          760    i.USBD_EndpointTransferGetResult  usbd_stm32f10x.o
    0x08004f14   0x000000bc   Code   RO          761    i.USBD_EndpointUnconfigure  usbd_stm32f10x.o
    0x08004fd0   0x0000000c   Code   RO          762    i.USBD_GetCapabilities  usbd_stm32f10x.o
    0x08004fdc   0x0000001c   Code   RO          763    i.USBD_GetFrameNumber  usbd_stm32f10x.o
    0x08004ff8   0x00000010   Code   RO          764    i.USBD_GetVersion   usbd_stm32f10x.o
    0x08005008   0x0000002c   Code   RO          765    i.USBD_Initialize   usbd_stm32f10x.o
    0x08005034   0x000001b0   Code   RO         2636    i.USBD_Initialize   USB_CM3_L.lib(usbd_lib_core.o)
    0x080051e4   0x00000148   Code   RO          766    i.USBD_PowerControl  usbd_stm32f10x.o
    0x0800532c   0x00000048   Code   RO          767    i.USBD_ReadSetupPacket  usbd_stm32f10x.o
    0x08005374   0x00000194   Code   RO         2637    i.USBD_ReqGetDescriptor  USB_CM3_L.lib(usbd_lib_core.o)
    0x08005508   0x000000b4   Code   RO         2638    i.USBD_ReqGetMSDescriptor  USB_CM3_L.lib(usbd_lib_core.o)
    0x080055bc   0x000000b4   Code   RO         2639    i.USBD_ReqGetStatus  USB_CM3_L.lib(usbd_lib_core.o)
    0x08005670   0x00000110   Code   RO         2640    i.USBD_ReqSetClrFeature  USB_CM3_L.lib(usbd_lib_core.o)
    0x08005780   0x00000268   Code   RO         2641    i.USBD_ReqSetConfiguration  USB_CM3_L.lib(usbd_lib_core.o)
    0x080059e8   0x00000198   Code   RO         2642    i.USBD_ReqSetInterface  USB_CM3_L.lib(usbd_lib_core.o)
    0x08005b80   0x00000054   Code   RO          768    i.USBD_Reset        usbd_stm32f10x.o
    0x08005bd4   0x00000034   Code   RO         1380    i.USBD_Reset        usbd_config_0.o
    0x08005c08   0x00000028   Code   RO         2643    i.USBD_ResetCore    USB_CM3_L.lib(usbd_lib_core.o)
    0x08005c30   0x00000026   Code   RO         1381    i.USBD_SemaphoreAcquire  usbd_config_0.o
    0x08005c56   0x00000002   PAD
    0x08005c58   0x00000060   Code   RO         1382    i.USBD_SemaphoreCreate  usbd_config_0.o
    0x08005cb8   0x00000016   Code   RO         1383    i.USBD_SemaphoreDelete  usbd_config_0.o
    0x08005cce   0x00000016   Code   RO         1384    i.USBD_SemaphoreRelease  usbd_config_0.o
    0x08005ce4   0x00000002   Code   RO         1385    i.USBD_SetConfiguration  usbd_config_0.o
    0x08005ce6   0x00000002   PAD
    0x08005ce8   0x00000010   Code   RO         2716    i.USBD_SignalDeviceEvent  USB_CM3_L.lib(usbd_lib_drv.o)
    0x08005cf8   0x00000048   Code   RO         2717    i.USBD_SignalEndpointEvent  USB_CM3_L.lib(usbd_lib_drv.o)
    0x08005d40   0x0000000a   Code   RO         2645    i.USBD_StatusInStage  USB_CM3_L.lib(usbd_lib_core.o)
    0x08005d4a   0x00000010   Code   RO         2646    i.USBD_StatusInStageDone  USB_CM3_L.lib(usbd_lib_core.o)
    0x08005d5a   0x0000000a   Code   RO         2647    i.USBD_StatusOutStage  USB_CM3_L.lib(usbd_lib_core.o)
    0x08005d64   0x00000030   Code   RO         2648    i.USBD_StatusOutStageDone  USB_CM3_L.lib(usbd_lib_core.o)
    0x08005d94   0x00000078   Code   RO         1386    i.USBD_ThreadCreate  usbd_config_0.o
    0x08005e0c   0x00000018   Code   RO         1387    i.USBD_ThreadFlagsSet  usbd_config_0.o
    0x08005e24   0x0000002a   Code   RO         1388    i.USBD_ThreadFlagsWait  usbd_config_0.o
    0x08005e4e   0x00000016   Code   RO         1389    i.USBD_ThreadTerminate  usbd_config_0.o
    0x08005e64   0x0000000c   Code   RO          769    i.USBD_Uninitialize  usbd_stm32f10x.o
    0x08005e70   0x000001e4   Code   RO          770    i.USB_LP_CAN1_RX0_IRQHandler  usbd_stm32f10x.o
    0x08006054   0x0000002c   Code   RO          529    i.__user_perthread_libspace  rtx_conf_cm.o
    0x08006080   0x00000046   Code   RO         3262    i._init_box         RTX_CM3.lib(rt_membox.o)
    0x080060c6   0x00000002   PAD
    0x080060c8   0x00000020   Code   RO          530    i._mutex_acquire    rtx_conf_cm.o
    0x080060e8   0x0000002c   Code   RO          531    i._mutex_initialize  rtx_conf_cm.o
    0x08006114   0x0000001c   Code   RO          532    i._mutex_release    rtx_conf_cm.o
    0x08006130   0x00000026   Code   RO          901    i._sys_close        retarget_io.o
    0x08006156   0x00000024   Code   RO          902    i._sys_flen         retarget_io.o
    0x0800617a   0x00000024   Code   RO          903    i._sys_istty        retarget_io.o
    0x0800619e   0x00000002   PAD
    0x080061a0   0x00000068   Code   RO          904    i._sys_open         retarget_io.o
    0x08006208   0x0000002c   Code   RO          906    i._sys_seek         retarget_io.o
    0x08006234   0x00000058   Code   RO          907    i._sys_write        retarget_io.o
    0x0800628c   0x00000030   Code   RO         3315    i.dbg_init          RTX_CM3.lib(hal_cm.o)
    0x080062bc   0x00000020   Code   RO         3316    i.dbg_task_notify   RTX_CM3.lib(hal_cm.o)
    0x080062dc   0x00000010   Code   RO         3317    i.dbg_task_switch   RTX_CM3.lib(hal_cm.o)
    0x080062ec   0x0000001a   Code   RO         3569    i.fputc             c_w.l(fputc.o)
    0x08006306   0x0000002a   Code   RO         1872    i.isrMessageGet     RTX_CM3.lib(rt_cmsis.o)
    0x08006330   0x0000002c   Code   RO         1873    i.isrMessagePut     RTX_CM3.lib(rt_cmsis.o)
    0x0800635c   0x00000028   Code   RO         1874    i.isrSemaphoreRelease  RTX_CM3.lib(rt_cmsis.o)
    0x08006384   0x00000024   Code   RO         1875    i.isrSignalSet      RTX_CM3.lib(rt_cmsis.o)
    0x080063a8   0x00000028   Code   RO         2999    i.isr_evt_set       RTX_CM3.lib(rt_event.o)
    0x080063d0   0x00000056   Code   RO         3117    i.isr_mbx_receive   RTX_CM3.lib(rt_mailbox.o)
    0x08006426   0x0000000e   Code   RO         3118    i.isr_mbx_send      RTX_CM3.lib(rt_mailbox.o)
    0x08006434   0x00000010   Code   RO         3165    i.isr_sem_send      RTX_CM3.lib(rt_semaphore.o)
    0x08006444   0x00000078   Code   RO            4    i.main              main.o
    0x080064bc   0x00000018   Code   RO         1876    i.osDelay           RTX_CM3.lib(rt_cmsis.o)
    0x080064d4   0x00000024   Code   RO         1877    i.osKernelInitialize  RTX_CM3.lib(rt_cmsis.o)
    0x080064f8   0x0000006c   Code   RO         1879    i.osKernelStart     RTX_CM3.lib(rt_cmsis.o)
    0x08006564   0x00000018   Code   RO         1888    i.osMessageGet      RTX_CM3.lib(rt_cmsis.o)
    0x0800657c   0x0000002c   Code   RO         1898    i.osSemaphoreCreate  RTX_CM3.lib(rt_cmsis.o)
    0x080065a8   0x00000018   Code   RO         1899    i.osSemaphoreDelete  RTX_CM3.lib(rt_cmsis.o)
    0x080065c0   0x00000018   Code   RO         1900    i.osSemaphoreRelease  RTX_CM3.lib(rt_cmsis.o)
    0x080065d8   0x00000018   Code   RO         1901    i.osSemaphoreWait   RTX_CM3.lib(rt_cmsis.o)
    0x080065f0   0x00000018   Code   RO         1903    i.osSignalSet       RTX_CM3.lib(rt_cmsis.o)
    0x08006608   0x00000018   Code   RO         1904    i.osSignalWait      RTX_CM3.lib(rt_cmsis.o)
    0x08006620   0x0000002c   Code   RO         1905    i.osThreadCreate    RTX_CM3.lib(rt_cmsis.o)
    0x0800664c   0x00000018   Code   RO         1906    i.osThreadExit      RTX_CM3.lib(rt_cmsis.o)
    0x08006664   0x00000018   Code   RO         1910    i.osThreadTerminate  RTX_CM3.lib(rt_cmsis.o)
    0x0800667c   0x0000000c   Code   RO         1912    i.osTimerCall       RTX_CM3.lib(rt_cmsis.o)
    0x08006688   0x0000002c   Code   RO         1917    i.osTimerThread     RTX_CM3.lib(rt_cmsis.o)
    0x080066b4   0x00000022   Code   RO          533    i.os_error          rtx_conf_cm.o
    0x080066d6   0x00000004   Code   RO          534    i.os_idle_demon     rtx_conf_cm.o
    0x080066da   0x00000002   PAD
    0x080066dc   0x00000028   Code   RO         2909    i.os_tick_init      RTX_CM3.lib(rt_system.o)
    0x08006704   0x00000002   Code   RO         2910    i.os_tick_irqack    RTX_CM3.lib(rt_system.o)
    0x08006706   0x0000001a   Code   RO         3263    i.rt_alloc_box      RTX_CM3.lib(rt_membox.o)
    0x08006720   0x0000003e   Code   RO         3291    i.rt_alloc_mem      RTX_CM3.lib(rt_memory.o)
    0x0800675e   0x00000002   PAD
    0x08006760   0x00000038   Code   RO         2494    i.rt_block          RTX_CM3.lib(rt_task.o)
    0x08006798   0x00000048   Code   RO         3240    i.rt_chk_robin      RTX_CM3.lib(rt_robin.o)
    0x080067e0   0x00000070   Code   RO         3041    i.rt_dec_dly        RTX_CM3.lib(rt_list.o)
    0x08006850   0x00000044   Code   RO         2495    i.rt_dispatch       RTX_CM3.lib(rt_task.o)
    0x08006894   0x00000006   Code   RO         3207    i.rt_dly_wait       RTX_CM3.lib(rt_time.o)
    0x0800689a   0x00000002   PAD
    0x0800689c   0x00000050   Code   RO         3002    i.rt_evt_psh        RTX_CM3.lib(rt_event.o)
    0x080068ec   0x0000005c   Code   RO         3003    i.rt_evt_set        RTX_CM3.lib(rt_event.o)
    0x08006948   0x0000003c   Code   RO         3004    i.rt_evt_wait       RTX_CM3.lib(rt_event.o)
    0x08006984   0x0000002c   Code   RO         3264    i.rt_free_box       RTX_CM3.lib(rt_membox.o)
    0x080069b0   0x00000028   Code   RO         3292    i.rt_free_mem       RTX_CM3.lib(rt_memory.o)
    0x080069d8   0x00000028   Code   RO         3042    i.rt_get_first      RTX_CM3.lib(rt_list.o)
    0x08006a00   0x00000008   Code   RO         1922    i.rt_id2obj         RTX_CM3.lib(rt_cmsis.o)
    0x08006a08   0x00000048   Code   RO         2496    i.rt_init_context   RTX_CM3.lib(rt_task.o)
    0x08006a50   0x0000001a   Code   RO         3293    i.rt_init_mem       RTX_CM3.lib(rt_memory.o)
    0x08006a6a   0x00000002   PAD
    0x08006a6c   0x00000018   Code   RO         3241    i.rt_init_robin     RTX_CM3.lib(rt_robin.o)
    0x08006a84   0x00000080   Code   RO         3318    i.rt_init_stack     RTX_CM3.lib(hal_cm.o)
    0x08006b04   0x00000008   Code   RO         3119    i.rt_mbx_check      RTX_CM3.lib(rt_mailbox.o)
    0x08006b0c   0x0000001a   Code   RO         3120    i.rt_mbx_init       RTX_CM3.lib(rt_mailbox.o)
    0x08006b26   0x00000002   PAD
    0x08006b28   0x000000f0   Code   RO         3121    i.rt_mbx_psh        RTX_CM3.lib(rt_mailbox.o)
    0x08006c18   0x000000b4   Code   RO         3123    i.rt_mbx_wait       RTX_CM3.lib(rt_mailbox.o)
    0x08006ccc   0x00000044   Code   RO         1923    i.rt_ms2tick        RTX_CM3.lib(rt_cmsis.o)
    0x08006d10   0x00000010   Code   RO         2579    i.rt_mut_init       RTX_CM3.lib(rt_mutex.o)
    0x08006d20   0x000000d8   Code   RO         2580    i.rt_mut_release    RTX_CM3.lib(rt_mutex.o)
    0x08006df8   0x00000078   Code   RO         2581    i.rt_mut_wait       RTX_CM3.lib(rt_mutex.o)
    0x08006e70   0x0000007c   Code   RO         2913    i.rt_pop_req        RTX_CM3.lib(rt_system.o)
    0x08006eec   0x00000020   Code   RO         2914    i.rt_psh_req        RTX_CM3.lib(rt_system.o)
    0x08006f0c   0x0000005c   Code   RO         3044    i.rt_psq_enq        RTX_CM3.lib(rt_list.o)
    0x08006f68   0x00000048   Code   RO         3045    i.rt_put_dly        RTX_CM3.lib(rt_list.o)
    0x08006fb0   0x00000036   Code   RO         3046    i.rt_put_prio       RTX_CM3.lib(rt_list.o)
    0x08006fe6   0x00000002   PAD
    0x08006fe8   0x00000014   Code   RO         3047    i.rt_put_rdy_first  RTX_CM3.lib(rt_list.o)
    0x08006ffc   0x00000034   Code   RO         3048    i.rt_resort_prio    RTX_CM3.lib(rt_list.o)
    0x08007030   0x00000006   Code   RO         3319    i.rt_ret_val        RTX_CM3.lib(hal_cm.o)
    0x08007036   0x00000008   Code   RO         3320    i.rt_ret_val2       RTX_CM3.lib(hal_cm.o)
    0x0800703e   0x00000028   Code   RO         3049    i.rt_rmv_dly        RTX_CM3.lib(rt_list.o)
    0x08007066   0x00000002   PAD
    0x08007068   0x00000030   Code   RO         3050    i.rt_rmv_list       RTX_CM3.lib(rt_list.o)
    0x08007098   0x0000005c   Code   RO         3166    i.rt_sem_delete     RTX_CM3.lib(rt_semaphore.o)
    0x080070f4   0x0000000c   Code   RO         3167    i.rt_sem_init       RTX_CM3.lib(rt_semaphore.o)
    0x08007100   0x00000034   Code   RO         3168    i.rt_sem_psh        RTX_CM3.lib(rt_semaphore.o)
    0x08007134   0x0000002a   Code   RO         3169    i.rt_sem_send       RTX_CM3.lib(rt_semaphore.o)
    0x0800715e   0x00000002   PAD
    0x08007160   0x00000040   Code   RO         3170    i.rt_sem_wait       RTX_CM3.lib(rt_semaphore.o)
    0x080071a0   0x00000024   Code   RO         2916    i.rt_stk_check      RTX_CM3.lib(rt_system.o)
    0x080071c4   0x00000028   Code   RO         2497    i.rt_switch_req     RTX_CM3.lib(rt_task.o)
    0x080071ec   0x000000cc   Code   RO         2498    i.rt_sys_init       RTX_CM3.lib(rt_task.o)
    0x080072b8   0x00000078   Code   RO         2499    i.rt_sys_start      RTX_CM3.lib(rt_task.o)
    0x08007330   0x00000040   Code   RO         2918    i.rt_systick        RTX_CM3.lib(rt_system.o)
    0x08007370   0x00000012   Code   RO         1924    i.rt_tid2ptcb       RTX_CM3.lib(rt_cmsis.o)
    0x08007382   0x00000002   PAD
    0x08007384   0x00000034   Code   RO         1925    i.rt_timer_insert   RTX_CM3.lib(rt_cmsis.o)
    0x080073b8   0x00000088   Code   RO         2500    i.rt_tsk_create     RTX_CM3.lib(rt_task.o)
    0x08007440   0x0000017c   Code   RO         2501    i.rt_tsk_delete     RTX_CM3.lib(rt_task.o)
    0x080075bc   0x0000007c   Code   RO         2503    i.rt_tsk_prio       RTX_CM3.lib(rt_task.o)
    0x08007638   0x00000010   Code   RO         2504    i.rt_tsk_self       RTX_CM3.lib(rt_task.o)
    0x08007648   0x0000000c   Code   RO          908    i.stderr_putchar    retarget_io.o
    0x08007654   0x0000000c   Code   RO          910    i.stdout_putchar    retarget_io.o
    0x08007660   0x00000012   Code   RO         1927    i.svcDelay          RTX_CM3.lib(rt_cmsis.o)
    0x08007672   0x00000002   PAD
    0x08007674   0x00000070   Code   RO         1928    i.svcKernelInitialize  RTX_CM3.lib(rt_cmsis.o)
    0x080076e4   0x00000048   Code   RO         1930    i.svcKernelStart    RTX_CM3.lib(rt_cmsis.o)
    0x0800772c   0x00000024   Code   RO         1933    i.svcMessageCreate  RTX_CM3.lib(rt_cmsis.o)
    0x08007750   0x0000003a   Code   RO         1934    i.svcMessageGet     RTX_CM3.lib(rt_cmsis.o)
    0x0800778a   0x00000024   Code   RO         1941    i.svcSemaphoreCreate  RTX_CM3.lib(rt_cmsis.o)
    0x080077ae   0x0000001a   Code   RO         1942    i.svcSemaphoreDelete  RTX_CM3.lib(rt_cmsis.o)
    0x080077c8   0x00000028   Code   RO         1943    i.svcSemaphoreRelease  RTX_CM3.lib(rt_cmsis.o)
    0x080077f0   0x00000032   Code   RO         1944    i.svcSemaphoreWait  RTX_CM3.lib(rt_cmsis.o)
    0x08007822   0x00000024   Code   RO         1946    i.svcSignalSet      RTX_CM3.lib(rt_cmsis.o)
    0x08007846   0x00000002   PAD
    0x08007848   0x00000054   Code   RO         1947    i.svcSignalWait     RTX_CM3.lib(rt_cmsis.o)
    0x0800789c   0x0000006c   Code   RO         1948    i.svcThreadCreate   RTX_CM3.lib(rt_cmsis.o)
    0x08007908   0x0000001c   Code   RO         1949    i.svcThreadGetId    RTX_CM3.lib(rt_cmsis.o)
    0x08007924   0x00000038   Code   RO         1952    i.svcThreadTerminate  RTX_CM3.lib(rt_cmsis.o)
    0x0800795c   0x00000018   Code   RO         1954    i.svcTimerCall      RTX_CM3.lib(rt_cmsis.o)
    0x08007974   0x0000005c   Code   RO         1963    i.sysTimerTick      RTX_CM3.lib(rt_cmsis.o)
    0x080079d0   0x00000010   Data   RO          123    .constdata          thread_led.o
    0x080079e0   0x00000068   Data   RO          536    .constdata          rtx_conf_cm.o
    0x08007a48   0x00000084   Data   RO          613    .constdata          spi_stm32f10x.o
    0x08007acc   0x00000070   Data   RO          772    .constdata          usbd_stm32f10x.o
    0x08007b3c   0x00000017   Data   RO          911    .constdata          retarget_io.o
    0x08007b53   0x00000001   PAD
    0x08007b54   0x0000029f   Data   RO         1395    .constdata          usbd_config_0.o
    0x08007df3   0x00000001   PAD
    0x08007df4   0x00000020   Data   RO         3864    Region$$Table       anon$$obj.o
    0x08007e14   0x00000004   Data   RO         3376    __MW_USB_LIB_VERSION_6.13.6  USB_CM3_L.lib(usb_lib_ver.o)


    Execution Region RW_IRAM1 (Base: 0x20000000, Size: 0x000038c8, Max: 0x00005000, ABSOLUTE, COMPRESSED[0x00000038])

    Base Addr    Size         Type   Attr      Idx    E Section Name        Object

    0x20000000   0x00000004   Data   RW            5    .data               main.o
    0x20000004   0x00000004   Data   RW          124    .data               thread_led.o
    0x20000008   0x00000007   Data   RW          175    .data               usbd_user_cdc_acm_0.o
    0x2000000f   0x00000001   PAD
    0x20000010   0x00000014   Data   RW          537    .data               rtx_conf_cm.o
    0x20000024   0x00000020   Data   RW          773    .data               usbd_stm32f10x.o
    0x20000044   0x00000094   Data   RW         1396    .data               usbd_config_0.o
    0x200000d8   0x00000008   Data   RW         1966    .data               RTX_CM3.lib(rt_cmsis.o)
    0x200000e0   0x00000008   Data   RW         2506    .data               RTX_CM3.lib(rt_task.o)
    0x200000e8   0x00000010   Data   RW         2650    .data               USB_CM3_L.lib(usbd_lib_core.o)
    0x200000f8   0x00000017   Data   RW         2825    .data               USB_CM3_L.lib(usbd_lib_cdc.o)
    0x2000010f   0x00000001   PAD
    0x20000110   0x00000008   Data   RW         2921    .data               RTX_CM3.lib(rt_system.o)
    0x20000118   0x00000004   Data   RW         3211    .data               RTX_CM3.lib(rt_time.o)
    0x2000011c   0x00000008   Data   RW         3242    .data               RTX_CM3.lib(rt_robin.o)
    0x20000124   0x00000001   Data   RW         3321    .data               RTX_CM3.lib(hal_cm.o)
    0x20000125   0x00000003   PAD
    0x20000128   0x00000004   Data   RW         3526    .data               c_w.l(stdio_streams.o)
    0x2000012c   0x00000004   Data   RW         3527    .data               c_w.l(stdio_streams.o)
    0x20000130   0x00000004   Data   RW         3528    .data               c_w.l(stdio_streams.o)
    0x20000134   0x00000004   Data   RW         3648    .data               c_w.l(streamlock.o)
    0x20000138   0x00002708   Zero   RW          535    .bss                rtx_conf_cm.o
    0x20002840   0x00000028   Zero   RW          612    .bss                spi_stm32f10x.o
    0x20002868   0x00000168   Zero   RW          771    .bss                usbd_stm32f10x.o
    0x200029d0   0x00000010   PAD
    0x200029e0   0x00000726   Zero   RW         1394    .bss                usbd_config_0.o
    0x20003106   0x00000002   PAD
    0x20003108   0x00000034   Zero   RW         2505    .bss                RTX_CM3.lib(rt_task.o)
    0x2000313c   0x00000030   Zero   RW         3051    .bss                RTX_CM3.lib(rt_list.o)
    0x2000316c   0x00000060   Zero   RW         3428    .bss                c_w.l(libspace.o)
    0x200031cc   0x00000054   Zero   RW         3523    .bss                c_w.l(stdio_streams.o)
    0x20003220   0x00000054   Zero   RW         3524    .bss                c_w.l(stdio_streams.o)
    0x20003274   0x00000054   Zero   RW         3525    .bss                c_w.l(stdio_streams.o)
    0x200032c8   0x00000200   Zero   RW         1256    HEAP                startup_stm32f10x_md.o
    0x200034c8   0x00000400   Zero   RW         1255    STACK               startup_stm32f10x_md.o


==============================================================================

Image component sizes


      Code (inc. data)   RO Data    RW Data    ZI Data      Debug   Object Name

       210         30          0          0          0       7259   dma_stm32f10x.o
       744         76          0          0          0       3357   gpio_stm32f10x.o
       120         12          0          4          0     236002   main.o
       418         30         23          0          0       6946   retarget_io.o
         0          0          0          0          0       2884   rh_rf95.o
       214         48        104         20       9992      10295   rtx_conf_cm.o
      3030        104        132          0         40      45928   spi_stm32f10x.o
        64         26        236          0       1536        812   startup_stm32f10x_md.o
       328         28          0          0          0       1957   system_stm32f10x.o
       212         30         16          4          0      26988   thread_led.o
      1048         54        671        148       1830      64874   usbd_config_0.o
      2940        306        112         32        360      23219   usbd_stm32f10x.o
       556        350          0          7          0       5884   usbd_user_cdc_acm_0.o

    ----------------------------------------------------------------------
      9916       1094       1328        216      13776     436405   Object Totals
         0          0         32          0          0          0   (incl. Generated)
        32          0          2          1         18          0   (incl. Padding)

    ----------------------------------------------------------------------

      Code (inc. data)   RO Data    RW Data    ZI Data      Debug   Library Member Name

       238         24          0          1          0       3268   hal_cm.o
       304         36          0          0          0        760   hal_cm3.o
      1688        190          0          8          0      42794   rt_cmsis.o
       272         18          0          0          0       2618   rt_event.o
       530         34          0          0         48       8169   rt_list.o
       554         10          0          0          0       3901   rt_mailbox.o
       140          0          0          0          0       1901   rt_membox.o
       128          0          0          0          0       2275   rt_memory.o
       352         14          0          0          0       2085   rt_mutex.o
        96         22          0          8          0       1134   rt_robin.o
       278         18          0          0          0       3494   rt_semaphore.o
       298         52          0          8          0       6151   rt_system.o
      1216        174          0          8         52       9565   rt_task.o
         6          0          0          4          0        644   rt_time.o
         4          4          0          0          0        200   svc_table.o
         0          0          4          0          0          0   usb_lib_ver.o
      3380        316          0         23          0       3220   usbd_lib_cdc.o
      4090        238          0         16          0       1652   usbd_lib_core.o
      1080         42          0          0          0        204   usbd_lib_core_cdc.o
       276         54          0          0          0        324   usbd_lib_core_device.o
      1756        154          0          0          0       1276   usbd_lib_drv.o
        90          0          0          0          0          0   __dczerorl2.o
         8          0          0          0          0         68   __main.o
       104          0          0          0          0         84   __printf.o
         0          0          0          0          0          0   __rtentry.o
        20          0          0          0          0          0   __rtentry2.o
         6          0          0          0          0          0   __rtentry4.o
        52          8          0          0          0          0   __scatter.o
        28          0          0          0          0          0   __scatter_zi.o
        44          0          0          0          0        108   _printf_char.o
        48          6          0          0          0         96   _printf_char_common.o
        64          6          0          0          0         84   _printf_char_file_locked.o
         6          0          0          0          0          0   _printf_d.o
       120         16          0          0          0         92   _printf_dec.o
       178          0          0          0          0         88   _printf_intcommon.o
         0          0          0          0          0          0   _printf_percent.o
         4          0          0          0          0          0   _printf_percent_end.o
         6          0          0          0          0          0   _printf_s.o
        82          0          0          0          0         80   _printf_str.o
        10          0          0          0          0         68   defsig_exit.o
        50          0          0          0          0         88   defsig_general.o
        80         58          0          0          0         76   defsig_rtmem_inner.o
        14          0          0          0          0         80   defsig_rtmem_outer.o
        52         38          0          0          0         76   defsig_rtred_inner.o
        14          0          0          0          0         80   defsig_rtred_outer.o
        18          0          0          0          0         80   exit.o
        76          0          0          0          0         88   fclose.o
       470          0          0          0          0         88   flsbuf.o
       324          8          0          0          0        152   fopen_locked.o
        26          0          0          0          0         68   fputc.o
       248          6          0          0          0         84   fseek.o
        66          0          0          0          0         76   ftell.o
       158          0          0          0          0        128   h1_alloc_mt.o
        62          0          0          0          0         80   h1_extend_mt.o
       118          0          0          0          0        108   h1_free_mt.o
        18          0          0          0          0         84   h1_init_mt.o
         6          0          0          0          0        152   heapauxi.o
         4          0          0          0          0        136   hguard.o
         0          0          0          0          0          0   indicate_semi.o
       138          0          0          0          0        168   init_alloc.o
       456         48          0          0          0        116   initio_locked.o
         2          0          0          0          0          0   libinit.o
        14          0          0          0          0          0   libinit2.o
         2          0          0          0          0          0   libshutdown.o
         6          0          0          0          0          0   libshutdown2.o
         8          4          0          0         96         68   libspace.o
         0          0          0          0          0          0   maybetermalloc1.o
        24          4          0          0          0         84   noretval__2printf.o
         4          0          0          0          0         68   rt_errno_addr_twolibspace.o
        10          0          0          0          0         76   rt_heap_descriptor_twolibspace.o
        68          0          0          0          0         68   rt_memclr.o
        78          0          0          0          0         80   rt_memclr_w.o
       138          0          0          0          0         68   rt_memcpy_v6.o
       100          0          0          0          0         80   rt_memcpy_w.o
         2          0          0          0          0          0   rtexit.o
        10          0          0          0          0          0   rtexit2.o
       104          0          0          0          0         88   setvbuf_locked.o
       240          6          0          0          0        156   stdio.o
         0          0          0         12        252          0   stdio_streams.o
       128          0          0          0          0         68   strcmpv7m.o
         0          0          0          4          0          0   streamlock.o
        12          4          0          0          0         68   sys_exit.o
        74          0          0          0          0         80   sys_stackheap_outer.o
        14          0          0          0          0         76   sys_wrch.o
         2          0          0          0          0         68   use_no_semi.o

    ----------------------------------------------------------------------
     21032       1612          4         96        448      99607   Library Totals
        38          0          0          4          0          0   (incl. Padding)

    ----------------------------------------------------------------------

      Code (inc. data)   RO Data    RW Data    ZI Data      Debug   Library Name

      6104        596          0         37        100      88959   RTX_CM3.lib
     10582        804          4         39          0       6676   USB_CM3_L.lib
      4308        212          0         16        348       3972   c_w.l

    ----------------------------------------------------------------------
     21032       1612          4         96        448      99607   Library Totals

    ----------------------------------------------------------------------

==============================================================================


      Code (inc. data)   RO Data    RW Data    ZI Data      Debug   

     30948       2706       1332        312      14224     516404   Grand Totals
     30948       2706       1332         56      14224     516404   ELF Image Totals (compressed)
     30948       2706       1332         56          0          0   ROM Totals

==============================================================================

    Total RO  Size (Code + RO Data)                32280 (  31.52kB)
    Total RW  Size (RW Data + ZI Data)             14536 (  14.20kB)
    Total ROM Size (Code + RO Data + RW Data)      32336 (  31.58kB)

==============================================================================

