Component: ARM Compiler 5.06 update 4 (build 422) Tool: armlink [4d35d2]

==============================================================================

Section Cross References

    main.o(i.main) refers to rt_cmsis.o(i.osKernelInitialize) for osKernelInitialize
    main.o(i.main) refers to thread_led.o(i.Init_Thread_LED) for Init_Thread_LED
    main.o(i.main) refers to rt_cmsis.o(i.osKernelStart) for osKernelStart
    main.o(i.main) refers to gpio_stm32f10x.o(i.GPIO_PortClock) for GPIO_PortClock
    main.o(i.main) refers to gpio_stm32f10x.o(i.GPIO_PinConfigure) for GPIO_PinConfigure
    main.o(i.main) refers to usbd_lib_core.o(i.USBD_Initialize) for USBD_Initialize
    main.o(i.main) refers to usbd_lib_core.o(i.USBD_Connect) for USBD_Connect
    main.o(i.main) refers to radio.o(i.initialiseRadio) for initialiseRadio
    main.o(i.main) refers to rt_cmsis.o(i.osSignalSet) for osSignalSet
    main.o(i.main) refers to rt_cmsis.o(i.osDelay) for osDelay
    main.o(i.main) refers to thread_led.o(.data) for tid_Thread_LED
    main.o(i.main) refers to main.o(.data) for delay_val
    thread_led.o(i.Init_Thread_LED) refers to rt_cmsis.o(i.osThreadCreate) for osThreadCreate
    thread_led.o(i.Init_Thread_LED) refers to thread_led.o(.constdata) for os_thread_def_Thread_LED
    thread_led.o(i.Init_Thread_LED) refers to thread_led.o(.data) for tid_Thread_LED
    thread_led.o(i.Thread_LED) refers to rt_cmsis.o(i.osSignalWait) for osSignalWait
    thread_led.o(i.Thread_LED) refers to usbd_lib_cdc.o(i.USBD_CDC_ACM_WriteData) for USBD_CDC_ACM_WriteData
    thread_led.o(.constdata) refers to thread_led.o(i.Thread_LED) for Thread_LED
    radio.o(i.RadioRX) refers to radio.o(i.RadioSendByte) for RadioSendByte
    radio.o(i.RadioRX) refers to rt_cmsis.o(i.osDelay) for osDelay
    radio.o(i.RadioRX) refers to radio.o(i.SendToRadio) for SendToRadio
    radio.o(i.RadioSendByte) refers to radio.o(i.SendToRadio) for SendToRadio
    radio.o(i.SendToRadio) refers to spi_stm32f10x.o(.constdata) for Driver_SPI1
    radio.o(i.initialiseRadio) refers to _printf_pad.o(.text) for _printf_pre_padding
    radio.o(i.initialiseRadio) refers to _printf_percent.o(.ARM.Collect$$_printf_percent$$00000000) for _printf_percent
    radio.o(i.initialiseRadio) refers to _printf_x.o(.ARM.Collect$$_printf_percent$$0000000C) for _printf_x
    radio.o(i.initialiseRadio) refers to _printf_hex_int.o(.text) for _printf_longlong_hex
    radio.o(i.initialiseRadio) refers to gpio_stm32f10x.o(i.GPIO_PortClock) for GPIO_PortClock
    radio.o(i.initialiseRadio) refers to gpio_stm32f10x.o(i.GPIO_PinConfigure) for GPIO_PinConfigure
    radio.o(i.initialiseRadio) refers to noretval__2printf.o(.text) for __2printf
    radio.o(i.initialiseRadio) refers to rt_cmsis.o(i.osDelay) for osDelay
    radio.o(i.initialiseRadio) refers to radio.o(i.RadioSendByte) for RadioSendByte
    radio.o(i.initialiseRadio) refers to radio.o(i.SendToRadio) for SendToRadio
    radio.o(i.initialiseRadio) refers to spi_stm32f10x.o(.constdata) for Driver_SPI1
    radio.o(i.initialiseRadio) refers to radio.o(i.mySPI_callback) for mySPI_callback
    usbd_user_cdc_acm_0.o(i.USBD_CDC0_ACM_DataReceived) refers to _printf_percent.o(.ARM.Collect$$_printf_percent$$00000000) for _printf_percent
    usbd_user_cdc_acm_0.o(i.USBD_CDC0_ACM_DataReceived) refers to _printf_d.o(.ARM.Collect$$_printf_percent$$00000009) for _printf_d
    usbd_user_cdc_acm_0.o(i.USBD_CDC0_ACM_DataReceived) refers to _printf_s.o(.ARM.Collect$$_printf_percent$$00000014) for _printf_s
    usbd_user_cdc_acm_0.o(i.USBD_CDC0_ACM_DataReceived) refers to _printf_dec.o(.text) for _printf_int_dec
    usbd_user_cdc_acm_0.o(i.USBD_CDC0_ACM_DataReceived) refers to _printf_str.o(.text) for _printf_str
    usbd_user_cdc_acm_0.o(i.USBD_CDC0_ACM_DataReceived) refers to usbd_lib_cdc.o(i.USBD_CDC_ACM_ReadData) for USBD_CDC_ACM_ReadData
    usbd_user_cdc_acm_0.o(i.USBD_CDC0_ACM_DataReceived) refers to noretval__2printf.o(.text) for __2printf
    usbd_user_cdc_acm_0.o(i.USBD_CDC0_ACM_DataSent) refers to noretval__2printf.o(.text) for __2printf
    usbd_user_cdc_acm_0.o(i.USBD_CDC0_ACM_GetEncapsulatedResponse) refers to noretval__2printf.o(.text) for __2printf
    usbd_user_cdc_acm_0.o(i.USBD_CDC0_ACM_GetLineCoding) refers to noretval__2printf.o(.text) for __2printf
    usbd_user_cdc_acm_0.o(i.USBD_CDC0_ACM_GetLineCoding) refers to usbd_user_cdc_acm_0.o(.data) for cdc_acm_line_coding
    usbd_user_cdc_acm_0.o(i.USBD_CDC0_ACM_Initialize) refers to noretval__2printf.o(.text) for __2printf
    usbd_user_cdc_acm_0.o(i.USBD_CDC0_ACM_Reset) refers to noretval__2printf.o(.text) for __2printf
    usbd_user_cdc_acm_0.o(i.USBD_CDC0_ACM_SendEncapsulatedCommand) refers to noretval__2printf.o(.text) for __2printf
    usbd_user_cdc_acm_0.o(i.USBD_CDC0_ACM_SetControlLineState) refers to noretval__2printf.o(.text) for __2printf
[...]
    USBD_Endpoint0_Setup_CDC_ReqToIF         0x08004911   Thumb Code   802  usbd_lib_core_cdc.o(i.USBD_Endpoint0_Setup_CDC_ReqToIF)
    USBD_Endpoint0_Setup_HID_ReqToIF         0x08004c45   Thumb Code     6  usbd_config_0.o(i.USBD_Endpoint0_Setup_HID_ReqToIF)
    USBD_Endpoint0_Setup_MSC_ReqToIF         0x08004c4b   Thumb Code     6  usbd_config_0.o(i.USBD_Endpoint0_Setup_MSC_ReqToIF)
    USBD_EndpointStart                       0x08004ee5   Thumb Code    94  usbd_config_0.o(i.USBD_EndpointStart)
    USBD_EndpointStop                        0x08004f49   Thumb Code    94  usbd_config_0.o(i.USBD_EndpointStop)
    USBD_Initialize                          0x080051d1   Thumb Code   382  usbd_lib_core.o(i.USBD_Initialize)
    USBD_Reset                               0x08005d71   Thumb Code    46  usbd_config_0.o(i.USBD_Reset)
    USBD_SemaphoreAcquire                    0x08005dcd   Thumb Code    38  usbd_config_0.o(i.USBD_SemaphoreAcquire)
    USBD_SemaphoreCreate                     0x08005df5   Thumb Code    88  usbd_config_0.o(i.USBD_SemaphoreCreate)
    USBD_SemaphoreDelete                     0x08005e55   Thumb Code    22  usbd_config_0.o(i.USBD_SemaphoreDelete)
    USBD_SemaphoreRelease                    0x08005e6b   Thumb Code    22  usbd_config_0.o(i.USBD_SemaphoreRelease)
    USBD_SetConfiguration                    0x08005e81   Thumb Code     2  usbd_config_0.o(i.USBD_SetConfiguration)
    USBD_SignalDeviceEvent                   0x08005e85   Thumb Code    10  usbd_lib_drv.o(i.USBD_SignalDeviceEvent)
    USBD_SignalEndpointEvent                 0x08005e95   Thumb Code    60  usbd_lib_drv.o(i.USBD_SignalEndpointEvent)
    USBD_StatusInStage                       0x08005edd   Thumb Code    10  usbd_lib_core.o(i.USBD_StatusInStage)
    USBD_StatusInStageDone                   0x08005ee7   Thumb Code    16  usbd_lib_core.o(i.USBD_StatusInStageDone)
    USBD_StatusOutStage                      0x08005ef7   Thumb Code    10  usbd_lib_core.o(i.USBD_StatusOutStage)
    USBD_StatusOutStageDone                  0x08005f01   Thumb Code    42  usbd_lib_core.o(i.USBD_StatusOutStageDone)
    USBD_ThreadCreate                        0x08005f31   Thumb Code   108  usbd_config_0.o(i.USBD_ThreadCreate)
    USBD_ThreadFlagsSet                      0x08005fa9   Thumb Code    24  usbd_config_0.o(i.USBD_ThreadFlagsSet)
    USBD_ThreadFlagsWait                     0x08005fc1   Thumb Code    42  usbd_config_0.o(i.USBD_ThreadFlagsWait)
    USBD_ThreadTerminate                     0x08005feb   Thumb Code    22  usbd_config_0.o(i.USBD_ThreadTerminate)
    USB_LP_CAN1_RX0_IRQHandler               0x0800600d   Thumb Code   444  usbd_stm32f10x.o(i.USB_LP_CAN1_RX0_IRQHandler)
    __user_perthread_libspace                0x080061f1   Thumb Code    32  rtx_conf_cm.o(i.__user_perthread_libspace)
    _init_box                                0x0800621d   Thumb Code    70  rt_membox.o(i._init_box)
    _is_digit                                0x08006263   Thumb Code    14  __printf_wp.o(i._is_digit)
    _mutex_acquire                           0x08006271   Thumb Code    22  rtx_conf_cm.o(i._mutex_acquire)
    _mutex_initialize                        0x08006291   Thumb Code    34  rtx_conf_cm.o(i._mutex_initialize)
    _mutex_release                           0x080062bd   Thumb Code    18  rtx_conf_cm.o(i._mutex_release)
    _sys_close                               0x080062d9   Thumb Code    38  retarget_io.o(i._sys_close)
    _sys_flen                                0x080062ff   Thumb Code    36  retarget_io.o(i._sys_flen)
    _sys_istty                               0x08006323   Thumb Code    36  retarget_io.o(i._sys_istty)
    _sys_open                                0x08006349   Thumb Code    80  retarget_io.o(i._sys_open)
    _sys_seek                                0x080063b1   Thumb Code    44  retarget_io.o(i._sys_seek)
    _sys_write                               0x080063dd   Thumb Code    88  retarget_io.o(i._sys_write)
    dbg_init                                 0x08006435   Thumb Code    34  hal_cm.o(i.dbg_init)
    dbg_task_notify                          0x08006465   Thumb Code    32  hal_cm.o(i.dbg_task_notify)
    dbg_task_switch                          0x08006485   Thumb Code    16  hal_cm.o(i.dbg_task_switch)
    _fputc$unlocked                          0x08006495   Thumb Code    26  fputc.o(i.fputc)
    initialiseRadio                          0x080064b1   Thumb Code   710  radio.o(i.initialiseRadio)
    isrMessageGet                            0x08006809   Thumb Code    42  rt_cmsis.o(i.isrMessageGet)
    isrMessagePut                            0x08006833   Thumb Code    44  rt_cmsis.o(i.isrMessagePut)
    isrSemaphoreRelease                      0x0800685f   Thumb Code    40  rt_cmsis.o(i.isrSemaphoreRelease)
    isrSignalSet                             0x08006887   Thumb Code    36  rt_cmsis.o(i.isrSignalSet)
    isr_evt_set                              0x080068ad   Thumb Code    34  rt_event.o(i.isr_evt_set)
    isr_mbx_receive                          0x080068d5   Thumb Code    86  rt_mailbox.o(i.isr_mbx_receive)
    isr_mbx_send                             0x0800692b   Thumb Code    14  rt_mailbox.o(i.isr_mbx_send)
    isr_sem_send                             0x08006939   Thumb Code    16  rt_semaphore.o(i.isr_sem_send)
    main                                     0x08006949   Thumb Code   112  main.o(i.main)
    mySPI_callback                           0x080069c5   Thumb Code    28  radio.o(i.mySPI_callback)
    osDelay                                  0x080069e1   Thumb Code    18  rt_cmsis.o(i.osDelay)
    osKernelInitialize                       0x080069f9   Thumb Code    30  rt_cmsis.o(i.osKernelInitialize)
    osKernelStart                            0x08006a1d   Thumb Code    98  rt_cmsis.o(i.osKernelStart)
    osMessageGet                             0x08006a89   Thumb Code    18  rt_cmsis.o(i.osMessageGet)
    osSemaphoreCreate                        0x08006aa1   Thumb Code    36  rt_cmsis.o(i.osSemaphoreCreate)
    osSemaphoreDelete                        0x08006acd   Thumb Code    18  rt_cmsis.o(i.osSemaphoreDelete)
    osSemaphoreRelease                       0x08006ae5   Thumb Code    18  rt_cmsis.o(i.osSemaphoreRelease)
    osSemaphoreWait                          0x08006afd   Thumb Code    20  rt_cmsis.o(i.osSemaphoreWait)
    osSignalSet                              0x08006b15   Thumb Code    18  rt_cmsis.o(i.osSignalSet)
    osSignalWait                             0x08006b2d   Thumb Code    18  rt_cmsis.o(i.osSignalWait)
    osThreadCreate                           0x08006b45   Thumb Code    36  rt_cmsis.o(i.osThreadCreate)
    osThreadExit                             0x08006b71   Thumb Code    14  rt_cmsis.o(i.osThreadExit)
    osThreadTerminate                        0x08006b89   Thumb Code    18  rt_cmsis.o(i.osThreadTerminate)
    osTimerCall                              0x08006ba1   Thumb Code     8  rt_cmsis.o(i.osTimerCall)
    osTimerThread                            0x08006bad   Thumb Code    38  rt_cmsis.o(i.osTimerThread)
    os_error                                 0x08006bd9   Thumb Code    34  rtx_conf_cm.o(i.os_error)
    os_idle_demon                            0x08006bfb   Thumb Code     4  rtx_conf_cm.o(i.os_idle_demon)
    os_tick_init                             0x08006c01   Thumb Code    32  rt_system.o(i.os_tick_init)
    os_tick_irqack                           0x08006c29   Thumb Code     2  rt_system.o(i.os_tick_irqack)
    rt_alloc_box                             0x08006c2b   Thumb Code    26  rt_membox.o(i.rt_alloc_box)
    rt_alloc_mem                             0x08006c45   Thumb Code    62  rt_memory.o(i.rt_alloc_mem)
    rt_block                                 0x08006c85   Thumb Code    48  rt_task.o(i.rt_block)
    rt_chk_robin                             0x08006cbd   Thumb Code    60  rt_robin.o(i.rt_chk_robin)
    rt_dec_dly                               0x08006d05   Thumb Code   102  rt_list.o(i.rt_dec_dly)
    rt_dispatch                              0x08006d75   Thumb Code    60  rt_task.o(i.rt_dispatch)
    rt_dly_wait                              0x08006db9   Thumb Code     6  rt_time.o(i.rt_dly_wait)
    rt_evt_psh                               0x08006dc1   Thumb Code    76  rt_event.o(i.rt_evt_psh)
    rt_evt_set                               0x08006e11   Thumb Code    88  rt_event.o(i.rt_evt_set)
    rt_evt_wait                              0x08006e6d   Thumb Code    56  rt_event.o(i.rt_evt_wait)
    rt_free_box                              0x08006ea9   Thumb Code    44  rt_membox.o(i.rt_free_box)
    rt_free_mem                              0x08006ed5   Thumb Code    40  rt_memory.o(i.rt_free_mem)
    rt_get_first                             0x08006efd   Thumb Code    40  rt_list.o(i.rt_get_first)
    rt_init_mem                              0x08006f75   Thumb Code    26  rt_memory.o(i.rt_init_mem)
    rt_init_robin                            0x08006f91   Thumb Code    14  rt_robin.o(i.rt_init_robin)
    rt_init_stack                            0x08006fa9   Thumb Code   118  hal_cm.o(i.rt_init_stack)
    rt_mbx_check                             0x08007029   Thumb Code     8  rt_mailbox.o(i.rt_mbx_check)
    rt_mbx_init                              0x08007031   Thumb Code    26  rt_mailbox.o(i.rt_mbx_init)
    rt_mbx_psh                               0x0800704d   Thumb Code   236  rt_mailbox.o(i.rt_mbx_psh)
    rt_mbx_wait                              0x0800713d   Thumb Code   174  rt_mailbox.o(i.rt_mbx_wait)
    rt_mut_init                              0x08007235   Thumb Code    16  rt_mutex.o(i.rt_mut_init)
    rt_mut_release                           0x08007245   Thumb Code   208  rt_mutex.o(i.rt_mut_release)
    rt_mut_wait                              0x0800731d   Thumb Code   114  rt_mutex.o(i.rt_mut_wait)
    rt_pop_req                               0x08007395   Thumb Code   112  rt_system.o(i.rt_pop_req)
    rt_psh_req                               0x08007411   Thumb Code    22  rt_system.o(i.rt_psh_req)
    rt_psq_enq                               0x08007431   Thumb Code    88  rt_list.o(i.rt_psq_enq)
    rt_put_dly                               0x0800748d   Thumb Code    68  rt_list.o(i.rt_put_dly)
    rt_put_prio                              0x080074d5   Thumb Code    54  rt_list.o(i.rt_put_prio)
    rt_put_rdy_first                         0x0800750d   Thumb Code    14  rt_list.o(i.rt_put_rdy_first)
    rt_resort_prio                           0x08007521   Thumb Code    46  rt_list.o(i.rt_resort_prio)
    rt_ret_val                               0x08007555   Thumb Code     6  hal_cm.o(i.rt_ret_val)
    rt_ret_val2                              0x0800755b   Thumb Code     8  hal_cm.o(i.rt_ret_val2)
    rt_rmv_dly                               0x08007563   Thumb Code    40  rt_list.o(i.rt_rmv_dly)
    rt_rmv_list                              0x0800758d   Thumb Code    44  rt_list.o(i.rt_rmv_list)
    rt_sem_delete                            0x080075bd   Thumb Code    84  rt_semaphore.o(i.rt_sem_delete)
    rt_sem_init                              0x08007619   Thumb Code    12  rt_semaphore.o(i.rt_sem_init)
    rt_sem_psh                               0x08007625   Thumb Code    48  rt_semaphore.o(i.rt_sem_psh)
    rt_sem_send                              0x08007659   Thumb Code    42  rt_semaphore.o(i.rt_sem_send)
    rt_sem_wait                              0x08007685   Thumb Code    58  rt_semaphore.o(i.rt_sem_wait)
    rt_stk_check                             0x080076c5   Thumb Code    28  rt_system.o(i.rt_stk_check)
    rt_switch_req                            0x080076e9   Thumb Code    30  rt_task.o(i.rt_switch_req)
    rt_sys_init                              0x08007711   Thumb Code   138  rt_task.o(i.rt_sys_init)
    rt_sys_start                             0x080077dd   Thumb Code   110  rt_task.o(i.rt_sys_start)
    rt_systick                               0x08007855   Thumb Code    50  rt_system.o(i.rt_systick)
    rt_tsk_create                            0x080078dd   Thumb Code   118  rt_task.o(i.rt_tsk_create)
    rt_tsk_delete                            0x08007965   Thumb Code   352  rt_task.o(i.rt_tsk_delete)
    rt_tsk_prio                              0x08007ae1   Thumb Code   108  rt_task.o(i.rt_tsk_prio)
    rt_tsk_self                              0x08007b5d   Thumb Code    12  rt_task.o(i.rt_tsk_self)
    svcDelay                                 0x08007b85   Thumb Code    18  rt_cmsis.o(i.svcDelay)
    svcKernelInitialize                      0x08007b99   Thumb Code    80  rt_cmsis.o(i.svcKernelInitialize)
    svcKernelStart                           0x08007c09   Thumb Code    62  rt_cmsis.o(i.svcKernelStart)
    svcMessageCreate                         0x08007c51   Thumb Code    36  rt_cmsis.o(i.svcMessageCreate)
    svcMessageGet                            0x08007c75   Thumb Code    58  rt_cmsis.o(i.svcMessageGet)
    svcSemaphoreCreate                       0x08007caf   Thumb Code    36  rt_cmsis.o(i.svcSemaphoreCreate)
    svcSemaphoreDelete                       0x08007cd3   Thumb Code    26  rt_cmsis.o(i.svcSemaphoreDelete)
    svcSemaphoreRelease                      0x08007ced   Thumb Code    40  rt_cmsis.o(i.svcSemaphoreRelease)
    svcSemaphoreWait                         0x08007d15   Thumb Code    50  rt_cmsis.o(i.svcSemaphoreWait)
    svcSignalSet                             0x08007d47   Thumb Code    36  rt_cmsis.o(i.svcSignalSet)
    svcSignalWait                            0x08007d6d   Thumb Code    80  rt_cmsis.o(i.svcSignalWait)
    svcThreadCreate                          0x08007dc1   Thumb Code    96  rt_cmsis.o(i.svcThreadCreate)
    svcThreadGetId                           0x08007e2d   Thumb Code    22  rt_cmsis.o(i.svcThreadGetId)
    svcThreadTerminate                       0x08007e49   Thumb Code    50  rt_cmsis.o(i.svcThreadTerminate)
    svcTimerCall                             0x08007e81   Thumb Code    24  rt_cmsis.o(i.svcTimerCall)
    sysTimerTick                             0x08007e99   Thumb Code    84  rt_cmsis.o(i.sysTimerTick)
    os_thread_def_Thread_LED                 0x08007ef4   Data          16  thread_led.o(.constdata)
    os_maxtaskrun                            0x08007f04   Data           2  rtx_conf_cm.o(.constdata)
    os_stackinfo                             0x08007f08   Data           4  rtx_conf_cm.o(.constdata)
    os_rrobin                                0x08007f0c   Data           4  rtx_conf_cm.o(.constdata)
    os_tickfreq                              0x08007f10   Data           4  rtx_conf_cm.o(.constdata)
    os_tickus_i                              0x08007f14   Data           2  rtx_conf_cm.o(.constdata)
    os_tickus_f                              0x08007f16   Data           2  rtx_conf_cm.o(.constdata)
    os_trv                                   0x08007f18   Data           4  rtx_conf_cm.o(.constdata)
    os_flags                                 0x08007f1c   Data           1  rtx_conf_cm.o(.constdata)
    CMSIS_RTOS_API_Version                   0x08007f20   Data           4  rtx_conf_cm.o(.constdata)
    CMSIS_RTOS_RTX_Version                   0x08007f24   Data           4  rtx_conf_cm.o(.constdata)
    os_clockrate                             0x08007f28   Data           4  rtx_conf_cm.o(.constdata)
    os_timernum                              0x08007f2c   Data           4  rtx_conf_cm.o(.constdata)
    mp_tcb_size                              0x08007f30   Data           2  rtx_conf_cm.o(.constdata)
    mp_stk_size                              0x08007f34   Data           4  rtx_conf_cm.o(.constdata)
    os_stack_sz                              0x08007f38   Data           4  rtx_conf_cm.o(.constdata)
    os_fifo_size                             0x08007f3c   Data           1  rtx_conf_cm.o(.constdata)
    os_thread_def_osTimerThread              0x08007f40   Data          16  rtx_conf_cm.o(.constdata)
    os_messageQ_def_osTimerMessageQ          0x08007f50   Data           8  rtx_conf_cm.o(.constdata)
    mp_tmr_size                              0x08007f58   Data           2  rtx_conf_cm.o(.constdata)
    os_thread_def_main                       0x08007f5c   Data          16  rtx_conf_cm.o(.constdata)
    Driver_SPI1                              0x08007fc4   Data          44  spi_stm32f10x.o(.constdata)
    Driver_USBD0                             0x08008018   Data          72  usbd_stm32f10x.o(.constdata)
    __stdin_name                             0x08008060   Data           7  retarget_io.o(.constdata)
    __stdout_name                            0x08008067   Data           8  retarget_io.o(.constdata)
    __stderr_name                            0x0800806f   Data           8  retarget_io.o(.constdata)
    usbd0_dev                                0x08008078   Data          28  usbd_config_0.o(.constdata)
    os_thread_def_USBD0_Core_Thread          0x08008094   Data          16  usbd_config_0.o(.constdata)
    usbd_dev_num                             0x080080a4   Data           1  usbd_config_0.o(.constdata)
    usbd_dev_ptr                             0x080080a8   Data           4  usbd_config_0.o(.constdata)
    usbd_cdc_num                             0x080080ac   Data           1  usbd_config_0.o(.constdata)
    usbd_cdc                                 0x080080b0   Data          72  usbd_config_0.o(.constdata)
    usbd_cdc_ptr                             0x080080f8   Data           4  usbd_config_0.o(.constdata)
    os_thread_def_USBD_CDC0_Int_Thread       0x08008100   Data          16  usbd_config_0.o(.constdata)
    os_thread_def_USBD_CDC0_Bulk_Thread      0x08008110   Data          16  usbd_config_0.o(.constdata)
    os_semaphore_def_usbd0_driver_semaphore  0x08008128   Data           4  usbd_config_0.o(.constdata)
    os_semaphore_def_usbd0_driver_ep0out_semaphore 0x0800812c   Data           4  usbd_config_0.o(.constdata)
    os_semaphore_def_usbd0_driver_ep0in_semaphore 0x08008130   Data           4  usbd_config_0.o(.constdata)
    os_semaphore_def_usbd0_driver_ep1out_semaphore 0x08008134   Data           4  usbd_config_0.o(.constdata)
    os_semaphore_def_usbd0_driver_ep1in_semaphore 0x08008138   Data           4  usbd_config_0.o(.constdata)
    os_semaphore_def_usbd0_driver_ep2out_semaphore 0x0800813c   Data           4  usbd_config_0.o(.constdata)
    os_semaphore_def_usbd0_driver_ep2in_semaphore 0x08008140   Data           4  usbd_config_0.o(.constdata)
    usbd_ep_max_num                          0x08008160   Data           1  usbd_config_0.o(.constdata)
    usbd_cb_device_event_ptr                 0x08008164   Data           4  usbd_config_0.o(.constdata)
    usbd_cb_endpoint_event_ptr               0x08008168   Data           4  usbd_config_0.o(.constdata)
    fpUSBD_CDC_ACM_Initialize                0x0800816c   Data           4  usbd_config_0.o(.constdata)
    fpUSBD_CDC_ACM_Uninitialize              0x08008170   Data           4  usbd_config_0.o(.constdata)
    fpUSBD_CDC_ACM_Reset                     0x08008174   Data           4  usbd_config_0.o(.constdata)
    fpUSBD_CDC_ACM_SendEncapsulatedCommand   0x08008178   Data           4  usbd_config_0.o(.constdata)
    fpUSBD_CDC_ACM_GetEncapsulatedResponse   0x0800817c   Data           4  usbd_config_0.o(.constdata)
    fpUSBD_CDC_ACM_SetLineCoding             0x08008180   Data           4  usbd_config_0.o(.constdata)
    fpUSBD_CDC_ACM_GetLineCoding             0x08008184   Data           4  usbd_config_0.o(.constdata)
    fpUSBD_CDC_ACM_SetControlLineState       0x08008188   Data           4  usbd_config_0.o(.constdata)
    fpUSBD_CDC_ACM_DataReceived              0x0800818c   Data           4  usbd_config_0.o(.constdata)
    fpUSBD_CDC_ACM_DataSent                  0x08008190   Data           4  usbd_config_0.o(.constdata)
    fpUSBD_CDC_NCM_Initialize                0x08008194   Data           4  usbd_config_0.o(.constdata)
    fpUSBD_CDC_NCM_Uninitialize              0x08008198   Data           4  usbd_config_0.o(.constdata)
    fpUSBD_CDC_NCM_Reset                     0x0800819c   Data           4  usbd_config_0.o(.constdata)
    fpUSBD_CDC_NCM_Start                     0x080081a0   Data           4  usbd_config_0.o(.constdata)
    fpUSBD_CDC_NCM_Stop                      0x080081a4   Data           4  usbd_config_0.o(.constdata)
    fpUSBD_CDC_NCM_SetEthernetMulticastFilters 0x080081a8   Data           4  usbd_config_0.o(.constdata)
    fpUSBD_CDC_NCM_SetEthernetPowerManagementPatternFilter 0x080081ac   Data           4  usbd_config_0.o(.constdata)
    fpUSBD_CDC_NCM_GetEthernetPowerManagementPatternFilter 0x080081b0   Data           4  usbd_config_0.o(.constdata)
    fpUSBD_CDC_NCM_SetEthernetPacketFilter   0x080081b4   Data           4  usbd_config_0.o(.constdata)
    fpUSBD_CDC_NCM_GetEthernetStatistic      0x080081b8   Data           4  usbd_config_0.o(.constdata)
    fpUSBD_CDC_NCM_GetNtbParameters          0x080081bc   Data           4  usbd_config_0.o(.constdata)
    fpUSBD_CDC_NCM_GetNetAddress             0x080081c0   Data           4  usbd_config_0.o(.constdata)
    fpUSBD_CDC_NCM_SetNetAddress             0x080081c4   Data           4  usbd_config_0.o(.constdata)
    fpUSBD_CDC_NCM_GetNtbFormat              0x080081c8   Data           4  usbd_config_0.o(.constdata)
    fpUSBD_CDC_NCM_SetNtbFormat              0x080081cc   Data           4  usbd_config_0.o(.constdata)
    fpUSBD_CDC_NCM_GetNtbInputSize           0x080081d0   Data           4  usbd_config_0.o(.constdata)
    fpUSBD_CDC_NCM_SetNtbInputSize           0x080081d4   Data           4  usbd_config_0.o(.constdata)
    fpUSBD_CDC_NCM_GetMaxDatagramSize        0x080081d8   Data           4  usbd_config_0.o(.constdata)
    fpUSBD_CDC_NCM_SetMaxDatagramSize        0x080081dc   Data           4  usbd_config_0.o(.constdata)
    fpUSBD_CDC_NCM_GetCrcMode                0x080081e0   Data           4  usbd_config_0.o(.constdata)
    fpUSBD_CDC_NCM_SetCrcMode                0x080081e4   Data           4  usbd_config_0.o(.constdata)
    fpUSBD_CDC_NCM_NTB_IN_Sent               0x080081e8   Data           4  usbd_config_0.o(.constdata)
    fpUSBD_CDC_NCM_NTB_OUT_Received          0x080081ec   Data           4  usbd_config_0.o(.constdata)
    fpUSBD_Device_Initialize                 0x080081f0   Data           4  usbd_config_0.o(.constdata)
    fpUSBD_Device_Uninitialize               0x080081f4   Data           4  usbd_config_0.o(.constdata)
    fpUSBD_Device_VbusChanged                0x080081f8   Data           4  usbd_config_0.o(.constdata)
    fpUSBD_Device_Reset                      0x080081fc   Data           4  usbd_config_0.o(.constdata)
    fpUSBD_Device_HighSpeedActivated         0x08008200   Data           4  usbd_config_0.o(.constdata)
    fpUSBD_Device_Suspended                  0x08008204   Data           4  usbd_config_0.o(.constdata)
    fpUSBD_Device_Resumed                    0x08008208   Data           4  usbd_config_0.o(.constdata)
    fpUSBD_Device_ConfigurationChanged       0x0800820c   Data           4  usbd_config_0.o(.constdata)
    fpUSBD_Device_EnableRemoteWakeup         0x08008210   Data           4  usbd_config_0.o(.constdata)
    fpUSBD_Device_DisableRemoteWakeup        0x08008214   Data           4  usbd_config_0.o(.constdata)
    fpUSBD_Device_Endpoint0_SetupPacketReceived 0x08008218   Data           4  usbd_config_0.o(.constdata)
    fpUSBD_Device_Endpoint0_SetupPacketProcessed 0x0800821c   Data           4  usbd_config_0.o(.constdata)
    fpUSBD_Device_Endpoint0_OutDataReceived  0x08008220   Data           4  usbd_config_0.o(.constdata)
    fpUSBD_Device_Endpoint0_InDataSent       0x08008224   Data           4  usbd_config_0.o(.constdata)
    usbd0_ep0_descriptor                     0x08008228   Data           7  usbd_config_0.o(.constdata)
    usbd0_device_descriptor                  0x08008230   Data          18  usbd_config_0.o(.constdata)
    usbd0_config_descriptor_fs               0x08008244   Data          68  usbd_config_0.o(.constdata)
    usbd0_device_qualifier_fs                0x08008288   Data           1  usbd_config_0.o(.constdata)
    usbd0_device_qualifier_hs                0x08008289   Data           1  usbd_config_0.o(.constdata)
    usbd0_config_descriptor_hs               0x0800828a   Data           1  usbd_config_0.o(.constdata)
    usbd0_other_speed_config_descriptor_fs   0x0800828b   Data           1  usbd_config_0.o(.constdata)
    usbd0_other_speed_config_descriptor_hs   0x0800828c   Data           1  usbd_config_0.o(.constdata)
    usbd0_string_descriptor                  0x08008290   Data         135  usbd_config_0.o(.constdata)
    Region$$Table$$Base                      0x08008340   Number         0  anon$$obj.o(Region$$Table)
    Region$$Table$$Limit                     0x08008360   Number         0  anon$$obj.o(Region$$Table)
    usb_lib_version                          0x08008360   Data           4  usb_lib_ver.o(__MW_USB_LIB_VERSION_6.13.6)
    delay_val                                0x20000000   Data           4  main.o(.data)
    tid_Thread_LED                           0x20000004   Data           4  thread_led.o(.data)
    osThreadId_osTimerThread                 0x20000010   Data           4  rtx_conf_cm.o(.data)
    osMessageQId_osTimerMessageQ             0x20000014   Data           4  rtx_conf_cm.o(.data)
    os_tmr                                   0x20000018   Data           4  rtx_conf_cm.o(.data)
    m_tmr                                    0x2000001c   Data           4  rtx_conf_cm.o(.data)
    usbd0_alt_setting                        0x20000044   Data           2  usbd_config_0.o(.data)
    usbd_core_thread_id                      0x20000048   Data           4  usbd_config_0.o(.data)
    usbd_driver_semaphore_id                 0x2000004c   Data           4  usbd_config_0.o(.data)
    usbd_cdc_int_thread_id                   0x20000050   Data           4  usbd_config_0.o(.data)
    usbd_cdc_bulk_thread_id                  0x20000054   Data           4  usbd_config_0.o(.data)
    os_semaphore_cb_usbd0_driver_semaphore   0x20000058   Data           8  usbd_config_0.o(.data)
    os_semaphore_cb_usbd0_driver_ep0out_semaphore 0x20000060   Data           8  usbd_config_0.o(.data)
    os_semaphore_cb_usbd0_driver_ep0in_semaphore 0x20000068   Data           8  usbd_config_0.o(.data)
    os_semaphore_cb_usbd0_driver_ep1out_semaphore 0x20000070   Data           8  usbd_config_0.o(.data)
    os_semaphore_cb_usbd0_driver_ep1in_semaphore 0x20000078   Data           8  usbd_config_0.o(.data)
    os_semaphore_cb_usbd0_driver_ep2out_semaphore 0x20000080   Data           8  usbd_config_0.o(.data)
    os_semaphore_cb_usbd0_driver_ep2in_semaphore 0x20000088   Data           8  usbd_config_0.o(.data)
    usbd_ep_thread_id_ptr                    0x20000090   Data          12  usbd_config_0.o(.data)
    usbd_drv_version                         0x2000009c   Data           4  usbd_config_0.o(.data)
    usbd_capabilities                        0x200000a0   Data           4  usbd_config_0.o(.data)
    usbd0_desc                               0x200000a4   Data          48  usbd_config_0.o(.data)
    usbd_desc_ptr                            0x200000d4   Data           4  usbd_config_0.o(.data)
    os_initialized                           0x200000d8   Data           1  rt_cmsis.o(.data)
    os_running                               0x200000d9   Data           1  rt_cmsis.o(.data)
    os_timer_head                            0x200000dc   Data           4  rt_cmsis.o(.data)
    os_tsk                                   0x200000e0   Data           8  rt_task.o(.data)
    os_tick_irqn                             0x20000114   Data           4  rt_system.o(.data)
    os_time                                  0x20000118   Data           4  rt_time.o(.data)
    os_robin                                 0x2000011c   Data           8  rt_robin.o(.data)
    dbg_msg                                  0x20000124   Data           1  hal_cm.o(.data)
    __aeabi_stdin                            0x20000128   Data           4  stdio_streams.o(.data)
    __aeabi_stdout                           0x2000012c   Data           4  stdio_streams.o(.data)
    __aeabi_stderr                           0x20000130   Data           4  stdio_streams.o(.data)
    _stream_list_lock                        0x20000134   Data           4  streamlock.o(.data)
    mp_tcb                                   0x20000138   Data         480  rtx_conf_cm.o(.bss)
    mp_stk                                   0x20000318   Data        5016  rtx_conf_cm.o(.bss)
    os_stack_mem                             0x200016b0   Data        3304  rtx_conf_cm.o(.bss)
    os_fifo                                  0x20002398   Data         132  rtx_conf_cm.o(.bss)
    os_active_TCB                            0x2000241c   Data          36  rtx_conf_cm.o(.bss)
    os_messageQ_q_osTimerMessageQ            0x20002440   Data          32  rtx_conf_cm.o(.bss)
    usbd0_ep0_buf                            0x200029e0   Data          32  usbd_config_0.o(.bss)
    usbd0_data                               0x20002a00   Data         176  usbd_config_0.o(.bss)
    usbd_driver_ep_semaphore_id              0x20002ab0   Data          24  usbd_config_0.o(.bss)
    usbd_cdc0_send_buf                       0x20002ac8   Data         128  usbd_config_0.o(.bss)
    usbd_cdc0_receive_buf                    0x20002b48   Data         256  usbd_config_0.o(.bss)
    usbd_cdc0_notify_buf                     0x20002c48   Data          10  usbd_config_0.o(.bss)
    usbd_cdc0_send_mps_buf                   0x20002c54   Data         512  usbd_config_0.o(.bss)
    usbd_cdc0_receive_mps_buf                0x20002e60   Data         512  usbd_config_0.o(.bss)
    usbd_cdc_data                            0x20003060   Data         132  usbd_config_0.o(.bss)
    os_idle_TCB                              0x20003108   Data          52  rt_task.o(.bss)
    os_rdy                                   0x2000313c   Data          24  rt_list.o(.bss)
    os_dly                                   0x20003154   Data          24  rt_list.o(.bss)
    __libspace_start                         0x2000316c   Data          96  libspace.o(.bss)
    __stdin                                  0x200031cc   Data          84  stdio_streams.o(.bss)
    __temporary_stack_top$libspace           0x200031cc   Data           0  libspace.o(.bss)
    __stdout                                 0x20003220   Data          84  stdio_streams.o(.bss)
    __stderr                                 0x20003274   Data          84  stdio_streams.o(.bss)



==============================================================================

Memory Map of the image

  Image Entry point : 0x080000ed

  Load Region LR_IROM1 (Base: 0x08000000, Size: 0x0000849c, Max: 0x00010000, ABSOLUTE, COMPRESSED[0x0000839c])

    Execution Region ER_IROM1 (Base: 0x08000000, Size: 0x00008364, Max: 0x00010000, ABSOLUTE)

    Base Addr    Size         Type   Attr      Idx    E Section Name        Object

    0x08000000   0x000000ec   Data   RO         1042    RESET               startup_stm32f10x_md.o
    0x080000ec   0x00000008   Code   RO         3288  * !!!main             c_w.l(__main.o)
    0x080000f4   0x00000034   Code   RO         3637    !!!scatter          c_w.l(__scatter.o)
    0x08000128   0x0000005a   Code   RO         3635    !!dczerorl2         c_w.l(__dczerorl2.o)
    0x08000182   0x00000002   PAD
    0x08000184   0x0000001c   Code   RO         3639    !!handler_zi        c_w.l(__scatter_zi.o)
    0x080001a0   0x00000000   Code   RO         3273    .ARM.Collect$$_printf_percent$$00000000  c_w.l(_printf_percent.o)
    0x080001a0   0x00000006   Code   RO         3272    .ARM.Collect$$_printf_percent$$00000009  c_w.l(_printf_d.o)
    0x080001a6   0x00000006   Code   RO         3271    .ARM.Collect$$_printf_percent$$0000000C  c_w.l(_printf_x.o)
    0x080001ac   0x00000006   Code   RO         3270    .ARM.Collect$$_printf_percent$$00000014  c_w.l(_printf_s.o)
    0x080001b2   0x00000004   Code   RO         3303    .ARM.Collect$$_printf_percent$$00000017  c_w.l(_printf_percent_end.o)
    0x080001b6   0x00000002   Code   RO         3441    .ARM.Collect$$libinit$$00000000  c_w.l(libinit.o)
    0x080001b8   0x00000000   Code   RO         3443    .ARM.Collect$$libinit$$00000002  c_w.l(libinit2.o)
    0x080001b8   0x00000000   Code   RO         3445    .ARM.Collect$$libinit$$00000004  c_w.l(libinit2.o)
    0x080001b8   0x00000008   Code   RO         3446    .ARM.Collect$$libinit$$00000005  c_w.l(libinit2.o)
    0x080001c0   0x00000000   Code   RO         3448    .ARM.Collect$$libinit$$0000000A  c_w.l(libinit2.o)
    0x080001c0   0x00000000   Code   RO         3450    .ARM.Collect$$libinit$$0000000C  c_w.l(libinit2.o)
    0x080001c0   0x00000000   Code   RO         3452    .ARM.Collect$$libinit$$0000000E  c_w.l(libinit2.o)
    0x080001c0   0x00000000   Code   RO         3455    .ARM.Collect$$libinit$$00000011  c_w.l(libinit2.o)
    0x080001c0   0x00000000   Code   RO         3457    .ARM.Collect$$libinit$$00000013  c_w.l(libinit2.o)
    0x080001c0   0x00000000   Code   RO         3459    .ARM.Collect$$libinit$$00000015  c_w.l(libinit2.o)
    0x080001c0   0x00000000   Code   RO         3461    .ARM.Collect$$libinit$$00000017  c_w.l(libinit2.o)
    0x080001c0   0x00000000   Code   RO         3463    .ARM.Collect$$libinit$$00000019  c_w.l(libinit2.o)
    0x080001c0   0x00000000   Code   RO         3465    .ARM.Collect$$libinit$$0000001B  c_w.l(libinit2.o)
    0x080001c0   0x00000000   Code   RO         3467    .ARM.Collect$$libinit$$0000001D  c_w.l(libinit2.o)
    0x080001c0   0x00000000   Code   RO         3469    .ARM.Collect$$libinit$$0000001F  c_w.l(libinit2.o)
    0x080001c0   0x00000000   Code   RO         3471    .ARM.Collect$$libinit$$00000021  c_w.l(libinit2.o)
    0x080001c0   0x00000000   Code   RO         3473    .ARM.Collect$$libinit$$00000023  c_w.l(libinit2.o)
    0x080001c0   0x00000004   Code   RO         3474    .ARM.Collect$$libinit$$00000024  c_w.l(libinit2.o)
    0x080001c4   0x00000000   Code   RO         3475    .ARM.Collect$$libinit$$00000025  c_w.l(libinit2.o)
    0x080001c4   0x00000000   Code   RO         3479    .ARM.Collect$$libinit$$0000002C  c_w.l(libinit2.o)
    0x080001c4   0x00000000   Code   RO         3481    .ARM.Collect$$libinit$$0000002E  c_w.l(libinit2.o)
    0x080001c4   0x00000000   Code   RO         3483    .ARM.Collect$$libinit$$00000030  c_w.l(libinit2.o)
    0x080001c4   0x00000000   Code   RO         3485    .ARM.Collect$$libinit$$00000032  c_w.l(libinit2.o)
    0x080001c4   0x00000002   Code   RO         3486    .ARM.Collect$$libinit$$00000033  c_w.l(libinit2.o)
    0x080001c6   0x00000002   Code   RO         3487    .ARM.Collect$$libshutdown$$00000000  c_w.l(libshutdown.o)
    0x080001c8   0x00000000   Code   RO         3489    .ARM.Collect$$libshutdown$$00000002  c_w.l(libshutdown2.o)
    0x080001c8   0x00000004   Code   RO         3490    .ARM.Collect$$libshutdown$$00000003  c_w.l(libshutdown2.o)
    0x080001cc   0x00000000   Code   RO         3491    .ARM.Collect$$libshutdown$$00000004  c_w.l(libshutdown2.o)
    0x080001cc   0x00000000   Code   RO         3494    .ARM.Collect$$libshutdown$$00000007  c_w.l(libshutdown2.o)
    0x080001cc   0x00000000   Code   RO         3497    .ARM.Collect$$libshutdown$$0000000A  c_w.l(libshutdown2.o)
    0x080001cc   0x00000000   Code   RO         3499    .ARM.Collect$$libshutdown$$0000000C  c_w.l(libshutdown2.o)
    0x080001cc   0x00000000   Code   RO         3502    .ARM.Collect$$libshutdown$$0000000F  c_w.l(libshutdown2.o)
    0x080001cc   0x00000002   Code   RO         3503    .ARM.Collect$$libshutdown$$00000010  c_w.l(libshutdown2.o)
    0x080001ce   0x00000000   Code   RO         3290    .ARM.Collect$$rtentry$$00000000  c_w.l(__rtentry.o)
    0x080001ce   0x00000000   Code   RO         3313    .ARM.Collect$$rtentry$$00000002  c_w.l(__rtentry2.o)
    0x080001ce   0x00000006   Code   RO         3325    .ARM.Collect$$rtentry$$00000004  c_w.l(__rtentry4.o)
    0x080001d4   0x00000000   Code   RO         3315    .ARM.Collect$$rtentry$$00000009  c_w.l(__rtentry2.o)
    0x080001d4   0x00000004   Code   RO         3316    .ARM.Collect$$rtentry$$0000000A  c_w.l(__rtentry2.o)
    0x080001d8   0x00000008   Code   RO         3317    .ARM.Collect$$rtentry$$0000000B  c_w.l(__rtentry2.o)
    0x080001e0   0x00000008   Code   RO         3319    .ARM.Collect$$rtentry$$0000000D  c_w.l(__rtentry2.o)
    0x080001e8   0x00000002   Code   RO         3291    .ARM.Collect$$rtexit$$00000000  c_w.l(rtexit.o)
    0x080001ea   0x00000000   Code   RO         3328    .ARM.Collect$$rtexit$$00000002  c_w.l(rtexit2.o)
    0x080001ea   0x00000004   Code   RO         3329    .ARM.Collect$$rtexit$$00000003  c_w.l(rtexit2.o)
    0x080001ee   0x00000006   Code   RO         3330    .ARM.Collect$$rtexit$$00000004  c_w.l(rtexit2.o)
    0x080001f4   0x0000001c   Code   RO          310    .emb_text           rtx_conf_cm.o
    0x08000210   0x00000130   Code   RO         3148    .emb_text           RTX_CM3.lib(hal_cm3.o)
    0x08000340   0x00000000   Code   RO         3562    .emb_text           c_w.l(maybetermalloc1.o)
    0x08000340   0x00000040   Code   RO         1043    .text               startup_stm32f10x_md.o
    0x08000380   0x00000008   Code   RO         3212    .text               c_w.l(libspace.o)
    0x08000388   0x00000018   Code   RO         3219    .text               c_w.l(noretval__2printf.o)
    0x080003a0   0x0000004e   Code   RO         3223    .text               c_w.l(_printf_pad.o)
    0x080003ee   0x00000052   Code   RO         3225    .text               c_w.l(_printf_str.o)
    0x08000440   0x00000078   Code   RO         3227    .text               c_w.l(_printf_dec.o)
    0x080004b8   0x00000058   Code   RO         3232    .text               c_w.l(_printf_hex_int.o)
    0x08000510   0x0000010e   Code   RO         3258    .text               c_w.l(__printf_wp.o)
    0x0800061e   0x00000012   Code   RO         3274    .text               c_w.l(exit.o)
    0x08000630   0x0000008a   Code   RO         3278    .text               c_w.l(rt_memcpy_v6.o)
    0x080006ba   0x00000044   Code   RO         3280    .text               c_w.l(rt_memclr.o)
    0x080006fe   0x0000004e   Code   RO         3282    .text               c_w.l(rt_memclr_w.o)
    0x0800074c   0x00000080   Code   RO         3284    .text               c_w.l(strcmpv7m.o)
    0x080007cc   0x00000006   Code   RO         3286    .text               c_w.l(heapauxi.o)
    0x080007d2   0x000000b2   Code   RO         3297    .text               c_w.l(_printf_intcommon.o)
    0x08000884   0x0000002c   Code   RO         3299    .text               c_w.l(_printf_char.o)
    0x080008b0   0x00000064   Code   RO         3310    .text               c_w.l(rt_memcpy_w.o)
    0x08000914   0x00000030   Code   RO         3336    .text               c_w.l(_printf_char_common.o)
    0x08000944   0x000001c8   Code   RO         3350    .text               c_w.l(initio_locked.o)
    0x08000b0c   0x0000000c   Code   RO         3352    .text               c_w.l(sys_exit.o)
    0x08000b18   0x0000004a   Code   RO         3354    .text               c_w.l(sys_stackheap_outer.o)
    0x08000b62   0x00000076   Code   RO         3360    .text               c_w.l(h1_free_mt.o)
    0x08000bd8   0x000001d6   Code   RO         3414    .text               c_w.l(flsbuf.o)
    0x08000dae   0x0000004c   Code   RO         3421    .text               c_w.l(fclose.o)
    0x08000dfa   0x00000068   Code   RO         3423    .text               c_w.l(setvbuf_locked.o)
    0x08000e62   0x00000002   PAD
    0x08000e64   0x00000144   Code   RO         3425    .text               c_w.l(fopen_locked.o)
    0x08000fa8   0x0000000e   Code   RO         3431    .text               c_w.l(defsig_rtred_outer.o)
    0x08000fb6   0x00000002   Code   RO         3506    .text               c_w.l(use_no_semi.o)
    0x08000fb8   0x00000000   Code   RO         3508    .text               c_w.l(indicate_semi.o)
    0x08000fb8   0x0000000a   Code   RO         3516    .text               c_w.l(rt_heap_descriptor_twolibspace.o)
    0x08000fc2   0x00000004   Code   RO         3518    .text               c_w.l(hguard.o)
    0x08000fc6   0x0000008a   Code   RO         3520    .text               c_w.l(init_alloc.o)
    0x08001050   0x0000009e   Code   RO         3528    .text               c_w.l(h1_alloc_mt.o)
    0x080010ee   0x00000002   PAD
    0x080010f0   0x00000040   Code   RO         3540    .text               c_w.l(_printf_char_file_locked.o)
    0x08001130   0x000000f8   Code   RO         3542    .text               c_w.l(fseek.o)
    0x08001228   0x000000f0   Code   RO         3544    .text               c_w.l(stdio.o)
    0x08001318   0x0000000a   Code   RO         3550    .text               c_w.l(defsig_exit.o)
    0x08001322   0x00000002   PAD
    0x08001324   0x00000034   Code   RO         3554    .text               c_w.l(defsig_rtred_inner.o)
    0x08001358   0x00000012   Code   RO         3568    .text               c_w.l(h1_init_mt.o)
    0x0800136a   0x0000003e   Code   RO         3570    .text               c_w.l(h1_extend_mt.o)
    0x080013a8   0x00000042   Code   RO         3576    .text               c_w.l(ftell.o)
    0x080013ea   0x00000032   Code   RO         3584    .text               c_w.l(defsig_general.o)
    0x0800141c   0x0000000e   Code   RO         3586    .text               c_w.l(defsig_rtmem_outer.o)
    0x0800142a   0x0000000e   Code   RO         3599    .text               c_w.l(sys_wrch.o)
    0x08001438   0x00000004   Code   RO         3608    .text               c_w.l(rt_errno_addr_twolibspace.o)
    0x0800143c   0x00000050   Code   RO         3614    .text               c_w.l(defsig_rtmem_inner.o)
    0x0800148c   0x00000004   Code   RO         3207    SVC_TABLE           RTX_CM3.lib(svc_table.o)
    0x08001490   0x00000002   Code   RO          863    i.DMA1_Channel1_Event  dma_stm32f10x.o
    0x08001492   0x00000002   PAD
    0x08001494   0x0000001c   Code   RO          864    i.DMA1_Channel1_IRQHandler  dma_stm32f10x.o
    0x080014b0   0x00000002   Code   RO          865    i.DMA1_Channel2_Event  dma_stm32f10x.o
    0x080014b2   0x00000002   PAD
    0x080014b4   0x0000001c   Code   RO          866    i.DMA1_Channel2_IRQHandler  dma_stm32f10x.o
    0x080014d0   0x00000002   Code   RO          867    i.DMA1_Channel3_Event  dma_stm32f10x.o
    0x080014d2   0x00000002   PAD
    0x080014d4   0x0000001c   Code   RO          868    i.DMA1_Channel3_IRQHandler  dma_stm32f10x.o
    0x080014f0   0x00000002   Code   RO          869    i.DMA1_Channel4_Event  dma_stm32f10x.o
    0x080014f2   0x00000002   PAD
    0x080014f4   0x0000001c   Code   RO          870    i.DMA1_Channel4_IRQHandler  dma_stm32f10x.o
    0x08001510   0x00000002   Code   RO          871    i.DMA1_Channel5_Event  dma_stm32f10x.o
    0x08001512   0x00000002   PAD
    0x08001514   0x0000001c   Code   RO          872    i.DMA1_Channel5_IRQHandler  dma_stm32f10x.o
    0x08001530   0x00000002   Code   RO          873    i.DMA1_Channel6_Event  dma_stm32f10x.o
    0x08001532   0x00000002   PAD
    0x08001534   0x0000001c   Code   RO          874    i.DMA1_Channel6_IRQHandler  dma_stm32f10x.o
    0x08001550   0x00000002   Code   RO          875    i.DMA1_Channel7_Event  dma_stm32f10x.o
    0x08001552   0x00000002   PAD
    0x08001554   0x0000001c   Code   RO          876    i.DMA1_Channel7_IRQHandler  dma_stm32f10x.o
    0x08001570   0x0000009c   Code   RO         1001    i.GPIO_AFConfigure  gpio_stm32f10x.o
    0x0800160c   0x00000098   Code   RO         1002    i.GPIO_GetPortClockState  gpio_stm32f10x.o
    0x080016a4   0x00000078   Code   RO         1003    i.GPIO_PinConfigure  gpio_stm32f10x.o
    0x0800171c   0x0000013c   Code   RO         1004    i.GPIO_PortClock    gpio_stm32f10x.o
    0x08001858   0x00000040   Code   RO          529    i.IN_EP_Status      usbd_stm32f10x.o
    0x08001898   0x00000030   Code   RO          685    i.ITM_SendChar      retarget_io.o
    0x080018c8   0x00000028   Code   RO          124    i.Init_Thread_LED   thread_led.o
    0x080018f0   0x00000040   Code   RO          530    i.OUT_EP_Status     usbd_stm32f10x.o
    0x08001930   0x00000018   Code   RO          170    i.RadioSendByte     radio.o
    0x08001948   0x00000018   Code   RO          371    i.SPI1_Control      spi_stm32f10x.o
    0x08001960   0x00000010   Code   RO          372    i.SPI1_GetDataCount  spi_stm32f10x.o
    0x08001970   0x00000010   Code   RO          373    i.SPI1_GetStatus    spi_stm32f10x.o
    0x08001980   0x00000010   Code   RO          374    i.SPI1_IRQHandler   spi_stm32f10x.o
    0x08001990   0x00000014   Code   RO          375    i.SPI1_Initialize   spi_stm32f10x.o
    0x080019a4   0x00000014   Code   RO          376    i.SPI1_PowerControl  spi_stm32f10x.o
    0x080019b8   0x00000018   Code   RO          377    i.SPI1_Receive      spi_stm32f10x.o
    0x080019d0   0x00000018   Code   RO          378    i.SPI1_Send         spi_stm32f10x.o
    0x080019e8   0x0000001c   Code   RO          379    i.SPI1_Transfer     spi_stm32f10x.o
    0x08001a04   0x00000010   Code   RO          380    i.SPI1_Uninitialize  spi_stm32f10x.o
    0x08001a14   0x0000000c   Code   RO          381    i.SPIX_GetCapabilities  spi_stm32f10x.o
    0x08001a20   0x00000010   Code   RO          382    i.SPIX_GetVersion   spi_stm32f10x.o
    0x08001a30   0x00000430   Code   RO          383    i.SPI_Control       spi_stm32f10x.o
    0x08001e60   0x00000008   Code   RO          384    i.SPI_GetDataCount  spi_stm32f10x.o
    0x08001e68   0x0000005a   Code   RO          385    i.SPI_GetStatus     spi_stm32f10x.o
    0x08001ec2   0x00000208   Code   RO          386    i.SPI_IRQHandler    spi_stm32f10x.o
    0x080020ca   0x0000009e   Code   RO          387    i.SPI_Initialize    spi_stm32f10x.o
    0x08002168   0x00000060   Code   RO          388    i.SPI_PeripheralReset  spi_stm32f10x.o
    0x080021c8   0x00000170   Code   RO          389    i.SPI_PowerControl  spi_stm32f10x.o
    0x08002338   0x00000094   Code   RO          390    i.SPI_Receive       spi_stm32f10x.o
    0x080023cc   0x00000094   Code   RO          391    i.SPI_Send          spi_stm32f10x.o
    0x08002460   0x00000070   Code   RO          392    i.SPI_Transfer      spi_stm32f10x.o
    0x080024d0   0x0000004e   Code   RO          393    i.SPI_Uninitialize  spi_stm32f10x.o
    0x0800251e   0x00000002   PAD
    0x08002520   0x00000038   Code   RO          171    i.SendToRadio       radio.o
    0x08002558   0x00000008   Code   RO         1050    i.SetSysClock       system_stm32f10x.o
    0x08002560   0x000000e0   Code   RO         1051    i.SetSysClockTo72   system_stm32f10x.o
    0x08002640   0x00000060   Code   RO         1053    i.SystemInit        system_stm32f10x.o
    0x080026a0   0x000000ac   Code   RO          125    i.Thread_LED        thread_led.o
    0x0800274c   0x00000006   Code   RO         2400    i.USBD0_Core_Thread  USB_CM3_L.lib(usbd_lib_core.o)
    0x08002752   0x0000000e   Code   RO         1096    i.USBD0_SignalDeviceEvent  usbd_config_0.o
    0x08002760   0x00000012   Code   RO         1097    i.USBD0_SignalEndpointEvent  usbd_config_0.o
    0x08002772   0x00000002   PAD
    0x08002774   0x00000040   Code   RO          226    i.USBD_CDC0_ACM_DataReceived  usbd_user_cdc_acm_0.o
    0x080027b4   0x00000020   Code   RO          227    i.USBD_CDC0_ACM_DataSent  usbd_user_cdc_acm_0.o
    0x080027d4   0x00000034   Code   RO          228    i.USBD_CDC0_ACM_GetEncapsulatedResponse  usbd_user_cdc_acm_0.o
    0x08002808   0x00000038   Code   RO          229    i.USBD_CDC0_ACM_GetLineCoding  usbd_user_cdc_acm_0.o
    0x08002840   0x00000018   Code   RO          230    i.USBD_CDC0_ACM_Initialize  usbd_user_cdc_acm_0.o
    0x08002858   0x00000020   Code   RO          231    i.USBD_CDC0_ACM_Reset  usbd_user_cdc_acm_0.o
    0x08002878   0x00000038   Code   RO          232    i.USBD_CDC0_ACM_SendEncapsulatedCommand  usbd_user_cdc_acm_0.o
    0x080028b0   0x0000002c   Code   RO          233    i.USBD_CDC0_ACM_SetControlLineState  usbd_user_cdc_acm_0.o
    0x080028dc   0x000000ac   Code   RO          234    i.USBD_CDC0_ACM_SetLineCoding  usbd_user_cdc_acm_0.o
    0x08002988   0x00000018   Code   RO          235    i.USBD_CDC0_ACM_Uninitialize  usbd_user_cdc_acm_0.o
    0x080029a0   0x00000006   Code   RO         2536    i.USBD_CDC0_Bulk_Thread  USB_CM3_L.lib(usbd_lib_cdc.o)
    0x080029a6   0x00000006   Code   RO         2537    i.USBD_CDC0_Int_Thread  USB_CM3_L.lib(usbd_lib_cdc.o)
    0x080029ac   0x00000006   Code   RO         1108    i.USBD_CDC0_NCM_GetCrcMode  usbd_config_0.o
    0x080029b2   0x00000006   Code   RO         1109    i.USBD_CDC0_NCM_GetEthernetPowerManagementPatternFilter  usbd_config_0.o
    0x080029b8   0x00000006   Code   RO         1110    i.USBD_CDC0_NCM_GetEthernetStatistic  usbd_config_0.o
    0x080029be   0x00000006   Code   RO         1111    i.USBD_CDC0_NCM_GetMaxDatagramSize  usbd_config_0.o
    0x080029c4   0x00000006   Code   RO         1112    i.USBD_CDC0_NCM_GetNetAddress  usbd_config_0.o
    0x080029ca   0x00000006   Code   RO         1113    i.USBD_CDC0_NCM_GetNtbFormat  usbd_config_0.o
    0x080029d0   0x00000006   Code   RO         1114    i.USBD_CDC0_NCM_GetNtbInputSize  usbd_config_0.o
    0x080029d6   0x00000006   Code   RO         1115    i.USBD_CDC0_NCM_GetNtbParameters  usbd_config_0.o
    0x080029dc   0x00000002   Code   RO         1116    i.USBD_CDC0_NCM_Initialize  usbd_config_0.o
    0x080029de   0x00000002   Code   RO         1117    i.USBD_CDC0_NCM_NTB_IN_Sent  usbd_config_0.o
    0x080029e0   0x00000002   Code   RO         1118    i.USBD_CDC0_NCM_NTB_OUT_Received  usbd_config_0.o
    0x080029e2   0x00000002   Code   RO         1119    i.USBD_CDC0_NCM_Reset  usbd_config_0.o
    0x080029e4   0x00000006   Code   RO         1120    i.USBD_CDC0_NCM_SetCrcMode  usbd_config_0.o
    0x080029ea   0x00000006   Code   RO         1121    i.USBD_CDC0_NCM_SetEthernetMulticastFilters  usbd_config_0.o
    0x080029f0   0x00000006   Code   RO         1122    i.USBD_CDC0_NCM_SetEthernetPacketFilter  usbd_config_0.o
    0x080029f6   0x00000006   Code   RO         1123    i.USBD_CDC0_NCM_SetEthernetPowerManagementPatternFilter  usbd_config_0.o
    0x080029fc   0x00000006   Code   RO         1124    i.USBD_CDC0_NCM_SetMaxDatagramSize  usbd_config_0.o
    0x08002a02   0x00000006   Code   RO         1125    i.USBD_CDC0_NCM_SetNetAddress  usbd_config_0.o
    0x08002a08   0x00000006   Code   RO         1126    i.USBD_CDC0_NCM_SetNtbFormat  usbd_config_0.o
    0x08002a0e   0x00000006   Code   RO         1127    i.USBD_CDC0_NCM_SetNtbInputSize  usbd_config_0.o
    0x08002a14   0x00000002   Code   RO         1128    i.USBD_CDC0_NCM_Start  usbd_config_0.o
    0x08002a16   0x00000002   Code   RO         1129    i.USBD_CDC0_NCM_Stop  usbd_config_0.o
    0x08002a18   0x00000002   Code   RO         1130    i.USBD_CDC0_NCM_Uninitialize  usbd_config_0.o
    0x08002a1a   0x00000004   Code   RO         2552    i.USBD_CDC_ACM_CoreClearCommFeature  USB_CM3_L.lib(usbd_lib_cdc.o)
    0x08002a1e   0x00000004   Code   RO         2553    i.USBD_CDC_ACM_CoreGetCommFeature  USB_CM3_L.lib(usbd_lib_cdc.o)
    0x08002a22   0x00000002   PAD
    0x08002a24   0x00000030   Code   RO         2554    i.USBD_CDC_ACM_CoreGetEncapsulatedResponse  USB_CM3_L.lib(usbd_lib_cdc.o)
    0x08002a54   0x00000054   Code   RO         2555    i.USBD_CDC_ACM_CoreGetLineCoding  USB_CM3_L.lib(usbd_lib_cdc.o)
    0x08002aa8   0x00000004   Code   RO         2556    i.USBD_CDC_ACM_CoreSendBreak  USB_CM3_L.lib(usbd_lib_cdc.o)
    0x08002aac   0x0000003c   Code   RO         2557    i.USBD_CDC_ACM_CoreSendEncapsulatedCommand  USB_CM3_L.lib(usbd_lib_cdc.o)
    0x08002ae8   0x00000004   Code   RO         2558    i.USBD_CDC_ACM_CoreSetCommFeature  USB_CM3_L.lib(usbd_lib_cdc.o)
    0x08002aec   0x00000034   Code   RO         2559    i.USBD_CDC_ACM_CoreSetControlLineState  USB_CM3_L.lib(usbd_lib_cdc.o)
    0x08002b20   0x00000050   Code   RO         2560    i.USBD_CDC_ACM_CoreSetLineCoding  USB_CM3_L.lib(usbd_lib_cdc.o)
    0x08002b70   0x00000100   Code   RO         2566    i.USBD_CDC_ACM_ReadData  USB_CM3_L.lib(usbd_lib_cdc.o)
    0x08002c70   0x000000dc   Code   RO         2567    i.USBD_CDC_ACM_WriteData  USB_CM3_L.lib(usbd_lib_cdc.o)
    0x08002d4c   0x00000034   Code   RO         2568    i.USBD_CDC_Bulk_Thread  USB_CM3_L.lib(usbd_lib_cdc.o)
    0x08002d80   0x00000048   Code   RO         2569    i.USBD_CDC_CheckInstance  USB_CM3_L.lib(usbd_lib_cdc.o)
    0x08002dc8   0x00000098   Code   RO         2570    i.USBD_CDC_EndpointStart  USB_CM3_L.lib(usbd_lib_cdc.o)
    0x08002e60   0x00000050   Code   RO         2571    i.USBD_CDC_EndpointStop  USB_CM3_L.lib(usbd_lib_cdc.o)
    0x08002eb0   0x00000200   Code   RO         2572    i.USBD_CDC_EpBulkIn  USB_CM3_L.lib(usbd_lib_cdc.o)
    0x080030b0   0x000001bc   Code   RO         2573    i.USBD_CDC_EpBulkOut  USB_CM3_L.lib(usbd_lib_cdc.o)
    0x0800326c   0x00000070   Code   RO         2574    i.USBD_CDC_Initialize  USB_CM3_L.lib(usbd_lib_cdc.o)
    0x080032dc   0x00000078   Code   RO         2575    i.USBD_CDC_Int_Thread  USB_CM3_L.lib(usbd_lib_cdc.o)
    0x08003354   0x00000024   Code   RO         2576    i.USBD_CDC_NCM_CoreGetCrcMode  USB_CM3_L.lib(usbd_lib_cdc.o)
    0x08003378   0x0000002c   Code   RO         2577    i.USBD_CDC_NCM_CoreGetEthernetPowerManagementPatternFilter  USB_CM3_L.lib(usbd_lib_cdc.o)
    0x080033a4   0x0000002c   Code   RO         2578    i.USBD_CDC_NCM_CoreGetEthernetStatistic  USB_CM3_L.lib(usbd_lib_cdc.o)
    0x080033d0   0x00000024   Code   RO         2579    i.USBD_CDC_NCM_CoreGetMaxDatagramSize  USB_CM3_L.lib(usbd_lib_cdc.o)
    0x080033f4   0x00000024   Code   RO         2580    i.USBD_CDC_NCM_CoreGetNetAddress  USB_CM3_L.lib(usbd_lib_cdc.o)
    0x08003418   0x00000024   Code   RO         2581    i.USBD_CDC_NCM_CoreGetNtbFormat  USB_CM3_L.lib(usbd_lib_cdc.o)
    0x0800343c   0x00000024   Code   RO         2582    i.USBD_CDC_NCM_CoreGetNtbInputSize  USB_CM3_L.lib(usbd_lib_cdc.o)
    0x08003460   0x00000024   Code   RO         2583    i.USBD_CDC_NCM_CoreGetNtbParameters  USB_CM3_L.lib(usbd_lib_cdc.o)
    0x08003484   0x00000038   Code   RO         2584    i.USBD_CDC_NCM_CoreSetCrcMode  USB_CM3_L.lib(usbd_lib_cdc.o)
    0x080034bc   0x0000002c   Code   RO         2585    i.USBD_CDC_NCM_CoreSetEthernetMulticastFilters  USB_CM3_L.lib(usbd_lib_cdc.o)
    0x080034e8   0x00000024   Code   RO         2586    i.USBD_CDC_NCM_CoreSetEthernetPacketFilter  USB_CM3_L.lib(usbd_lib_cdc.o)
    0x0800350c   0x00000030   Code   RO         2587    i.USBD_CDC_NCM_CoreSetEthernetPowerManagementPatternFilter  USB_CM3_L.lib(usbd_lib_cdc.o)
    0x0800353c   0x00000034   Code   RO         2588    i.USBD_CDC_NCM_CoreSetMaxDatagramSize  USB_CM3_L.lib(usbd_lib_cdc.o)
    0x08003570   0x00000024   Code   RO         2589    i.USBD_CDC_NCM_CoreSetNetAddress  USB_CM3_L.lib(usbd_lib_cdc.o)
    0x08003594   0x00000038   Code   RO         2590    i.USBD_CDC_NCM_CoreSetNtbFormat  USB_CM3_L.lib(usbd_lib_cdc.o)
    0x080035cc   0x00000034   Code   RO         2591    i.USBD_CDC_NCM_CoreSetNtbInputSize  USB_CM3_L.lib(usbd_lib_cdc.o)
    0x08003600   0x000000d4   Code   RO         2607    i.USBD_CDC_Reset    USB_CM3_L.lib(usbd_lib_cdc.o)
    0x080036d4   0x00000070   Code   RO         2608    i.USBD_CDC_Uninitialize  USB_CM3_L.lib(usbd_lib_cdc.o)
    0x08003744   0x00000028   Code   RO         2404    i.USBD_CheckDevice  USB_CM3_L.lib(usbd_lib_core.o)
    0x0800376c   0x00000040   Code   RO         1131    i.USBD_ClassInitialize  usbd_config_0.o
    0x080037ac   0x00000040   Code   RO         1132    i.USBD_ClassUninitialize  usbd_config_0.o
    0x080037ec   0x00000006   Code   RO         1133    i.USBD_Class_Endpoint0_InDataSent  usbd_config_0.o
    0x080037f2   0x00000006   Code   RO         1134    i.USBD_Class_Endpoint0_OutDataReceived  usbd_config_0.o
    0x080037f8   0x00000002   Code   RO         1135    i.USBD_Class_Endpoint0_SetupPacketProcessed  usbd_config_0.o
    0x080037fa   0x00000006   Code   RO         1136    i.USBD_Class_Endpoint0_SetupPacketReceived  usbd_config_0.o
    0x08003800   0x00000018   Code   RO         2406    i.USBD_Connect      USB_CM3_L.lib(usbd_lib_core.o)
    0x08003818   0x000000d8   Code   RO         2407    i.USBD_Core         USB_CM3_L.lib(usbd_lib_core.o)
    0x080038f0   0x00000044   Code   RO         3174    i.USBD_Core_Endpoint0_InDataSent  USB_CM3_L.lib(usbd_lib_core_device.o)
    0x08003934   0x00000044   Code   RO         3175    i.USBD_Core_Endpoint0_OutDataReceived  USB_CM3_L.lib(usbd_lib_core_device.o)
    0x08003978   0x0000003c   Code   RO         3176    i.USBD_Core_Endpoint0_SetupPacketProcessed  USB_CM3_L.lib(usbd_lib_core_device.o)
    0x080039b4   0x00000050   Code   RO         3177    i.USBD_Core_Endpoint0_SetupPacketReceived  USB_CM3_L.lib(usbd_lib_core_device.o)
    0x08003a04   0x00000094   Code   RO         2408    i.USBD_Core_Thread  USB_CM3_L.lib(usbd_lib_core.o)
    0x08003a98   0x00000064   Code   RO         2409    i.USBD_DataInStage  USB_CM3_L.lib(usbd_lib_core.o)
    0x08003afc   0x0000002c   Code   RO         2410    i.USBD_DataOutStage  USB_CM3_L.lib(usbd_lib_core.o)
    0x08003b28   0x0000000e   Code   RO         1137    i.USBD_Delay        usbd_config_0.o
    0x08003b36   0x00000002   Code   RO         1138    i.USBD_Device0_ConfigurationChanged  usbd_config_0.o
    0x08003b38   0x00000002   Code   RO         1139    i.USBD_Device0_DisableRemoteWakeup  usbd_config_0.o
    0x08003b3a   0x00000002   Code   RO         1140    i.USBD_Device0_EnableRemoteWakeup  usbd_config_0.o
    0x08003b3c   0x00000006   Code   RO         1141    i.USBD_Device0_Endpoint0_InDataSent  usbd_config_0.o
    0x08003b42   0x00000006   Code   RO         1142    i.USBD_Device0_Endpoint0_OutDataReceived  usbd_config_0.o
    0x08003b48   0x00000002   Code   RO         1143    i.USBD_Device0_Endpoint0_SetupPacketProcessed  usbd_config_0.o
    0x08003b4a   0x00000006   Code   RO         1144    i.USBD_Device0_Endpoint0_SetupPacketReceived  usbd_config_0.o
    0x08003b50   0x00000002   Code   RO         1145    i.USBD_Device0_EventReset  usbd_config_0.o
    0x08003b52   0x00000002   Code   RO         1146    i.USBD_Device0_HighSpeedActivated  usbd_config_0.o
    0x08003b54   0x00000002   Code   RO         1147    i.USBD_Device0_Initialize  usbd_config_0.o
    0x08003b56   0x00000008   Code   RO         1148    i.USBD_Device0_Reset  usbd_config_0.o
    0x08003b5e   0x00000002   Code   RO         1149    i.USBD_Device0_Resumed  usbd_config_0.o
    0x08003b60   0x00000002   Code   RO         1150    i.USBD_Device0_Suspended  usbd_config_0.o
    0x08003b62   0x00000002   Code   RO         1151    i.USBD_Device0_Uninitialize  usbd_config_0.o
    0x08003b64   0x00000002   Code   RO         1152    i.USBD_Device0_VbusChanged  usbd_config_0.o
    0x08003b66   0x00000002   PAD
    0x08003b68   0x00000030   Code   RO          531    i.USBD_DeviceConnect  usbd_stm32f10x.o
    0x08003b98   0x00000020   Code   RO          532    i.USBD_DeviceDisconnect  usbd_stm32f10x.o
    0x08003bb8   0x00000040   Code   RO          533    i.USBD_DeviceGetState  usbd_stm32f10x.o
    0x08003bf8   0x0000003c   Code   RO          534    i.USBD_DeviceRemoteWakeup  usbd_stm32f10x.o
    0x08003c34   0x00000024   Code   RO          535    i.USBD_DeviceSetAddress  usbd_stm32f10x.o
    0x08003c58   0x00000068   Code   RO         2483    i.USBD_DriverDeviceConnect  USB_CM3_L.lib(usbd_lib_drv.o)
    0x08003cc0   0x0000006c   Code   RO         2487    i.USBD_DriverDeviceSetAddress  USB_CM3_L.lib(usbd_lib_drv.o)
    0x08003d2c   0x000000d0   Code   RO         2488    i.USBD_DriverEndpointConfigure  USB_CM3_L.lib(usbd_lib_drv.o)
    0x08003dfc   0x000000b4   Code   RO         2489    i.USBD_DriverEndpointStall  USB_CM3_L.lib(usbd_lib_drv.o)
    0x08003eb0   0x000000e4   Code   RO         2490    i.USBD_DriverEndpointTransfer  USB_CM3_L.lib(usbd_lib_drv.o)
    0x08003f94   0x000000b4   Code   RO         2491    i.USBD_DriverEndpointTransferAbort  USB_CM3_L.lib(usbd_lib_drv.o)
    0x08004048   0x00000078   Code   RO         2492    i.USBD_DriverEndpointTransferGetResult  USB_CM3_L.lib(usbd_lib_drv.o)
    0x080040c0   0x000000b4   Code   RO         2493    i.USBD_DriverEndpointUnconfigure  USB_CM3_L.lib(usbd_lib_drv.o)
    0x08004174   0x00000010   Code   RO         2494    i.USBD_DriverGetCapabilities  USB_CM3_L.lib(usbd_lib_drv.o)
    0x08004184   0x00000010   Code   RO         2496    i.USBD_DriverGetVersion  USB_CM3_L.lib(usbd_lib_drv.o)
    0x08004194   0x00000070   Code   RO         2497    i.USBD_DriverInitialize  USB_CM3_L.lib(usbd_lib_drv.o)
    0x08004204   0x0000006c   Code   RO         2498    i.USBD_DriverPowerControl  USB_CM3_L.lib(usbd_lib_drv.o)
    0x08004270   0x0000006c   Code   RO         2499    i.USBD_DriverReadSetupPacket  USB_CM3_L.lib(usbd_lib_drv.o)
    0x080042dc   0x000000dc   Code   RO          536    i.USBD_EP_HW_Read   usbd_stm32f10x.o
    0x080043b8   0x000000a4   Code   RO          537    i.USBD_EP_HW_Write  usbd_stm32f10x.o
    0x0800445c   0x00000380   Code   RO         2412    i.USBD_Endpoint0    USB_CM3_L.lib(usbd_lib_core.o)
    0x080047dc   0x00000002   Code   RO         1153    i.USBD_Endpoint0_ClearFeatureStall_MSC  usbd_config_0.o
    0x080047de   0x00000006   Code   RO         1154    i.USBD_Endpoint0_Out_ADC_ReqToEP  usbd_config_0.o
    0x080047e4   0x00000006   Code   RO         1155    i.USBD_Endpoint0_Out_ADC_ReqToIF  usbd_config_0.o
    0x080047ea   0x00000002   PAD
    0x080047ec   0x00000104   Code   RO         3194    i.USBD_Endpoint0_Out_CDC_ReqToIF  USB_CM3_L.lib(usbd_lib_core_cdc.o)
    0x080048f0   0x00000006   Code   RO         1156    i.USBD_Endpoint0_Out_HID_ReqToIF  usbd_config_0.o
    0x080048f6   0x00000006   Code   RO         1157    i.USBD_Endpoint0_ReqGetDescriptor_HID  usbd_config_0.o
    0x080048fc   0x00000006   Code   RO         1158    i.USBD_Endpoint0_ReqGetExtProp_CC  usbd_config_0.o
    0x08004902   0x00000006   Code   RO         1159    i.USBD_Endpoint0_Setup_ADC_ReqToEP  usbd_config_0.o
    0x08004908   0x00000006   Code   RO         1160    i.USBD_Endpoint0_Setup_ADC_ReqToIF  usbd_config_0.o
    0x0800490e   0x00000002   PAD
    0x08004910   0x00000334   Code   RO         3195    i.USBD_Endpoint0_Setup_CDC_ReqToIF  USB_CM3_L.lib(usbd_lib_core_cdc.o)
    0x08004c44   0x00000006   Code   RO         1161    i.USBD_Endpoint0_Setup_HID_ReqToIF  usbd_config_0.o
    0x08004c4a   0x00000006   Code   RO         1162    i.USBD_Endpoint0_Setup_MSC_ReqToIF  usbd_config_0.o
    0x08004c50   0x000001c0   Code   RO          538    i.USBD_EndpointConfigure  usbd_stm32f10x.o
    0x08004e10   0x000000d4   Code   RO          539    i.USBD_EndpointStall  usbd_stm32f10x.o
    0x08004ee4   0x00000064   Code   RO         1163    i.USBD_EndpointStart  usbd_config_0.o
    0x08004f48   0x00000064   Code   RO         1164    i.USBD_EndpointStop  usbd_config_0.o
    0x08004fac   0x0000007c   Code   RO          540    i.USBD_EndpointTransfer  usbd_stm32f10x.o
    0x08005028   0x00000060   Code   RO          541    i.USBD_EndpointTransferAbort  usbd_stm32f10x.o
    0x08005088   0x00000028   Code   RO          542    i.USBD_EndpointTransferGetResult  usbd_stm32f10x.o
    0x080050b0   0x000000bc   Code   RO          543    i.USBD_EndpointUnconfigure  usbd_stm32f10x.o
    0x0800516c   0x0000000c   Code   RO          544    i.USBD_GetCapabilities  usbd_stm32f10x.o
    0x08005178   0x0000001c   Code   RO          545    i.USBD_GetFrameNumber  usbd_stm32f10x.o
    0x08005194   0x00000010   Code   RO          546    i.USBD_GetVersion   usbd_stm32f10x.o
    0x080051a4   0x0000002c   Code   RO          547    i.USBD_Initialize   usbd_stm32f10x.o
    0x080051d0   0x000001b0   Code   RO         2421    i.USBD_Initialize   USB_CM3_L.lib(usbd_lib_core.o)
    0x08005380   0x00000148   Code   RO          548    i.USBD_PowerControl  usbd_stm32f10x.o
    0x080054c8   0x00000048   Code   RO          549    i.USBD_ReadSetupPacket  usbd_stm32f10x.o
    0x08005510   0x00000194   Code   RO         2422    i.USBD_ReqGetDescriptor  USB_CM3_L.lib(usbd_lib_core.o)
    0x080056a4   0x000000b4   Code   RO         2423    i.USBD_ReqGetMSDescriptor  USB_CM3_L.lib(usbd_lib_core.o)
    0x08005758   0x000000b4   Code   RO         2424    i.USBD_ReqGetStatus  USB_CM3_L.lib(usbd_lib_core.o)
    0x0800580c   0x00000110   Code   RO         2425    i.USBD_ReqSetClrFeature  USB_CM3_L.lib(usbd_lib_core.o)
    0x0800591c   0x00000268   Code   RO         2426    i.USBD_ReqSetConfiguration  USB_CM3_L.lib(usbd_lib_core.o)
    0x08005b84   0x00000198   Code   RO         2427    i.USBD_ReqSetInterface  USB_CM3_L.lib(usbd_lib_core.o)
    0x08005d1c   0x00000054   Code   RO          550    i.USBD_Reset        usbd_stm32f10x.o
    0x08005d70   0x00000034   Code   RO         1165    i.USBD_Reset        usbd_config_0.o
    0x08005da4   0x00000028   Code   RO         2428    i.USBD_ResetCore    USB_CM3_L.lib(usbd_lib_core.o)
    0x08005dcc   0x00000026   Code   RO         1166    i.USBD_SemaphoreAcquire  usbd_config_0.o
    0x08005df2   0x00000002   PAD
    0x08005df4   0x00000060   Code   RO         1167    i.USBD_SemaphoreCreate  usbd_config_0.o
    0x08005e54   0x00000016   Code   RO         1168    i.USBD_SemaphoreDelete  usbd_config_0.o
    0x08005e6a   0x00000016   Code   RO         1169    i.USBD_SemaphoreRelease  usbd_config_0.o
    0x08005e80   0x00000002   Code   RO         1170    i.USBD_SetConfiguration  usbd_config_0.o
    0x08005e82   0x00000002   PAD
    0x08005e84   0x00000010   Code   RO         2501    i.USBD_SignalDeviceEvent  USB_CM3_L.lib(usbd_lib_drv.o)
    0x08005e94   0x00000048   Code   RO         2502    i.USBD_SignalEndpointEvent  USB_CM3_L.lib(usbd_lib_drv.o)
    0x08005edc   0x0000000a   Code   RO         2430    i.USBD_StatusInStage  USB_CM3_L.lib(usbd_lib_core.o)
    0x08005ee6   0x00000010   Code   RO         2431    i.USBD_StatusInStageDone  USB_CM3_L.lib(usbd_lib_core.o)
    0x08005ef6   0x0000000a   Code   RO         2432    i.USBD_StatusOutStage  USB_CM3_L.lib(usbd_lib_core.o)
    0x08005f00   0x00000030   Code   RO         2433    i.USBD_StatusOutStageDone  USB_CM3_L.lib(usbd_lib_core.o)
    0x08005f30   0x00000078   Code   RO         1171    i.USBD_ThreadCreate  usbd_config_0.o
    0x08005fa8   0x00000018   Code   RO         1172    i.USBD_ThreadFlagsSet  usbd_config_0.o
    0x08005fc0   0x0000002a   Code   RO         1173    i.USBD_ThreadFlagsWait  usbd_config_0.o
    0x08005fea   0x00000016   Code   RO         1174    i.USBD_ThreadTerminate  usbd_config_0.o
    0x08006000   0x0000000c   Code   RO          551    i.USBD_Uninitialize  usbd_stm32f10x.o
    0x0800600c   0x000001e4   Code   RO          552    i.USB_LP_CAN1_RX0_IRQHandler  usbd_stm32f10x.o
    0x080061f0   0x0000002c   Code   RO          311    i.__user_perthread_libspace  rtx_conf_cm.o
    0x0800621c   0x00000046   Code   RO         3047    i._init_box         RTX_CM3.lib(rt_membox.o)
    0x08006262   0x0000000e   Code   RO         3260    i._is_digit         c_w.l(__printf_wp.o)
    0x08006270   0x00000020   Code   RO          312    i._mutex_acquire    rtx_conf_cm.o
    0x08006290   0x0000002c   Code   RO          313    i._mutex_initialize  rtx_conf_cm.o
    0x080062bc   0x0000001c   Code   RO          314    i._mutex_release    rtx_conf_cm.o
    0x080062d8   0x00000026   Code   RO          686    i._sys_close        retarget_io.o
    0x080062fe   0x00000024   Code   RO          687    i._sys_flen         retarget_io.o
    0x08006322   0x00000024   Code   RO          688    i._sys_istty        retarget_io.o
    0x08006346   0x00000002   PAD
    0x08006348   0x00000068   Code   RO          689    i._sys_open         retarget_io.o
    0x080063b0   0x0000002c   Code   RO          691    i._sys_seek         retarget_io.o
    0x080063dc   0x00000058   Code   RO          692    i._sys_write        retarget_io.o
    0x08006434   0x00000030   Code   RO         3100    i.dbg_init          RTX_CM3.lib(hal_cm.o)
    0x08006464   0x00000020   Code   RO         3101    i.dbg_task_notify   RTX_CM3.lib(hal_cm.o)
    0x08006484   0x00000010   Code   RO         3102    i.dbg_task_switch   RTX_CM3.lib(hal_cm.o)
    0x08006494   0x0000001a   Code   RO         3341    i.fputc             c_w.l(fputc.o)
    0x080064ae   0x00000002   PAD
    0x080064b0   0x00000358   Code   RO          172    i.initialiseRadio   radio.o
    0x08006808   0x0000002a   Code   RO         1657    i.isrMessageGet     RTX_CM3.lib(rt_cmsis.o)
    0x08006832   0x0000002c   Code   RO         1658    i.isrMessagePut     RTX_CM3.lib(rt_cmsis.o)
    0x0800685e   0x00000028   Code   RO         1659    i.isrSemaphoreRelease  RTX_CM3.lib(rt_cmsis.o)
    0x08006886   0x00000024   Code   RO         1660    i.isrSignalSet      RTX_CM3.lib(rt_cmsis.o)
    0x080068aa   0x00000002   PAD
    0x080068ac   0x00000028   Code   RO         2784    i.isr_evt_set       RTX_CM3.lib(rt_event.o)
    0x080068d4   0x00000056   Code   RO         2902    i.isr_mbx_receive   RTX_CM3.lib(rt_mailbox.o)
    0x0800692a   0x0000000e   Code   RO         2903    i.isr_mbx_send      RTX_CM3.lib(rt_mailbox.o)
    0x08006938   0x00000010   Code   RO         2950    i.isr_sem_send      RTX_CM3.lib(rt_semaphore.o)
    0x08006948   0x0000007c   Code   RO            4    i.main              main.o
    0x080069c4   0x0000001c   Code   RO          173    i.mySPI_callback    radio.o
    0x080069e0   0x00000018   Code   RO         1661    i.osDelay           RTX_CM3.lib(rt_cmsis.o)
    0x080069f8   0x00000024   Code   RO         1662    i.osKernelInitialize  RTX_CM3.lib(rt_cmsis.o)
    0x08006a1c   0x0000006c   Code   RO         1664    i.osKernelStart     RTX_CM3.lib(rt_cmsis.o)
    0x08006a88   0x00000018   Code   RO         1673    i.osMessageGet      RTX_CM3.lib(rt_cmsis.o)
    0x08006aa0   0x0000002c   Code   RO         1683    i.osSemaphoreCreate  RTX_CM3.lib(rt_cmsis.o)
    0x08006acc   0x00000018   Code   RO         1684    i.osSemaphoreDelete  RTX_CM3.lib(rt_cmsis.o)
    0x08006ae4   0x00000018   Code   RO         1685    i.osSemaphoreRelease  RTX_CM3.lib(rt_cmsis.o)
    0x08006afc   0x00000018   Code   RO         1686    i.osSemaphoreWait   RTX_CM3.lib(rt_cmsis.o)
    0x08006b14   0x00000018   Code   RO         1688    i.osSignalSet       RTX_CM3.lib(rt_cmsis.o)
    0x08006b2c   0x00000018   Code   RO         1689    i.osSignalWait      RTX_CM3.lib(rt_cmsis.o)
    0x08006b44   0x0000002c   Code   RO         1690    i.osThreadCreate    RTX_CM3.lib(rt_cmsis.o)
    0x08006b70   0x00000018   Code   RO         1691    i.osThreadExit      RTX_CM3.lib(rt_cmsis.o)
    0x08006b88   0x00000018   Code   RO         1695    i.osThreadTerminate  RTX_CM3.lib(rt_cmsis.o)
    0x08006ba0   0x0000000c   Code   RO         1697    i.osTimerCall       RTX_CM3.lib(rt_cmsis.o)
    0x08006bac   0x0000002c   Code   RO         1702    i.osTimerThread     RTX_CM3.lib(rt_cmsis.o)
    0x08006bd8   0x00000022   Code   RO          315    i.os_error          rtx_conf_cm.o
    0x08006bfa   0x00000004   Code   RO          316    i.os_idle_demon     rtx_conf_cm.o
    0x08006bfe   0x00000002   PAD
    0x08006c00   0x00000028   Code   RO         2694    i.os_tick_init      RTX_CM3.lib(rt_system.o)
    0x08006c28   0x00000002   Code   RO         2695    i.os_tick_irqack    RTX_CM3.lib(rt_system.o)
    0x08006c2a   0x0000001a   Code   RO         3048    i.rt_alloc_box      RTX_CM3.lib(rt_membox.o)
    0x08006c44   0x0000003e   Code   RO         3076    i.rt_alloc_mem      RTX_CM3.lib(rt_memory.o)
    0x08006c82   0x00000002   PAD
    0x08006c84   0x00000038   Code   RO         2279    i.rt_block          RTX_CM3.lib(rt_task.o)
    0x08006cbc   0x00000048   Code   RO         3025    i.rt_chk_robin      RTX_CM3.lib(rt_robin.o)
    0x08006d04   0x00000070   Code   RO         2826    i.rt_dec_dly        RTX_CM3.lib(rt_list.o)
    0x08006d74   0x00000044   Code   RO         2280    i.rt_dispatch       RTX_CM3.lib(rt_task.o)
    0x08006db8   0x00000006   Code   RO         2992    i.rt_dly_wait       RTX_CM3.lib(rt_time.o)
    0x08006dbe   0x00000002   PAD
    0x08006dc0   0x00000050   Code   RO         2787    i.rt_evt_psh        RTX_CM3.lib(rt_event.o)
    0x08006e10   0x0000005c   Code   RO         2788    i.rt_evt_set        RTX_CM3.lib(rt_event.o)
    0x08006e6c   0x0000003c   Code   RO         2789    i.rt_evt_wait       RTX_CM3.lib(rt_event.o)
    0x08006ea8   0x0000002c   Code   RO         3049    i.rt_free_box       RTX_CM3.lib(rt_membox.o)
    0x08006ed4   0x00000028   Code   RO         3077    i.rt_free_mem       RTX_CM3.lib(rt_memory.o)
    0x08006efc   0x00000028   Code   RO         2827    i.rt_get_first      RTX_CM3.lib(rt_list.o)
    0x08006f24   0x00000008   Code   RO         1707    i.rt_id2obj         RTX_CM3.lib(rt_cmsis.o)
    0x08006f2c   0x00000048   Code   RO         2281    i.rt_init_context   RTX_CM3.lib(rt_task.o)
    0x08006f74   0x0000001a   Code   RO         3078    i.rt_init_mem       RTX_CM3.lib(rt_memory.o)
    0x08006f8e   0x00000002   PAD
    0x08006f90   0x00000018   Code   RO         3026    i.rt_init_robin     RTX_CM3.lib(rt_robin.o)
    0x08006fa8   0x00000080   Code   RO         3103    i.rt_init_stack     RTX_CM3.lib(hal_cm.o)
    0x08007028   0x00000008   Code   RO         2904    i.rt_mbx_check      RTX_CM3.lib(rt_mailbox.o)
    0x08007030   0x0000001a   Code   RO         2905    i.rt_mbx_init       RTX_CM3.lib(rt_mailbox.o)
    0x0800704a   0x00000002   PAD
    0x0800704c   0x000000f0   Code   RO         2906    i.rt_mbx_psh        RTX_CM3.lib(rt_mailbox.o)
    0x0800713c   0x000000b4   Code   RO         2908    i.rt_mbx_wait       RTX_CM3.lib(rt_mailbox.o)
    0x080071f0   0x00000044   Code   RO         1708    i.rt_ms2tick        RTX_CM3.lib(rt_cmsis.o)
    0x08007234   0x00000010   Code   RO         2364    i.rt_mut_init       RTX_CM3.lib(rt_mutex.o)
    0x08007244   0x000000d8   Code   RO         2365    i.rt_mut_release    RTX_CM3.lib(rt_mutex.o)
    0x0800731c   0x00000078   Code   RO         2366    i.rt_mut_wait       RTX_CM3.lib(rt_mutex.o)
    0x08007394   0x0000007c   Code   RO         2698    i.rt_pop_req        RTX_CM3.lib(rt_system.o)
    0x08007410   0x00000020   Code   RO         2699    i.rt_psh_req        RTX_CM3.lib(rt_system.o)
    0x08007430   0x0000005c   Code   RO         2829    i.rt_psq_enq        RTX_CM3.lib(rt_list.o)
    0x0800748c   0x00000048   Code   RO         2830    i.rt_put_dly        RTX_CM3.lib(rt_list.o)
    0x080074d4   0x00000036   Code   RO         2831    i.rt_put_prio       RTX_CM3.lib(rt_list.o)
    0x0800750a   0x00000002   PAD
    0x0800750c   0x00000014   Code   RO         2832    i.rt_put_rdy_first  RTX_CM3.lib(rt_list.o)
    0x08007520   0x00000034   Code   RO         2833    i.rt_resort_prio    RTX_CM3.lib(rt_list.o)
    0x08007554   0x00000006   Code   RO         3104    i.rt_ret_val        RTX_CM3.lib(hal_cm.o)
    0x0800755a   0x00000008   Code   RO         3105    i.rt_ret_val2       RTX_CM3.lib(hal_cm.o)
    0x08007562   0x00000028   Code   RO         2834    i.rt_rmv_dly        RTX_CM3.lib(rt_list.o)
    0x0800758a   0x00000002   PAD
    0x0800758c   0x00000030   Code   RO         2835    i.rt_rmv_list       RTX_CM3.lib(rt_list.o)
    0x080075bc   0x0000005c   Code   RO         2951    i.rt_sem_delete     RTX_CM3.lib(rt_semaphore.o)
    0x08007618   0x0000000c   Code   RO         2952    i.rt_sem_init       RTX_CM3.lib(rt_semaphore.o)
    0x08007624   0x00000034   Code   RO         2953    i.rt_sem_psh        RTX_CM3.lib(rt_semaphore.o)
    0x08007658   0x0000002a   Code   RO         2954    i.rt_sem_send       RTX_CM3.lib(rt_semaphore.o)
    0x08007682   0x00000002   PAD
    0x08007684   0x00000040   Code   RO         2955    i.rt_sem_wait       RTX_CM3.lib(rt_semaphore.o)
    0x080076c4   0x00000024   Code   RO         2701    i.rt_stk_check      RTX_CM3.lib(rt_system.o)
    0x080076e8   0x00000028   Code   RO         2282    i.rt_switch_req     RTX_CM3.lib(rt_task.o)
    0x08007710   0x000000cc   Code   RO         2283    i.rt_sys_init       RTX_CM3.lib(rt_task.o)
    0x080077dc   0x00000078   Code   RO         2284    i.rt_sys_start      RTX_CM3.lib(rt_task.o)
    0x08007854   0x00000040   Code   RO         2703    i.rt_systick        RTX_CM3.lib(rt_system.o)
    0x08007894   0x00000012   Code   RO         1709    i.rt_tid2ptcb       RTX_CM3.lib(rt_cmsis.o)
    0x080078a6   0x00000002   PAD
    0x080078a8   0x00000034   Code   RO         1710    i.rt_timer_insert   RTX_CM3.lib(rt_cmsis.o)
    0x080078dc   0x00000088   Code   RO         2285    i.rt_tsk_create     RTX_CM3.lib(rt_task.o)
    0x08007964   0x0000017c   Code   RO         2286    i.rt_tsk_delete     RTX_CM3.lib(rt_task.o)
    0x08007ae0   0x0000007c   Code   RO         2288    i.rt_tsk_prio       RTX_CM3.lib(rt_task.o)
    0x08007b5c   0x00000010   Code   RO         2289    i.rt_tsk_self       RTX_CM3.lib(rt_task.o)
    0x08007b6c   0x0000000c   Code   RO          693    i.stderr_putchar    retarget_io.o
    0x08007b78   0x0000000c   Code   RO          695    i.stdout_putchar    retarget_io.o
    0x08007b84   0x00000012   Code   RO         1712    i.svcDelay          RTX_CM3.lib(rt_cmsis.o)
    0x08007b96   0x00000002   PAD
    0x08007b98   0x00000070   Code   RO         1713    i.svcKernelInitialize  RTX_CM3.lib(rt_cmsis.o)
    0x08007c08   0x00000048   Code   RO         1715    i.svcKernelStart    RTX_CM3.lib(rt_cmsis.o)
    0x08007c50   0x00000024   Code   RO         1718    i.svcMessageCreate  RTX_CM3.lib(rt_cmsis.o)
    0x08007c74   0x0000003a   Code   RO         1719    i.svcMessageGet     RTX_CM3.lib(rt_cmsis.o)
    0x08007cae   0x00000024   Code   RO         1726    i.svcSemaphoreCreate  RTX_CM3.lib(rt_cmsis.o)
    0x08007cd2   0x0000001a   Code   RO         1727    i.svcSemaphoreDelete  RTX_CM3.lib(rt_cmsis.o)
    0x08007cec   0x00000028   Code   RO         1728    i.svcSemaphoreRelease  RTX_CM3.lib(rt_cmsis.o)
    0x08007d14   0x00000032   Code   RO         1729    i.svcSemaphoreWait  RTX_CM3.lib(rt_cmsis.o)
    0x08007d46   0x00000024   Code   RO         1731    i.svcSignalSet      RTX_CM3.lib(rt_cmsis.o)
    0x08007d6a   0x00000002   PAD
    0x08007d6c   0x00000054   Code   RO         1732    i.svcSignalWait     RTX_CM3.lib(rt_cmsis.o)
    0x08007dc0   0x0000006c   Code   RO         1733    i.svcThreadCreate   RTX_CM3.lib(rt_cmsis.o)
    0x08007e2c   0x0000001c   Code   RO         1734    i.svcThreadGetId    RTX_CM3.lib(rt_cmsis.o)
    0x08007e48   0x00000038   Code   RO         1737    i.svcThreadTerminate  RTX_CM3.lib(rt_cmsis.o)
    0x08007e80   0x00000018   Code   RO         1739    i.svcTimerCall      RTX_CM3.lib(rt_cmsis.o)
    0x08007e98   0x0000005c   Code   RO         1748    i.sysTimerTick      RTX_CM3.lib(rt_cmsis.o)
    0x08007ef4   0x00000010   Data   RO          126    .constdata          thread_led.o
    0x08007f04   0x00000068   Data   RO          318    .constdata          rtx_conf_cm.o
    0x08007f6c   0x00000084   Data   RO          395    .constdata          spi_stm32f10x.o
    0x08007ff0   0x00000070   Data   RO          554    .constdata          usbd_stm32f10x.o
    0x08008060   0x00000017   Data   RO          696    .constdata          retarget_io.o
    0x08008077   0x00000001   PAD
    0x08008078   0x0000029f   Data   RO         1180    .constdata          usbd_config_0.o
    0x08008317   0x00000028   Data   RO         3233    .constdata          c_w.l(_printf_hex_int.o)
    0x0800833f   0x00000001   PAD
    0x08008340   0x00000020   Data   RO         3634    Region$$Table       anon$$obj.o
    0x08008360   0x00000004   Data   RO         3161    __MW_USB_LIB_VERSION_6.13.6  USB_CM3_L.lib(usb_lib_ver.o)


    Execution Region RW_IRAM1 (Base: 0x20000000, Size: 0x000038c8, Max: 0x00005000, ABSOLUTE, COMPRESSED[0x00000038])

    Base Addr    Size         Type   Attr      Idx    E Section Name        Object

    0x20000000   0x00000004   Data   RW            5    .data               main.o
    0x20000004   0x00000004   Data   RW          127    .data               thread_led.o
    0x20000008   0x00000007   Data   RW          236    .data               usbd_user_cdc_acm_0.o
    0x2000000f   0x00000001   PAD
    0x20000010   0x00000014   Data   RW          319    .data               rtx_conf_cm.o
    0x20000024   0x00000020   Data   RW          555    .data               usbd_stm32f10x.o
    0x20000044   0x00000094   Data   RW         1181    .data               usbd_config_0.o
    0x200000d8   0x00000008   Data   RW         1751    .data               RTX_CM3.lib(rt_cmsis.o)
    0x200000e0   0x00000008   Data   RW         2291    .data               RTX_CM3.lib(rt_task.o)
    0x200000e8   0x00000010   Data   RW         2435    .data               USB_CM3_L.lib(usbd_lib_core.o)
    0x200000f8   0x00000017   Data   RW         2610    .data               USB_CM3_L.lib(usbd_lib_cdc.o)
    0x2000010f   0x00000001   PAD
    0x20000110   0x00000008   Data   RW         2706    .data               RTX_CM3.lib(rt_system.o)
    0x20000118   0x00000004   Data   RW         2996    .data               RTX_CM3.lib(rt_time.o)
    0x2000011c   0x00000008   Data   RW         3027    .data               RTX_CM3.lib(rt_robin.o)
    0x20000124   0x00000001   Data   RW         3106    .data               RTX_CM3.lib(hal_cm.o)
    0x20000125   0x00000003   PAD
    0x20000128   0x00000004   Data   RW         3307    .data               c_w.l(stdio_streams.o)
    0x2000012c   0x00000004   Data   RW         3308    .data               c_w.l(stdio_streams.o)
    0x20000130   0x00000004   Data   RW         3309    .data               c_w.l(stdio_streams.o)
    0x20000134   0x00000004   Data   RW         3418    .data               c_w.l(streamlock.o)
    0x20000138   0x00002708   Zero   RW          317    .bss                rtx_conf_cm.o
    0x20002840   0x00000028   Zero   RW          394    .bss                spi_stm32f10x.o
    0x20002868   0x00000168   Zero   RW          553    .bss                usbd_stm32f10x.o
    0x200029d0   0x00000010   PAD
    0x200029e0   0x00000726   Zero   RW         1179    .bss                usbd_config_0.o
    0x20003106   0x00000002   PAD
    0x20003108   0x00000034   Zero   RW         2290    .bss                RTX_CM3.lib(rt_task.o)
    0x2000313c   0x00000030   Zero   RW         2836    .bss                RTX_CM3.lib(rt_list.o)
    0x2000316c   0x00000060   Zero   RW         3213    .bss                c_w.l(libspace.o)
    0x200031cc   0x00000054   Zero   RW         3304    .bss                c_w.l(stdio_streams.o)
    0x20003220   0x00000054   Zero   RW         3305    .bss                c_w.l(stdio_streams.o)
    0x20003274   0x00000054   Zero   RW         3306    .bss                c_w.l(stdio_streams.o)
    0x200032c8   0x00000200   Zero   RW         1041    HEAP                startup_stm32f10x_md.o
    0x200034c8   0x00000400   Zero   RW         1040    STACK               startup_stm32f10x_md.o


==============================================================================

Image component sizes


      Code (inc. data)   RO Data    RW Data    ZI Data      Debug   Object Name

       210         30          0          0          0       7259   dma_stm32f10x.o
       744         76          0          0          0       3357   gpio_stm32f10x.o
       124         12          0          4          0     236018   main.o
       964        152          0          0          0       6547   radio.o
       418         30         23          0          0       6946   retarget_io.o
       214         48        104         20       9992      10287   rtx_conf_cm.o
      3030        104        132          0         40      45928   spi_stm32f10x.o
        64         26        236          0       1536        808   startup_stm32f10x_md.o
       328         28          0          0          0       1949   system_stm32f10x.o
       212         30         16          4          0      26988   thread_led.o
      1048         54        671        148       1830      64814   usbd_config_0.o
      2940        306        112         32        360      26103   usbd_stm32f10x.o
       556        350          0          7          0       5868   usbd_user_cdc_acm_0.o

    ----------------------------------------------------------------------
     10884       1246       1327        216      13776     442872   Object Totals
         0          0         32          0          0          0   (incl. Generated)
        32          0          1          1         18          0   (incl. Padding)

    ----------------------------------------------------------------------

      Code (inc. data)   RO Data    RW Data    ZI Data      Debug   Library Member Name

       238         24          0          1          0       3268   hal_cm.o
       304         36          0          0          0        760   hal_cm3.o
      1688        190          0          8          0      42794   rt_cmsis.o
       272         18          0          0          0       2618   rt_event.o
       530         34          0          0         48       8169   rt_list.o
       554         10          0          0          0       3901   rt_mailbox.o
       140          0          0          0          0       1901   rt_membox.o
       128          0          0          0          0       2275   rt_memory.o
       352         14          0          0          0       2085   rt_mutex.o
        96         22          0          8          0       1134   rt_robin.o
       278         18          0          0          0       3494   rt_semaphore.o
       298         52          0          8          0       6151   rt_system.o
      1216        174          0          8         52       9565   rt_task.o
         6          0          0          4          0        644   rt_time.o
         4          4          0          0          0        200   svc_table.o
         0          0          4          0          0          0   usb_lib_ver.o
      3380        316          0         23          0       3220   usbd_lib_cdc.o
      4090        238          0         16          0       1652   usbd_lib_core.o
      1080         42          0          0          0        204   usbd_lib_core_cdc.o
       276         54          0          0          0        324   usbd_lib_core_device.o
      1756        154          0          0          0       1276   usbd_lib_drv.o
        90          0          0          0          0          0   __dczerorl2.o
         8          0          0          0          0         68   __main.o
       284          0          0          0          0        156   __printf_wp.o
         0          0          0          0          0          0   __rtentry.o
        20          0          0          0          0          0   __rtentry2.o
         6          0          0          0          0          0   __rtentry4.o
        52          8          0          0          0          0   __scatter.o
        28          0          0          0          0          0   __scatter_zi.o
        44          0          0          0          0        108   _printf_char.o
        48          6          0          0          0         96   _printf_char_common.o
        64          6          0          0          0         84   _printf_char_file_locked.o
         6          0          0          0          0          0   _printf_d.o
       120         16          0          0          0         92   _printf_dec.o
        88          4         40          0          0         88   _printf_hex_int.o
       178          0          0          0          0         88   _printf_intcommon.o
        78          0          0          0          0        108   _printf_pad.o
         0          0          0          0          0          0   _printf_percent.o
         4          0          0          0          0          0   _printf_percent_end.o
         6          0          0          0          0          0   _printf_s.o
        82          0          0          0          0         80   _printf_str.o
         6          0          0          0          0          0   _printf_x.o
        10          0          0          0          0         68   defsig_exit.o
        50          0          0          0          0         88   defsig_general.o
        80         58          0          0          0         76   defsig_rtmem_inner.o
        14          0          0          0          0         80   defsig_rtmem_outer.o
        52         38          0          0          0         76   defsig_rtred_inner.o
        14          0          0          0          0         80   defsig_rtred_outer.o
        18          0          0          0          0         80   exit.o
        76          0          0          0          0         88   fclose.o
       470          0          0          0          0         88   flsbuf.o
       324          8          0          0          0        152   fopen_locked.o
        26          0          0          0          0         68   fputc.o
       248          6          0          0          0         84   fseek.o
        66          0          0          0          0         76   ftell.o
       158          0          0          0          0        128   h1_alloc_mt.o
        62          0          0          0          0         80   h1_extend_mt.o
       118          0          0          0          0        108   h1_free_mt.o
        18          0          0          0          0         84   h1_init_mt.o
         6          0          0          0          0        152   heapauxi.o
         4          0          0          0          0        136   hguard.o
         0          0          0          0          0          0   indicate_semi.o
       138          0          0          0          0        168   init_alloc.o
       456         48          0          0          0        116   initio_locked.o
         2          0          0          0          0          0   libinit.o
        14          0          0          0          0          0   libinit2.o
         2          0          0          0          0          0   libshutdown.o
         6          0          0          0          0          0   libshutdown2.o
         8          4          0          0         96         68   libspace.o
         0          0          0          0          0          0   maybetermalloc1.o
        24          4          0          0          0         84   noretval__2printf.o
         4          0          0          0          0         68   rt_errno_addr_twolibspace.o
        10          0          0          0          0         76   rt_heap_descriptor_twolibspace.o
        68          0          0          0          0         68   rt_memclr.o
        78          0          0          0          0         80   rt_memclr_w.o
       138          0          0          0          0         68   rt_memcpy_v6.o
       100          0          0          0          0         80   rt_memcpy_w.o
         2          0          0          0          0          0   rtexit.o
        10          0          0          0          0          0   rtexit2.o
       104          0          0          0          0         88   setvbuf_locked.o
       240          6          0          0          0        156   stdio.o
         0          0          0         12        252          0   stdio_streams.o
       128          0          0          0          0         68   strcmpv7m.o
         0          0          0          4          0          0   streamlock.o
        12          4          0          0          0         68   sys_exit.o
        74          0          0          0          0         80   sys_stackheap_outer.o
        14          0          0          0          0         76   sys_wrch.o
         2          0          0          0          0         68   use_no_semi.o

    ----------------------------------------------------------------------
     21380       1616         45         96        448      99875   Library Totals
        34          0          1          4          0          0   (incl. Padding)

    ----------------------------------------------------------------------

      Code (inc. data)   RO Data    RW Data    ZI Data      Debug   Library Name

      6104        596          0         37        100      88959   RTX_CM3.lib
     10582        804          4         39          0       6676   USB_CM3_L.lib
      4660        216         40         16        348       4240   c_w.l

    ----------------------------------------------------------------------
     21380       1616         45         96        448      99875   Library Totals

    ----------------------------------------------------------------------

==============================================================================


      Code (inc. data)   RO Data    RW Data    ZI Data      Debug   

     32264       2862       1372        312      14224     522775   Grand Totals
     32264       2862       1372         56      14224     522775   ELF Image Totals (compressed)
     32264       2862       1372         56          0          0   ROM Totals

==============================================================================

    Total RO  Size (Code + RO Data)                33636 (  32.85kB)
    Total RW  Size (RW Data + ZI Data)             14536 (  14.20kB)
    Total ROM Size (Code + RO Data + RW Data)      33692 (  32.90kB)

==============================================================================

